Archive member included because of file (symbol)

libm_pic.a(nanl.pico)         (--whole-archive)
libm_pic.a(nanf.pico)         (--whole-archive)
libm_pic.a(nan.pico)          (--whole-archive)
libm_pic.a(divxc3.pico)       (--whole-archive)
libm_pic.a(divsc3.pico)       (--whole-archive)
libm_pic.a(divdc3.pico)       (--whole-archive)
libm_pic.a(catanhl.pico)      (--whole-archive)
libm_pic.a(catanhf.pico)      (--whole-archive)
libm_pic.a(catanh.pico)       (--whole-archive)
libm_pic.a(ctanhl.pico)       (--whole-archive)
libm_pic.a(ctanhf.pico)       (--whole-archive)
libm_pic.a(ctanh.pico)        (--whole-archive)
libm_pic.a(ctanl.pico)        (--whole-archive)
libm_pic.a(ctanf.pico)        (--whole-archive)
libm_pic.a(ctan.pico)         (--whole-archive)
libm_pic.a(csinhl.pico)       (--whole-archive)
libm_pic.a(csinhf.pico)       (--whole-archive)
libm_pic.a(csinh.pico)        (--whole-archive)
libm_pic.a(csinl.pico)        (--whole-archive)
libm_pic.a(csinf.pico)        (--whole-archive)
libm_pic.a(csin.pico)         (--whole-archive)
libm_pic.a(creall.pico)       (--whole-archive)
libm_pic.a(crealf.pico)       (--whole-archive)
libm_pic.a(creal.pico)        (--whole-archive)
libm_pic.a(cimagl.pico)       (--whole-archive)
libm_pic.a(cimagf.pico)       (--whole-archive)
libm_pic.a(cimag.pico)        (--whole-archive)
libm_pic.a(cprojl.pico)       (--whole-archive)
libm_pic.a(cprojf.pico)       (--whole-archive)
libm_pic.a(cproj.pico)        (--whole-archive)
libm_pic.a(cpowl.pico)        (--whole-archive)
libm_pic.a(cpowf.pico)        (--whole-archive)
libm_pic.a(cpow.pico)         (--whole-archive)
libm_pic.a(conjl.pico)        (--whole-archive)
libm_pic.a(conjf.pico)        (--whole-archive)
libm_pic.a(conj.pico)         (--whole-archive)
libm_pic.a(cexpl.pico)        (--whole-archive)
libm_pic.a(cexpf.pico)        (--whole-archive)
libm_pic.a(cexp.pico)         (--whole-archive)
libm_pic.a(ccoshl.pico)       (--whole-archive)
libm_pic.a(ccoshf.pico)       (--whole-archive)
libm_pic.a(ccosh.pico)        (--whole-archive)
libm_pic.a(ccosl.pico)        (--whole-archive)
libm_pic.a(ccosf.pico)        (--whole-archive)
libm_pic.a(ccos.pico)         (--whole-archive)
libm_pic.a(catanl.pico)       (--whole-archive)
libm_pic.a(catanf.pico)       (--whole-archive)
libm_pic.a(catan.pico)        (--whole-archive)
libm_pic.a(casinhl.pico)      (--whole-archive)
libm_pic.a(casinhf.pico)      (--whole-archive)
libm_pic.a(casinh.pico)       (--whole-archive)
libm_pic.a(cargl.pico)        (--whole-archive)
libm_pic.a(cargf.pico)        (--whole-archive)
libm_pic.a(carg.pico)         (--whole-archive)
libm_pic.a(cacoshl.pico)      (--whole-archive)
libm_pic.a(cacoshf.pico)      (--whole-archive)
libm_pic.a(cacosh.pico)       (--whole-archive)
libm_pic.a(cacosl.pico)       (--whole-archive)
libm_pic.a(cacosf.pico)       (--whole-archive)
libm_pic.a(cacos.pico)        (--whole-archive)
libm_pic.a(compat_cabsf.pico)
                              (--whole-archive)
libm_pic.a(compat_cabs.pico)  (--whole-archive)
libm_pic.a(s_fdim.pico)       (--whole-archive)
libm_pic.a(s_fminl.pico)      (--whole-archive)
libm_pic.a(s_fminf.pico)      (--whole-archive)
libm_pic.a(s_fmin.pico)       (--whole-archive)
libm_pic.a(s_fmaxl.pico)      (--whole-archive)
libm_pic.a(s_fmaxf.pico)      (--whole-archive)
libm_pic.a(s_fmax.pico)       (--whole-archive)
libm_pic.a(s_modf.pico)       (--whole-archive)
libm_pic.a(llroundf.pico)     (--whole-archive)
libm_pic.a(llround.pico)      (--whole-archive)
libm_pic.a(lroundf.pico)      (--whole-archive)
libm_pic.a(lround.pico)       (--whole-archive)
libm_pic.a(llrintf.pico)      (--whole-archive)
libm_pic.a(llrint.pico)       (--whole-archive)
libm_pic.a(lrintf.pico)       (--whole-archive)
libm_pic.a(lrint.pico)        (--whole-archive)
libm_pic.a(w_sqrtf.pico)      (--whole-archive)
libm_pic.a(w_sqrt.pico)       (--whole-archive)
libm_pic.a(w_scalbf.pico)     (--whole-archive)
libm_pic.a(w_powf.pico)       (--whole-archive)
libm_pic.a(w_log2f.pico)      (--whole-archive)
libm_pic.a(w_log2.pico)       (--whole-archive)
libm_pic.a(w_log10f.pico)     (--whole-archive)
libm_pic.a(w_lgammaf_r.pico)  (--whole-archive)
libm_pic.a(w_lgammaf.pico)    (--whole-archive)
libm_pic.a(w_lgamma_r.pico)   (--whole-archive)
libm_pic.a(w_lgamma.pico)     (--whole-archive)
libm_pic.a(w_jnf.pico)        (--whole-archive)
libm_pic.a(w_jn.pico)         (--whole-archive)
libm_pic.a(w_j1f.pico)        (--whole-archive)
libm_pic.a(w_j1.pico)         (--whole-archive)
libm_pic.a(w_j0f.pico)        (--whole-archive)
libm_pic.a(w_j0.pico)         (--whole-archive)
libm_pic.a(w_gammaf_r.pico)   (--whole-archive)
libm_pic.a(w_gammaf.pico)     (--whole-archive)
libm_pic.a(w_gamma_r.pico)    (--whole-archive)
libm_pic.a(w_gamma.pico)      (--whole-archive)
libm_pic.a(w_fmodl.pico)      (--whole-archive)
libm_pic.a(w_fmodf.pico)      (--whole-archive)
libm_pic.a(w_fmod.pico)       (--whole-archive)
[...]
Memory Configuration

Name             Origin             Length             Attributes
*default*        0x00000000         0xffffffff

Linker script and memory map

LOAD /usr/lib/crti.o
LOAD /usr/lib/crtbeginS.o
LOAD libm_pic.a
LOAD /usr/lib/libc.so
LOAD /usr/lib/crtendS.o
LOAD /usr/lib/crtn.o
                0x000000f4                . = (0x0 + SIZEOF_HEADERS)

.note.gnu.build-id
 *(.note.gnu.build-id)

.hash           0x000000f4      0xb04
 *(.hash)
 .hash          0x000000f4      0xb04 /usr/lib/crti.o

.gnu.hash
 *(.gnu.hash)

.dynsym         0x00000bf8     0x1b80
 *(.dynsym)
 .dynsym        0x00000bf8     0x1b80 /usr/lib/crti.o

.dynstr         0x00002778      0xb32
 *(.dynstr)
 .dynstr        0x00002778      0xb32 /usr/lib/crti.o

.gnu.version    0x000032aa        0x0
 *(.gnu.version)
 .gnu.version   0x00000000        0x0 /usr/lib/crti.o

.gnu.version_d  0x000032ac        0x0
 *(.gnu.version_d)
 .gnu.version_d
                0x00000000        0x0 /usr/lib/crti.o

.gnu.version_r  0x000032ac        0x0
 *(.gnu.version_r)
 .gnu.version_r
                0x00000000        0x0 /usr/lib/crti.o

.rel.dyn        0x000032ac       0x70
 *(.rel.init)
 *(.rel.text .rel.text.* .rel.gnu.linkonce.t.*)
 *(.rel.fini)
 *(.rel.rodata .rel.rodata.* .rel.gnu.linkonce.r.*)
 *(.rel.data.rel.ro .rel.data.rel.ro.* .rel.gnu.linkonce.d.rel.ro.*)
 *(.rel.data .rel.data.* .rel.gnu.linkonce.d.*)
 .rel.data.rel  0x000032ac        0x8 /usr/lib/crti.o
 *(.rel.tdata .rel.tdata.* .rel.gnu.linkonce.td.*)
 *(.rel.tbss .rel.tbss.* .rel.gnu.linkonce.tb.*)
 *(.rel.ctors)
 .rel.ctors     0x000032b4        0x8 /usr/lib/crti.o
 *(.rel.dtors)
 *(.rel.got)
 .rel.got       0x000032bc       0x60 /usr/lib/crti.o
 *(.rel.bss .rel.bss.* .rel.gnu.linkonce.b.*)
 *(.rel.ifunc)
 .rel.ifunc     0x00000000        0x0 /usr/lib/crti.o

.rel.plt        0x0000331c      0x650
 *(.rel.plt)
 .rel.plt       0x0000331c      0x650 /usr/lib/crti.o
 *(.rel.iplt)

.init           0x00003970        0xa
 *(SORT(.init))
 .init          0x00003970        0x3 /usr/lib/crti.o
                0x00003970                _init
 .init          0x00003973        0x5 /usr/lib/crtbeginS.o
 .init          0x00003978        0x2 /usr/lib/crtn.o

.plt            0x00003980      0xcb0
 *(.plt)
 .plt           0x00003980      0xcb0 /usr/lib/crti.o
 *(.iplt)

.text           0x00004630    0x1763c
                0x00004630                PROVIDE (__eprol, .)
 *(.text)
 .text          0x00004630        0x0 /usr/lib/crti.o
 .text          0x00004630       0xef /usr/lib/crtbeginS.o
 *fill*         0x0000471f        0x1 
 .text          0x00004720       0x9a libm_pic.a(nanl.pico)
                0x00004720                nanl
 *fill*         0x000047ba        0x6 
 .text          0x000047c0       0x9a libm_pic.a(nanf.pico)
                0x000047c0                nanf
 *fill*         0x0000485a        0x6 
 .text          0x00004860       0x9a libm_pic.a(nan.pico)
                0x00004860                nan
 *fill*         0x000048fa        0x6 
 .text          0x00004900      0x419 libm_pic.a(divxc3.pico)
                0x00004900                __divxc3
 *fill*         0x00004d19        0x7 
 .text          0x00004d20      0x3af libm_pic.a(divsc3.pico)
                0x00004d20                __divsc3
 *fill*         0x000050cf        0x1 
 .text          0x000050d0      0x3d3 libm_pic.a(divdc3.pico)
                0x000050d0                __divdc3
 *fill*         0x000054a3        0xd 
 .text          0x000054b0      0x179 libm_pic.a(catanhl.pico)
                0x000054b0                catanhl
 *fill*         0x00005629        0x7 
 .text          0x00005630      0x134 libm_pic.a(catanhf.pico)
                0x00005630                catanhf
 *fill*         0x00005764        0xc 
 .text          0x00005770      0x169 libm_pic.a(catanh.pico)
                0x00005770                catanh
 *fill*         0x000058d9        0x7 
 .text          0x000058e0       0x86 libm_pic.a(ctanhl.pico)
                0x000058e0                ctanhl
 *fill*         0x00005966        0xa 
 .text          0x00005970       0x82 libm_pic.a(ctanhf.pico)
                0x00005970                ctanhf
 *fill*         0x000059f2        0xe 
 .text          0x00005a00       0x82 libm_pic.a(ctanh.pico)
                0x00005a00                ctanh
 *fill*         0x00005a82        0xe 
 .text          0x00005a90      0x112 libm_pic.a(ctanl.pico)
                0x00005a90                ctanl
 *fill*         0x00005ba2        0xe 
 .text          0x00005bb0       0xf2 libm_pic.a(ctanf.pico)
                0x00005bb0                ctanf
 *fill*         0x00005ca2        0xe 
 .text          0x00005cb0       0xfa libm_pic.a(ctan.pico)
                0x00005cb0                ctan
 *fill*         0x00005daa        0x6 
 .text          0x00005db0       0x78 libm_pic.a(csinhl.pico)
                0x00005db0                csinhl
 *fill*         0x00005e28        0x8 
 .text          0x00005e30       0x76 libm_pic.a(csinhf.pico)
                0x00005e30                csinhf
 *fill*         0x00005ea6        0xa 
 .text          0x00005eb0       0x76 libm_pic.a(csinh.pico)
                0x00005eb0                csinh
 *fill*         0x00005f26        0xa 
 .text          0x00005f30       0x6f libm_pic.a(csinl.pico)
                0x00005f30                csinl
 *fill*         0x00005f9f        0x1 
 .text          0x00005fa0       0x69 libm_pic.a(csinf.pico)
                0x00005fa0                csinf
 *fill*         0x00006009        0x7 
 .text          0x00006010       0x74 libm_pic.a(csin.pico)
                0x00006010                csin
 *fill*         0x00006084        0xc 
 .text          0x00006090        0x8 libm_pic.a(creall.pico)
                0x00006090                creall
 *fill*         0x00006098        0x8 
 .text          0x000060a0        0x8 libm_pic.a(crealf.pico)
                0x000060a0                crealf
 *fill*         0x000060a8        0x8 
 .text          0x000060b0        0x8 libm_pic.a(creal.pico)
                0x000060b0                creal
 *fill*         0x000060b8        0x8 
 .text          0x000060c0        0x8 libm_pic.a(cimagl.pico)
                0x000060c0                cimagl
 *fill*         0x000060c8        0x8 
 .text          0x000060d0        0x8 libm_pic.a(cimagf.pico)
                0x000060d0                cimagf
 *fill*         0x000060d8        0x8 
 .text          0x000060e0        0x8 libm_pic.a(cimag.pico)
                0x000060e0                cimag
 *fill*         0x000060e8        0x8 
 .text          0x000060f0       0x7d libm_pic.a(cprojl.pico)
                0x000060f0                cprojl
 *fill*         0x0000616d        0x3 
 .text          0x00006170       0x74 libm_pic.a(cprojf.pico)
                0x00006170                cprojf
 *fill*         0x000061e4        0xc 
 .text          0x000061f0       0x7f libm_pic.a(cproj.pico)
                0x000061f0                cproj
 *fill*         0x0000626f        0x1 
 .text          0x00006270      0x1c4 libm_pic.a(cpowl.pico)
                0x00006270                cpowl
 *fill*         0x00006434        0xc 
 .text          0x00006440      0x174 libm_pic.a(cpowf.pico)
                0x00006440                cpowf
 *fill*         0x000065b4        0xc 
 .text          0x000065c0      0x193 libm_pic.a(cpow.pico)
                0x000065c0                cpow
 *fill*         0x00006753        0xd 
 .text          0x00006760       0x19 libm_pic.a(conjl.pico)
                0x00006760                conjl
 *fill*         0x00006779        0x7 
 .text          0x00006780       0x10 libm_pic.a(conjf.pico)
                0x00006780                conjf
 .text          0x00006790       0x19 libm_pic.a(conj.pico)
                0x00006790                conj
 *fill*         0x000067a9        0x7 
 .text          0x000067b0       0x65 libm_pic.a(cexpl.pico)
                0x000067b0                cexpl
 *fill*         0x00006815        0xb 
 .text          0x00006820       0x65 libm_pic.a(cexpf.pico)
                0x00006820                cexpf
 *fill*         0x00006885        0xb 
 .text          0x00006890       0x65 libm_pic.a(cexp.pico)
                0x00006890                cexp
 *fill*         0x000068f5        0xb 
 .text          0x00006900       0x78 libm_pic.a(ccoshl.pico)
                0x00006900                ccoshl
 *fill*         0x00006978        0x8 
 .text          0x00006980       0x76 libm_pic.a(ccoshf.pico)
                0x00006980                ccoshf
 *fill*         0x000069f6        0xa 
 .text          0x00006a00       0x76 libm_pic.a(ccosh.pico)
                0x00006a00                ccosh
 *fill*         0x00006a76        0xa 
 .text          0x00006a80       0x77 libm_pic.a(ccosl.pico)
                0x00006a80                ccosl
 *fill*         0x00006af7        0x9 
 .text          0x00006b00       0x72 libm_pic.a(ccosf.pico)
                0x00006b00                ccosf
 *fill*         0x00006b72        0xe 
 .text          0x00006b80       0x7c libm_pic.a(ccos.pico)
                0x00006b80                ccos
 *fill*         0x00006bfc        0x4 
 .text          0x00006c00      0x11f libm_pic.a(catanl.pico)
                0x00006c00                _catanl
                0x00006c00                catanl
 *fill*         0x00006d1f        0x1 
 .text          0x00006d20      0x127 libm_pic.a(catanf.pico)
                0x00006d20                _catanf
                0x00006d20                catanf
 *fill*         0x00006e47        0x9 
 .text          0x00006e50      0x131 libm_pic.a(catan.pico)
                0x00006e50                catan
                0x00006e50                _catan
 *fill*         0x00006f81        0xf 
 .text          0x00006f90      0x179 libm_pic.a(casinhl.pico)
                0x00006f90                casinhl
 *fill*         0x00007109        0x7 
 .text          0x00007110      0x134 libm_pic.a(casinhf.pico)
                0x00007110                casinhf
 *fill*         0x00007244        0xc 
 .text          0x00007250      0x169 libm_pic.a(casinh.pico)
                0x00007250                casinh
 *fill*         0x000073b9        0x7 
 .text          0x000073c0       0x2b libm_pic.a(cargl.pico)
                0x000073c0                cargl
 *fill*         0x000073eb        0x5 
 .text          0x000073f0       0x2b libm_pic.a(cargf.pico)
                0x000073f0                cargf
 *fill*         0x0000741b        0x5 
 .text          0x00007420       0x2b libm_pic.a(carg.pico)
                0x00007420                carg
 *fill*         0x0000744b        0x5 
 .text          0x00007450      0x233 libm_pic.a(cacoshl.pico)
                0x00007450                cacoshl
 *fill*         0x00007683        0xd 
 .text          0x00007690      0x14a libm_pic.a(cacoshf.pico)
                0x00007690                cacoshf
 *fill*         0x000077da        0x6 
 .text          0x000077e0      0x1d4 libm_pic.a(cacosh.pico)
                0x000077e0                cacosh
 *fill*         0x000079b4        0xc 
 .text          0x000079c0       0x93 libm_pic.a(cacosl.pico)
                0x000079c0                cacosl
 *fill*         0x00007a53        0xd 
 .text          0x00007a60       0x6a libm_pic.a(cacosf.pico)
                0x00007a60                cacosf
 *fill*         0x00007aca        0x6 
 .text          0x00007ad0       0x83 libm_pic.a(cacos.pico)
                0x00007ad0                cacos
 *fill*         0x00007b53        0xd 
 .text          0x00007b60       0x18 libm_pic.a(compat_cabsf.pico)
                0x00007b60                cabsf
 *fill*         0x00007b78        0x8 
 .text          0x00007b80       0x18 libm_pic.a(compat_cabs.pico)
                0x00007b80                cabs
 *fill*         0x00007b98        0x8 
 .text          0x00007ba0      0x13e libm_pic.a(s_fdim.pico)
                0x00007ba0                fdim
                0x00007c00                fdimf
                0x00007c70                fdiml
 *fill*         0x00007cde        0x2 
 .text          0x00007ce0       0x8d libm_pic.a(s_fminl.pico)
                0x00007ce0                fminl
 *fill*         0x00007d6d        0x3 
 .text          0x00007d70       0x8d libm_pic.a(s_fminf.pico)
                0x00007d70                fminf
 *fill*         0x00007dfd        0x3 
 .text          0x00007e00       0x92 libm_pic.a(s_fmin.pico)
                0x00007e00                fmin
 *fill*         0x00007e92        0xe 
 .text          0x00007ea0       0x89 libm_pic.a(s_fmaxl.pico)
                0x00007ea0                fmaxl
 *fill*         0x00007f29        0x7 
 .text          0x00007f30       0x93 libm_pic.a(s_fmaxf.pico)
                0x00007f30                fmaxf
 *fill*         0x00007fc3        0xd 
 .text          0x00007fd0       0x96 libm_pic.a(s_fmax.pico)
                0x00007fd0                fmax
 *fill*         0x00008066        0xa 
 .text          0x00008070      0x10b libm_pic.a(s_modf.pico)
                0x00008070                modf
 *fill*         0x0000817b        0x5 
 .text          0x00008180       0xef libm_pic.a(llroundf.pico)
                0x00008180                llroundf
 *fill*         0x0000826f        0x1 
 .text          0x00008270      0x168 libm_pic.a(llround.pico)
                0x00008270                llround
 *fill*         0x000083d8        0x8 
 .text          0x000083e0       0xa7 libm_pic.a(lroundf.pico)
                0x000083e0                lroundf
 *fill*         0x00008487        0x9 
 .text          0x00008490       0xe5 libm_pic.a(lround.pico)
                0x00008490                lround
 *fill*         0x00008575        0xb 
 .text          0x00008580      0x12c libm_pic.a(llrintf.pico)
                0x00008580                llrintf
 *fill*         0x000086ac        0x4 
 .text          0x000086b0      0x19c libm_pic.a(llrint.pico)
                0x000086b0                llrint
 *fill*         0x0000884c        0x4 
 .text          0x00008850       0xd0 libm_pic.a(lrintf.pico)
                0x00008850                lrintf
 .text          0x00008920       0x11 libm_pic.a(lrint.pico)
                0x00008920                lrint
 *fill*         0x00008931        0xf 
 .text          0x00008940       0x80 libm_pic.a(w_sqrtf.pico)
                0x00008940                sqrtf
 .text          0x000089c0       0x71 libm_pic.a(w_sqrt.pico)
                0x000089c0                sqrt
 *fill*         0x00008a31        0xf 
 .text          0x00008a40       0xf4 libm_pic.a(w_scalbf.pico)
                0x00008a40                scalbf
 *fill*         0x00008b34        0xc 
 .text          0x00008b40      0x25e libm_pic.a(w_powf.pico)
                0x00008b40                powf
 *fill*         0x00008d9e        0x2 
 .text          0x00008da0       0xaf libm_pic.a(w_log2f.pico)
                0x00008da0                log2f
 *fill*         0x00008e4f        0x1 
 .text          0x00008e50       0x93 libm_pic.a(w_log2.pico)
                0x00008e50                log2
 *fill*         0x00008ee3        0xd 
 .text          0x00008ef0       0xaf libm_pic.a(w_log10f.pico)
                0x00008ef0                log10f
 *fill*         0x00008f9f        0x1 
 .text          0x00008fa0       0xc7 libm_pic.a(w_lgammaf_r.pico)
                0x00008fa0                lgammaf_r
 *fill*         0x00009067        0x9 
 .text          0x00009070       0xca libm_pic.a(w_lgammaf.pico)
                0x00009070                lgammaf
 *fill*         0x0000913a        0x6 
 .text          0x00009140       0xb0 libm_pic.a(w_lgamma_r.pico)
                0x00009140                lgamma_r
 .text          0x000091f0       0xb3 libm_pic.a(w_lgamma.pico)
                0x000091f0                lgamma
 *fill*         0x000092a3        0xd 
 .text          0x000092b0      0x184 libm_pic.a(w_jnf.pico)
                0x000092b0                jnf
                0x00009340                ynf
 *fill*         0x00009434        0xc 
 .text          0x00009440      0x150 libm_pic.a(w_jn.pico)
                0x00009440                jn
                0x000094c0                yn
 .text          0x00009590      0x15a libm_pic.a(w_j1f.pico)
                0x00009590                j1f
                0x00009610                y1f
 *fill*         0x000096ea        0x6 
 .text          0x000096f0      0x139 libm_pic.a(w_j1.pico)
                0x000096f0                j1
                0x00009770                y1
 *fill*         0x00009829        0x7 
 .text          0x00009830      0x15a libm_pic.a(w_j0f.pico)
                0x00009830                j0f
                0x000098b0                y0f
 *fill*         0x0000998a        0x6 
 .text          0x00009990      0x139 libm_pic.a(w_j0.pico)
                0x00009990                j0
                0x00009a10                y0
 *fill*         0x00009ac9        0x7 
 .text          0x00009ad0       0xc7 libm_pic.a(w_gammaf_r.pico)
                0x00009ad0                gammaf_r
 *fill*         0x00009b97        0x9 
 .text          0x00009ba0       0xca libm_pic.a(w_gammaf.pico)
                0x00009ba0                gammaf
 *fill*         0x00009c6a        0x6 
 .text          0x00009c70       0xb0 libm_pic.a(w_gamma_r.pico)
                0x00009c70                gamma_r
 .text          0x00009d20       0xb3 libm_pic.a(w_gamma.pico)
                0x00009d20                gamma
 *fill*         0x00009dd3        0xd 
 .text          0x00009de0       0x9c libm_pic.a(w_fmodl.pico)
                0x00009de0                fmodl
                0x00009de0                _fmodl
 *fill*         0x00009e7c        0x4 
 .text          0x00009e80       0x9e libm_pic.a(w_fmodf.pico)
                0x00009e80                fmodf
 *fill*         0x00009f1e        0x2 
 .text          0x00009f20       0x8e libm_pic.a(w_fmod.pico)
                0x00009f20                fmod
 *fill*         0x00009fae        0x2 
 .text          0x00009fb0       0x18 libm_pic.a(w_dremf.pico)
                0x00009fb0                dremf
 *fill*         0x00009fc8        0x8 
 .text          0x00009fd0       0x18 libm_pic.a(w_drem.pico)
                0x00009fd0                drem
 *fill*         0x00009fe8        0x8 
 .text          0x00009ff0       0xaf libm_pic.a(w_atanhf.pico)
                0x00009ff0                atanhf
 *fill*         0x0000a09f        0x1 
 .text          0x0000a0a0       0x7b libm_pic.a(w_asinf.pico)
                0x0000a0a0                _asinf
                0x0000a0a0                asinf
 *fill*         0x0000a11b        0x5 
 .text          0x0000a120       0x80 libm_pic.a(w_acoshf.pico)
                0x0000a120                acoshf
 .text          0x0000a1a0       0x7b libm_pic.a(w_acosf.pico)
                0x0000a1a0                acosf
 *fill*         0x0000a21b        0x5 
 .text          0x0000a220      0x15c libm_pic.a(s_truncl.pico)
                0x0000a220                _truncl
                0x0000a220                truncl
 *fill*         0x0000a37c        0x4 
 .text          0x0000a380       0x82 libm_pic.a(s_truncf.pico)
                0x0000a380                truncf
 *fill*         0x0000a402        0xe 
 .text          0x0000a410       0xd2 libm_pic.a(s_trunc.pico)
                0x0000a410                trunc
 *fill*         0x0000a4e2        0xe 
 .text          0x0000a4f0       0x2a libm_pic.a(s_tgammaf.pico)
                0x0000a4f0                tgammaf
 *fill*         0x0000a51a        0x6 
 .text          0x0000a520       0xa9 libm_pic.a(s_tanhf.pico)
                0x0000a520                tanhf
 *fill*         0x0000a5c9        0x7 
 .text          0x0000a5d0        0x9 libm_pic.a(s_tanf.pico)
                0x0000a5d0                tanf
 *fill*         0x0000a5d9        0x7 
 .text          0x0000a5e0        0x9 libm_pic.a(s_significandf.pico)
                0x0000a5e0                significandf
 *fill*         0x0000a5e9        0x7 
 .text          0x0000a5f0        0x9 libm_pic.a(s_significand.pico)
                0x0000a5f0                significand
 *fill*         0x0000a5f9        0x3 
 .text          0x0000a5fc        0x0 libm_pic.a(s_signgam.pico)
 *fill*         0x0000a5fc        0x4 
 .text          0x0000a600        0xd libm_pic.a(s_scalbnl.pico)
                0x0000a600                _scalblnl
                0x0000a600                ldexpl
                0x0000a600                scalbnl
                0x0000a600                _scalbnl
                0x0000a600                scalblnl
 *fill*         0x0000a60d        0x3 
 .text          0x0000a610       0x96 libm_pic.a(s_roundl.pico)
                0x0000a610                roundl
                0x0000a610                _roundl
 *fill*         0x0000a6a6        0xa 
 .text          0x0000a6b0       0x95 libm_pic.a(s_roundf.pico)
                0x0000a6b0                roundf
 *fill*         0x0000a745        0xb 
 .text          0x0000a750       0x8f libm_pic.a(s_round.pico)
                0x0000a750                round
 *fill*         0x0000a7df        0x1 
 .text          0x0000a7e0      0x29c libm_pic.a(s_remquof.pico)
                0x0000a7e0                remquof
 *fill*         0x0000aa7c        0x4 
 .text          0x0000aa80      0x42e libm_pic.a(s_remquo.pico)
                0x0000aa80                remquo
 *fill*         0x0000aeae        0x2 
 .text          0x0000aeb0       0xb7 libm_pic.a(s_nextafterf.pico)
                0x0000aeb0                nextafterf
 *fill*         0x0000af67        0x9 
 .text          0x0000af70      0x10d libm_pic.a(s_modfl.pico)
                0x0000af70                _modfl
                0x0000af70                modfl
 *fill*         0x0000b07d        0x3 
 .text          0x0000b080       0x7c libm_pic.a(s_modff.pico)
                0x0000b080                modff
 *fill*         0x0000b0fc        0x4 
 .text          0x0000b100        0x9 libm_pic.a(s_logbl.pico)
                0x0000b100                logbl
 *fill*         0x0000b109        0x7 
 .text          0x0000b110        0x9 libm_pic.a(s_logbf.pico)
                0x0000b110                logbf
 *fill*         0x0000b119        0x7 
 .text          0x0000b120       0x18 libm_pic.a(s_isinff.pico)
                0x0000b120                isinff
 *fill*         0x0000b138        0x8 
 .text          0x0000b140       0x15 libm_pic.a(s_ilogbf.pico)
                0x0000b140                ilogbf
 *fill*         0x0000b155        0xb 
 .text          0x0000b160       0x88 libm_pic.a(s_frexpf.pico)
                0x0000b160                frexpf
 *fill*         0x0000b1e8        0x8 
 .text          0x0000b1f0      0x2fb libm_pic.a(s_floorl.pico)
                0x0000b1f0                _floorl
                0x0000b1f0                floorl
 *fill*         0x0000b4eb        0x5 
 .text          0x0000b4f0       0x2b libm_pic.a(s_fabsl.pico)
                0x0000b4f0                fabsl
 *fill*         0x0000b51b        0x5 
 .text          0x0000b520       0x17 libm_pic.a(s_fabsf.pico)
                0x0000b520                fabsf
 *fill*         0x0000b537        0x9 
 .text          0x0000b540      0x137 libm_pic.a(s_exp2f.pico)
                0x0000b540                exp2f
 *fill*         0x0000b677        0x9 
 .text          0x0000b680      0x690 libm_pic.a(s_erff.pico)
                0x0000b680                erff
                0x0000b9b0                erfcf
 .text          0x0000bd10       0x1e libm_pic.a(s_copysignf.pico)
                0x0000bd10                copysignf
 *fill*         0x0000bd2e        0x2 
 .text          0x0000bd30       0x1e libm_pic.a(s_copysign.pico)
                0x0000bd30                copysign
 *fill*         0x0000bd4e        0x2 
 .text          0x0000bd50      0x300 libm_pic.a(s_ceill.pico)
                0x0000bd50                _ceill
                0x0000bd50                ceill
 .text          0x0000c050       0x29 libm_pic.a(s_ceilf.pico)
                0x0000c050                ceilf
 *fill*         0x0000c079        0x7 
 .text          0x0000c080      0x1b9 libm_pic.a(s_cbrtl.pico)
                0x0000c080                cbrtl
                0x0000c080                _cbrtl
 *fill*         0x0000c239        0x7 
 .text          0x0000c240       0xc7 libm_pic.a(s_cbrtf.pico)
                0x0000c240                cbrtf
 *fill*         0x0000c307        0x9 
 .text          0x0000c310      0x126 libm_pic.a(s_cbrt.pico)
                0x0000c310                cbrt
 *fill*         0x0000c436        0xa 
 .text          0x0000c440        0x9 libm_pic.a(s_atanf.pico)
                0x0000c440                atanf
 *fill*         0x0000c449        0x7 
 .text          0x0000c450       0xe7 libm_pic.a(s_asinhf.pico)
                0x0000c450                asinhf
 *fill*         0x0000c537        0x9 
 .text          0x0000c540      0x1c0 libm_pic.a(k_tanf.pico)
                0x0000c540                __kernel_tanf
 .text          0x0000c700      0x244 libm_pic.a(k_tan.pico)
                0x0000c700                __kernel_tan
 *fill*         0x0000c944        0xc 
 .text          0x0000c950        0xb libm_pic.a(e_scalbf.pico)
                0x0000c950                __ieee754_scalbf
 *fill*         0x0000c95b        0x5 
 .text          0x0000c960      0x30f libm_pic.a(e_rem_pio2f.pico)
                0x0000c960                __ieee754_rem_pio2f
 *fill*         0x0000cc6f        0x1 
 .text          0x0000cc70      0x33e libm_pic.a(e_rem_pio2.pico)
                0x0000cc70                __ieee754_rem_pio2
 *fill*         0x0000cfae        0x2 
 .text          0x0000cfb0      0x646 libm_pic.a(e_powf.pico)
                0x0000cfb0                __ieee754_powf
 *fill*         0x0000d5f6        0xa 
 .text          0x0000d600        0x9 libm_pic.a(e_log2f.pico)
                0x0000d600                __ieee754_log2f
 *fill*         0x0000d609        0x7 
 .text          0x0000d610        0x9 libm_pic.a(e_log10f.pico)
                0x0000d610                __ieee754_log10f
 *fill*         0x0000d619        0x7 
 .text          0x0000d620        0x9 libm_pic.a(e_log2.pico)
                0x0000d620                __ieee754_log2
 *fill*         0x0000d629        0x7 
 .text          0x0000d630      0x664 libm_pic.a(e_lgammaf_r.pico)
                0x0000d630                __ieee754_lgammaf_r
 *fill*         0x0000dc94        0xc 
 .text          0x0000dca0      0x6a8 libm_pic.a(e_lgamma_r.pico)
                0x0000dca0                __ieee754_lgamma_r
 *fill*         0x0000e348        0x8 
 .text          0x0000e350      0x48f libm_pic.a(e_jnf.pico)
                0x0000e350                __ieee754_jnf
                0x0000e6c0                __ieee754_ynf
 *fill*         0x0000e7df        0x1 
 .text          0x0000e7e0      0x662 libm_pic.a(e_jn.pico)
                0x0000e7e0                __ieee754_jn
                0x0000ec50                __ieee754_yn
 *fill*         0x0000ee42        0xe 
 .text          0x0000ee50      0x58c libm_pic.a(e_j1f.pico)
                0x0000ee50                __ieee754_j1f
                0x0000f140                __ieee754_y1f
 *fill*         0x0000f3dc        0x4 
 .text          0x0000f3e0      0x606 libm_pic.a(e_j1.pico)
                0x0000f3e0                __ieee754_j1
                0x0000f740                __ieee754_y1
 *fill*         0x0000f9e6        0xa 
 .text          0x0000f9f0      0x5af libm_pic.a(e_j0f.pico)
                0x0000f9f0                __ieee754_j0f
                0x0000fd10                __ieee754_y0f
 *fill*         0x0000ff9f        0x1 
 .text          0x0000ffa0      0x63d libm_pic.a(e_j0.pico)
                0x0000ffa0                __ieee754_j0
                0x00010330                __ieee754_y0
 *fill*         0x000105dd        0x3 
 .text          0x000105e0      0x380 libm_pic.a(e_fmodl.pico)
                0x000105e0                __ieee754_fmodl
 .text          0x00010960      0x19f libm_pic.a(e_fmodf.pico)
                0x00010960                __ieee754_fmodf
 *fill*         0x00010aff        0x1 
 .text          0x00010b00       0x17 libm_pic.a(e_fmod.pico)
                0x00010b00                __ieee754_fmod
 *fill*         0x00010b17        0x9 
 .text          0x00010b20       0x9f libm_pic.a(e_atanhf.pico)
                0x00010b20                __ieee754_atanhf
 *fill*         0x00010bbf        0x1 
 .text          0x00010bc0      0x1e2 libm_pic.a(e_asinf.pico)
                0x00010bc0                __ieee754_asinf
 *fill*         0x00010da2        0xe 
 .text          0x00010db0       0xbf libm_pic.a(e_acoshf.pico)
                0x00010db0                __ieee754_acoshf
 *fill*         0x00010e6f        0x1 
 .text          0x00010e70      0x221 libm_pic.a(e_acosf.pico)
                0x00010e70                __ieee754_acosf
 *fill*         0x00011091        0xf 
 .text          0x000110a0      0xa3d libm_pic.a(b_tgamma.pico)
                0x000110a0                tgamma
 *fill*         0x00011add        0x3 
 .text          0x00011ae0      0x22f libm_pic.a(b_log.pico)
                0x00011ae0                __log__D
 *fill*         0x00011d0f        0x1 
 .text          0x00011d10      0x17d libm_pic.a(b_exp.pico)
                0x00011d10                __exp__D
 *fill*         0x00011e8d        0x3 
 .text          0x00011e90      0x47b libm_pic.a(s_fmal.pico)
                0x00011e90                fmal
 *fill*         0x0001230b        0x5 
 .text          0x00012310       0xe0 libm_pic.a(s_fmaf.pico)
                0x00012310                fmaf
 .text          0x000123f0      0x469 libm_pic.a(s_fma.pico)
                0x000123f0                fma
 *fill*         0x00012859        0x7 
 .text          0x00012860       0xed libm_pic.a(s_nearbyint.pico)
                0x00012860                nearbyint
                0x000128b0                nearbyintf
                0x00012900                nearbyintl
 *fill*         0x0001294d        0x3 
 .text          0x00012950      0x123 libm_pic.a(s_nexttowardf.pico)
                0x00012950                nexttowardf
 *fill*         0x00012a73        0xd 
 .text          0x00012a80      0x156 libm_pic.a(s_nexttoward.pico)
                0x00012a80                nexttoward
 *fill*         0x00012bd6        0xa 
 .text          0x00012be0      0x28a libm_pic.a(cephes_subrl.pico)
                0x00012be0                _cchshl
                0x00012c60                _redupil
                0x00012d00                _ctansl
 *fill*         0x00012e6a        0x6 
 .text          0x00012e70      0x236 libm_pic.a(cephes_subrf.pico)
                0x00012e70                _cchshf
                0x00012ef0                _redupif
                0x00012f80                _ctansf
 *fill*         0x000130a6        0xa 
 .text          0x000130b0      0x226 libm_pic.a(cephes_subr.pico)
                0x000130b0                _cchsh
                0x00013130                _redupi
                0x000131b0                _ctans
 *fill*         0x000132d6        0xa 
 .text          0x000132e0      0x24a libm_pic.a(casinl.pico)
                0x000132e0                _casinl
                0x000132e0                casinl
 *fill*         0x0001352a        0x6 
 .text          0x00013530      0x1ac libm_pic.a(casinf.pico)
                0x00013530                _casinf
                0x00013530                casinf
 *fill*         0x000136dc        0x4 
 .text          0x000136e0      0x216 libm_pic.a(casin.pico)
                0x000136e0                casin
                0x000136e0                _casin
 *fill*         0x000138f6        0xa 
 .text          0x00013900       0xbb libm_pic.a(s_frexpl.pico)
                0x00013900                frexpl
 *fill*         0x000139bb        0x5 
 .text          0x000139c0       0x9f libm_pic.a(s_frexp.pico)
                0x000139c0                frexp
 *fill*         0x00013a5f        0x1 
 .text          0x00013a60       0x77 libm_pic.a(w_sinhf.pico)
                0x00013a60                _sinhf
                0x00013a60                sinhf
 *fill*         0x00013ad7        0x9 
 .text          0x00013ae0       0xe7 libm_pic.a(w_scalb.pico)
                0x00013ae0                scalb
 *fill*         0x00013bc7        0x9 
 .text          0x00013bd0       0x88 libm_pic.a(w_remainderf.pico)
                0x00013bd0                remainderf
 *fill*         0x00013c58        0x8 
 .text          0x00013c60       0x7d libm_pic.a(w_remainder.pico)
                0x00013c60                remainder
 *fill*         0x00013cdd        0x3 
 .text          0x00013ce0       0xac libm_pic.a(w_expf.pico)
                0x00013ce0                expf
                0x00013ce0                _expf
 *fill*         0x00013d8c        0x4 
 .text          0x00013d90       0x7f libm_pic.a(w_coshf.pico)
                0x00013d90                coshf
                0x00013d90                _coshf
 *fill*         0x00013e0f        0x1 
 .text          0x00013e10        0x7 libm_pic.a(s_sinf.pico)
                0x00013e10                sinf
 *fill*         0x00013e17        0x9 
 .text          0x00013e20        0x7 libm_pic.a(s_rintf.pico)
                0x00013e20                rintf
 *fill*         0x00013e27        0x9 
 .text          0x00013e30      0x1f8 libm_pic.a(s_nextafterl.pico)
                0x00013e30                nextafterl
 *fill*         0x00014028        0x8 
 .text          0x00014030      0x100 libm_pic.a(s_nextafter.pico)
                0x00014030                nextafter
 .text          0x00014130        0x9 libm_pic.a(s_logb.pico)
                0x00014130                logb
 *fill*         0x00014139        0x7 
 .text          0x00014140       0x35 libm_pic.a(s_log1pf.pico)
                0x00014140                log1pf
 *fill*         0x00014175        0xb 
 .text          0x00014180        0xe libm_pic.a(s_ilogbl.pico)
                0x00014180                ilogbl
 *fill*         0x0001418e        0x2 
 .text          0x00014190       0x15 libm_pic.a(s_ilogb.pico)
                0x00014190                ilogb
 *fill*         0x000141a5        0xb 
 .text          0x000141b0        0x7 libm_pic.a(s_cosf.pico)
                0x000141b0                cosf
 *fill*         0x000141b7        0x9 
 .text          0x000141c0       0x29 libm_pic.a(s_ceil.pico)
                0x000141c0                ceil
 *fill*         0x000141e9        0x7 
 .text          0x000141f0       0xbb libm_pic.a(k_sinf.pico)
                0x000141f0                __kernel_sinf
 *fill*         0x000142ab        0x5 
 .text          0x000142b0       0xca libm_pic.a(k_sin.pico)
                0x000142b0                __kernel_sin
 *fill*         0x0001437a        0x6 
 .text          0x00014380      0x9b2 libm_pic.a(k_rem_pio2f.pico)
                0x00014380                __kernel_rem_pio2f
 *fill*         0x00014d32        0xe 
 .text          0x00014d40      0x88d libm_pic.a(k_rem_pio2.pico)
                0x00014d40                __kernel_rem_pio2
 *fill*         0x000155cd        0x3 
 .text          0x000155d0       0xf2 libm_pic.a(k_cosf.pico)
                0x000155d0                __kernel_cosf
 *fill*         0x000156c2        0xe 
 .text          0x000156d0      0x108 libm_pic.a(k_cos.pico)
                0x000156d0                __kernel_cos
 *fill*         0x000157d8        0x8 
 .text          0x000157e0       0xe0 libm_pic.a(e_sinhf.pico)
                0x000157e0                __ieee754_sinhf
 .text          0x000158c0        0xd libm_pic.a(e_scalb.pico)
                0x000158c0                __ieee754_scalb
 *fill*         0x000158cd        0x3 
 .text          0x000158d0       0x17 libm_pic.a(e_remainderf.pico)
                0x000158d0                __ieee754_remainderf
 *fill*         0x000158e7        0x9 
 .text          0x000158f0       0x17 libm_pic.a(e_remainder.pico)
                0x000158f0                __ieee754_remainder
 *fill*         0x00015907        0x9 
 .text          0x00015910       0xdc libm_pic.a(e_coshf.pico)
                0x00015910                __ieee754_coshf
 *fill*         0x000159ec        0x4 
 .text          0x000159f0       0x39 libm_pic.a(s_rintl.pico)
                0x000159f0                rintl
 *fill*         0x00015a29        0x7 
 .text          0x00015a30      0x4c1 libm_pic.a(mulxc3.pico)
                0x00015a30                __mulxc3
 *fill*         0x00015ef1        0xf 
 .text          0x00015f00      0x3a6 libm_pic.a(mulsc3.pico)
                0x00015f00                __mulsc3
 *fill*         0x000162a6        0xa 
 .text          0x000162b0      0x3ca libm_pic.a(muldc3.pico)
                0x000162b0                __muldc3
 *fill*         0x0001667a        0x6 
 .text          0x00016680      0x1fb libm_pic.a(csqrtl.pico)
                0x00016680                csqrtl
 *fill*         0x0001687b        0x5 
 .text          0x00016880      0x18d libm_pic.a(csqrtf.pico)
                0x00016880                csqrtf
 *fill*         0x00016a0d        0x3 
 .text          0x00016a10      0x1ab libm_pic.a(csqrt.pico)
                0x00016a10                csqrt
 *fill*         0x00016bbb        0x5 
 .text          0x00016bc0       0xa2 libm_pic.a(clogl.pico)
                0x00016bc0                clogl
 *fill*         0x00016c62        0xe 
 .text          0x00016c70       0x82 libm_pic.a(clogf.pico)
                0x00016c70                clogf
 *fill*         0x00016cf2        0xe 
 .text          0x00016d00       0x8e libm_pic.a(clog.pico)
                0x00016d00                clog
 *fill*         0x00016d8e        0x2 
 .text          0x00016d90       0x2b libm_pic.a(cabsl.pico)
                0x00016d90                __c99_cabsl
 *fill*         0x00016dbb        0x5 
 .text          0x00016dc0       0x2b libm_pic.a(cabsf.pico)
                0x00016dc0                __c99_cabsf
 *fill*         0x00016deb        0x5 
 .text          0x00016df0       0x2b libm_pic.a(cabs.pico)
                0x00016df0                __c99_cabs
 *fill*         0x00016e1b        0x5 
 .text          0x00016e20       0x93 libm_pic.a(w_sqrtl.pico)
                0x00016e20                sqrtl
                0x00016e20                _sqrtl
 *fill*         0x00016eb3        0xd 
 .text          0x00016ec0       0xab libm_pic.a(w_logf.pico)
                0x00016ec0                logf
                0x00016ec0                _logf
 *fill*         0x00016f6b        0x5 
 .text          0x00016f70       0x9a libm_pic.a(w_hypotf.pico)
                0x00016f70                _hypotf
                0x00016f70                hypotf
 *fill*         0x0001700a        0x6 
 .text          0x00017010       0xbb libm_pic.a(w_atan2f.pico)
                0x00017010                atan2f
                0x00017010                _atan2f
 *fill*         0x000170cb        0x5 
 .text          0x000170d0        0xd libm_pic.a(s_scalbnf.pico)
                0x000170d0                _scalbnf
                0x000170d0                scalbnf
                0x000170d0                ldexpf
                0x000170d0                scalblnf
                0x000170d0                _scalblnf
 *fill*         0x000170dd        0x3 
 .text          0x000170e0       0x17 libm_pic.a(s_isnanf.pico)
                0x000170e0                isnanf
 *fill*         0x000170f7        0x9 
 .text          0x00017100       0x29 libm_pic.a(s_floorf.pico)
                0x00017100                floorf
 *fill*         0x00017129        0x7 
 .text          0x00017130       0x29 libm_pic.a(s_floor.pico)
                0x00017130                floor
 *fill*         0x00017159        0x7 
 .text          0x00017160       0x17 libm_pic.a(s_finitef.pico)
                0x00017160                finitef
 *fill*         0x00017177        0x9 
 .text          0x00017180      0x2a2 libm_pic.a(s_expm1f.pico)
                0x00017180                expm1f
 *fill*         0x00017422        0xe 
 .text          0x00017430       0x3b libm_pic.a(s_copysignl.pico)
                0x00017430                _copysignl
                0x00017430                copysignl
 *fill*         0x0001746b        0x5 
 .text          0x00017470      0x3e4 libm_pic.a(ldbl_dummy.pico)
                0x00017470                _atan2l
                0x00017470                atan2l
                0x000174a0                _hypotl
                0x000174a0                hypotl
                0x000174d0                _logl
                0x000174d0                logl
                0x00017500                _log10l
                0x00017500                log10l
                0x00017530                expl
                0x00017530                _expl
                0x00017560                exp2l
                0x00017560                _exp2l
                0x00017590                _powl
                0x00017590                powl
                0x000175c0                _cosl
                0x000175c0                cosl
                0x000175f0                sinl
                0x000175f0                _sinl
                0x00017620                tanl
                0x00017620                _tanl
                0x00017650                _sinhl
                0x00017650                sinhl
                0x00017680                _coshl
                0x00017680                coshl
                0x000176b0                _tanhl
                0x000176b0                tanhl
                0x000176e0                acosl
                0x000176e0                _acosl
                0x00017710                asinl
                0x00017710                _asinl
                0x00017740                _atanl
                0x00017740                atanl
                0x00017770                asinhl
                0x00017770                _asinhl
                0x000177a0                _acoshl
                0x000177a0                acoshl
                0x000177d0                _atanhl
                0x000177d0                atanhl
                0x00017800                erfl
                0x00017800                _erfl
                0x00017830                _erfcl
                0x00017830                erfcl
 *fill*         0x00017854        0xc 
 .text          0x00017860      0x47e libm_pic.a(e_sqrtl.pico)
                0x00017860                __ieee754_sqrtl
 *fill*         0x00017cde        0x2 
 .text          0x00017ce0        0x9 libm_pic.a(e_logf.pico)
                0x00017ce0                __ieee754_logf
 *fill*         0x00017ce9        0x7 
 .text          0x00017cf0      0x176 libm_pic.a(e_hypotf.pico)
                0x00017cf0                __ieee754_hypotf
 *fill*         0x00017e66        0xa 
 .text          0x00017e70       0x3e libm_pic.a(e_expf.pico)
                0x00017e70                __ieee754_expf
 *fill*         0x00017eae        0x2 
 .text          0x00017eb0        0xb libm_pic.a(e_atan2f.pico)
                0x00017eb0                __ieee754_atan2f
 *fill*         0x00017ebb        0x5 
 .text          0x00017ec0      0x3c7 libm_pic.a(fenv.pico)
                0x00017ef0                feclearexcept
                0x00017f30                fegetexceptflag
                0x00017f50                feraiseexcept
                0x00017f90                fesetexceptflag
                0x00017fd0                fetestexcept
                0x00017ff0                fegetround
                0x00018010                fesetround
                0x00018040                fegetenv
                0x00018050                feholdexcept
                0x00018060                fesetenv
                0x000180f0                feupdateenv
                0x00018210                feenableexcept
                0x00018240                fedisableexcept
                0x00018270                fegetexcept
 *fill*         0x00018287        0x9 
 .text          0x00018290       0x6f libm_pic.a(w_sinh.pico)
                0x00018290                _sinh
                0x00018290                sinh
 *fill*         0x000182ff        0x1 
 .text          0x00018300      0x23c libm_pic.a(w_pow.pico)
                0x00018300                pow
 *fill*         0x0001853c        0x4 
 .text          0x00018540       0x93 libm_pic.a(w_log10.pico)
                0x00018540                log10
 *fill*         0x000185d3        0xd 
 .text          0x000185e0       0x97 libm_pic.a(w_log.pico)
                0x000185e0                log
                0x000185e0                _log
 *fill*         0x00018677        0x9 
 .text          0x00018680       0x8f libm_pic.a(w_hypot.pico)
                0x00018680                _hypot
                0x00018680                hypot
 *fill*         0x0001870f        0x1 
 .text          0x00018710       0x95 libm_pic.a(w_exp.pico)
                0x00018710                _exp
                0x00018710                exp
 *fill*         0x000187a5        0xb 
 .text          0x000187b0       0x71 libm_pic.a(w_cosh.pico)
                0x000187b0                cosh
                0x000187b0                _cosh
 *fill*         0x00018821        0xf 
 .text          0x00018830       0xa6 libm_pic.a(w_atanh.pico)
                0x00018830                atanh
 *fill*         0x000188d6        0xa 
 .text          0x000188e0       0xab libm_pic.a(w_atan2.pico)
                0x000188e0                atan2
                0x000188e0                _atan2
 *fill*         0x0001898b        0x5 
 .text          0x00018990       0x6d libm_pic.a(w_asin.pico)
                0x00018990                _asin
                0x00018990                asin
 *fill*         0x000189fd        0x3 
 .text          0x00018a00       0x71 libm_pic.a(w_acosh.pico)
                0x00018a00                acosh
 *fill*         0x00018a71        0xf 
 .text          0x00018a80       0x6d libm_pic.a(w_acos.pico)
                0x00018a80                acos
 *fill*         0x00018aed        0x3 
 .text          0x00018af0      0x174 libm_pic.a(s_tanh.pico)
                0x00018af0                tanh
 *fill*         0x00018c64        0xc 
 .text          0x00018c70       0x29 libm_pic.a(s_tan.pico)
                0x00018c70                tan
 *fill*         0x00018c99        0x7 
 .text          0x00018ca0       0x24 libm_pic.a(s_sin.pico)
                0x00018ca0                sin
 *fill*         0x00018cc4        0xc 
 .text          0x00018cd0       0x17 libm_pic.a(s_finite.pico)
                0x00018cd0                finite
 *fill*         0x00018ce7        0x9 
 .text          0x00018cf0      0x16c libm_pic.a(s_exp2.pico)
                0x00018cf0                exp2
 *fill*         0x00018e5c        0x4 
 .text          0x00018e60      0x6cb libm_pic.a(s_erf.pico)
                0x00018e60                erf
                0x000191b0                erfc
 *fill*         0x0001952b        0x5 
 .text          0x00019530       0x24 libm_pic.a(s_cos.pico)
                0x00019530                cos
 *fill*         0x00019554        0xc 
 .text          0x00019560        0x9 libm_pic.a(s_atan.pico)
                0x00019560                atan
 *fill*         0x00019569        0x7 
 .text          0x00019570       0xf4 libm_pic.a(s_asinh.pico)
                0x00019570                asinh
 *fill*         0x00019664        0xc 
 .text          0x00019670     0x1388 libm_pic.a(k_standard.pico)
                0x00019670                __kernel_standard
 *fill*         0x0001a9f8        0x8 
 .text          0x0001aa00        0x7 libm_pic.a(e_sqrtf.pico)
                0x0001aa00                __ieee754_sqrtf
 *fill*         0x0001aa07        0x9 
 .text          0x0001aa10       0xfe libm_pic.a(e_sinh.pico)
                0x0001aa10                __ieee754_sinh
 *fill*         0x0001ab0e        0x2 
 .text          0x0001ab10      0x814 libm_pic.a(e_pow.pico)
                0x0001ab10                __ieee754_pow
 *fill*         0x0001b324        0xc 
 .text          0x0001b330        0x9 libm_pic.a(e_log10.pico)
                0x0001b330                __ieee754_log10
 *fill*         0x0001b339        0x7 
 .text          0x0001b340      0x234 libm_pic.a(e_hypot.pico)
                0x0001b340                __ieee754_hypot
 *fill*         0x0001b574        0xc 
 .text          0x0001b580      0x103 libm_pic.a(e_cosh.pico)
                0x0001b580                __ieee754_cosh
 *fill*         0x0001b683        0xd 
 .text          0x0001b690       0xb8 libm_pic.a(e_atanh.pico)
                0x0001b690                __ieee754_atanh
 *fill*         0x0001b748        0x8 
 .text          0x0001b750        0xb libm_pic.a(e_atan2.pico)
                0x0001b750                __ieee754_atan2
 *fill*         0x0001b75b        0x5 
 .text          0x0001b760       0x11 libm_pic.a(e_asin.pico)
                0x0001b760                __ieee754_asin
 *fill*         0x0001b771        0xf 
 .text          0x0001b780       0xc8 libm_pic.a(e_acosh.pico)
                0x0001b780                __ieee754_acosh
 *fill*         0x0001b848        0x8 
 .text          0x0001b850       0x15 libm_pic.a(e_acos.pico)
                0x0001b850                __ieee754_acos
 *fill*         0x0001b865        0xb 
 .text          0x0001b870        0xd libm_pic.a(s_scalbn.pico)
                0x0001b870                scalbn
                0x0001b870                scalbln
                0x0001b870                _scalbln
                0x0001b870                _scalbn
                0x0001b870                ldexp
 *fill*         0x0001b87d        0x3 
 .text          0x0001b880        0x7 libm_pic.a(s_rint.pico)
                0x0001b880                rint
 *fill*         0x0001b887        0x9 
 .text          0x0001b890        0x7 libm_pic.a(s_matherr.pico)
                0x0001b890                matherr
 *fill*         0x0001b897        0x9 
 .text          0x0001b8a0       0x35 libm_pic.a(s_log1p.pico)
                0x0001b8a0                log1p
 *fill*         0x0001b8d5        0x3 
 .text          0x0001b8d8        0x0 libm_pic.a(s_lib_version.pico)
 *fill*         0x0001b8d8        0x8 
 .text          0x0001b8e0      0x2fa libm_pic.a(s_expm1.pico)
                0x0001b8e0                expm1
 *fill*         0x0001bbda        0x6 
 .text          0x0001bbe0        0x7 libm_pic.a(e_sqrt.pico)
                0x0001bbe0                __ieee754_sqrt
 *fill*         0x0001bbe7        0x9 
 .text          0x0001bbf0        0x9 libm_pic.a(e_log.pico)
                0x0001bbf0                __ieee754_log
 *fill*         0x0001bbf9        0x7 
 .text          0x0001bc00       0x6b libm_pic.a(e_exp.pico)
                0x0001bc00                __ieee754_exp
 *fill*         0x0001bc6b        0x1 
 .text          0x0001bc6c        0x0 /usr/lib/crtendS.o
 .text          0x0001bc6c        0x0 /usr/lib/crtn.o
 *(.text.unlikely .text.*_unlikely)
 *(.text.exit .text.exit.*)
 *(.text.startup .text.startup.*)
 *(.text.hot .text.hot.*)
 *(.stub .text.* .gnu.linkonce.t.*)
 *(.gnu.warning)

.fini           0x0001bc70        0xa
 *(SORT(.fini))
 .fini          0x0001bc70        0x3 /usr/lib/crti.o
                0x0001bc70                _fini
 .fini          0x0001bc73        0x5 /usr/lib/crtbeginS.o
 .fini          0x0001bc78        0x2 /usr/lib/crtn.o
                0x0001bc7a                PROVIDE (__etext, .)
                0x0001bc7a                PROVIDE (_etext, .)
                0x0001bc7a                PROVIDE (etext, .)

.rodata         0x0001bc80     0x3d10
 *(.rodata .rodata.* .gnu.linkonce.r.*)
 .rodata.str1.1
                0x0001bc80        0x6 libm_pic.a(nanl.pico)
 .rodata.str1.1
                0x00000000        0x6 libm_pic.a(nanf.pico)
 .rodata.str1.1
                0x00000000        0x6 libm_pic.a(nan.pico)
 *fill*         0x0001bc86        0x2 
 .rodata.cst4   0x0001bc88        0x8 libm_pic.a(divxc3.pico)
 .rodata.cst4   0x00000000        0x8 libm_pic.a(divsc3.pico)
 .rodata.cst4   0x00000000        0x8 libm_pic.a(divdc3.pico)
 .rodata.cst4   0x0001bc90        0x4 libm_pic.a(ctanl.pico)
 .rodata        0x0001bc94        0xc libm_pic.a(ctanl.pico)
 .rodata.cst4   0x00000000        0x4 libm_pic.a(ctanf.pico)
 .rodata.cst4   0x00000000        0x4 libm_pic.a(ctan.pico)
 .rodata.cst8   0x0001bca0        0x8 libm_pic.a(ctan.pico)
 .rodata.cst4   0x00000000        0x4 libm_pic.a(cprojl.pico)
 .rodata.cst4   0x00000000        0x4 libm_pic.a(cprojf.pico)
 .rodata.cst4   0x00000000        0x4 libm_pic.a(cproj.pico)
 .rodata.cst4   0x0001bca8        0x4 libm_pic.a(catanl.pico)
                                  0x8 (size before relaxing)
 .rodata        0x0001bcac        0xc libm_pic.a(catanl.pico)
 .rodata.cst4   0x00000000        0x8 libm_pic.a(catanf.pico)
 .rodata.cst4   0x00000000        0x8 libm_pic.a(catan.pico)
 .rodata.cst8   0x00000000        0x8 libm_pic.a(catan.pico)
 .rodata        0x0001bcb8        0xc libm_pic.a(cacosl.pico)
 .rodata.cst4   0x0001bcc4        0x4 libm_pic.a(cacosf.pico)
 .rodata.cst8   0x0001bcc8        0x8 libm_pic.a(cacos.pico)
 .rodata.cst16  0x0001bcd0       0x10 libm_pic.a(llroundf.pico)
 .rodata.cst16  0x00000000       0x10 libm_pic.a(llround.pico)
 .rodata.cst16  0x00000000       0x10 libm_pic.a(lroundf.pico)
 .rodata.cst16  0x00000000       0x10 libm_pic.a(lround.pico)
 .rodata.cst8   0x0001bce0        0x8 libm_pic.a(llrintf.pico)
 .rodata.cst16  0x0001bce8       0x10 libm_pic.a(llrint.pico)
 .rodata.cst8   0x00000000        0x8 libm_pic.a(lrintf.pico)
 .rodata.cst4   0x0001bcf8        0x4 libm_pic.a(w_jnf.pico)
                                  0x8 (size before relaxing)
 *fill*         0x0001bcfc        0x4 
 .rodata.cst8   0x0001bd00        0x8 libm_pic.a(w_jn.pico)
                                 0x10 (size before relaxing)
 .rodata.cst4   0x00000000        0x8 libm_pic.a(w_j1f.pico)
 .rodata.cst8   0x00000000       0x10 libm_pic.a(w_j1.pico)
 .rodata.cst4   0x00000000        0x8 libm_pic.a(w_j0f.pico)
 .rodata.cst8   0x00000000       0x10 libm_pic.a(w_j0.pico)
 .rodata.cst8   0x0001bd08       0x10 libm_pic.a(s_truncl.pico)
 .rodata.cst4   0x0001bd18        0x4 libm_pic.a(s_truncf.pico)
 .rodata.cst8   0x00000000        0x8 libm_pic.a(s_trunc.pico)
 .rodata.cst4   0x0001bd1c        0x8 libm_pic.a(s_tanhf.pico)
 .rodata.cst4   0x0001bd24        0x4 libm_pic.a(s_roundl.pico)
 .rodata.cst4   0x00000000        0x4 libm_pic.a(s_roundf.pico)
 .rodata.cst4   0x00000000        0x4 libm_pic.a(s_round.pico)
 .rodata.cst4   0x0001bd28        0x4 libm_pic.a(s_remquof.pico)
                                  0x8 (size before relaxing)
 .rodata.cst8   0x0001bd2c        0x8 libm_pic.a(s_remquof.pico)
 *fill*         0x0001bd34        0x4 
 .rodata.cst8   0x0001bd38        0x8 libm_pic.a(s_remquo.pico)
 .rodata.cst4   0x00000000        0x4 libm_pic.a(s_remquo.pico)
 .rodata.cst16  0x0001bd40       0x10 libm_pic.a(s_remquo.pico)
 .rodata        0x0001bd50       0x18 libm_pic.a(s_modfl.pico)
 .rodata.cst4   0x0001bd68        0x4 libm_pic.a(s_frexpf.pico)
 .rodata.cst8   0x00000000        0x8 libm_pic.a(s_floorl.pico)
 .rodata.cst4   0x0001bd6c       0x20 libm_pic.a(s_exp2f.pico)
 *fill*         0x0001bd8c        0x4 
 .rodata        0x0001bd90       0x80 libm_pic.a(s_exp2f.pico)
 .rodata.cst4   0x0001be10       0xf0 libm_pic.a(s_erff.pico)
                                0x1d8 (size before relaxing)
 .rodata.cst8   0x00000000        0x8 libm_pic.a(s_ceill.pico)
 .rodata.cst8   0x0001bf00        0x8 libm_pic.a(s_cbrtl.pico)
 .rodata.cst4   0x0001bf08       0x10 libm_pic.a(s_cbrtl.pico)
 .rodata        0x0001bf18       0x14 libm_pic.a(s_cbrtl.pico)
 .rodata.cst4   0x0001bf2c       0x18 libm_pic.a(s_cbrtf.pico)
 .rodata.cst4   0x0001bf44        0x4 libm_pic.a(s_cbrt.pico)
 .rodata.cst8   0x0001bf48       0x28 libm_pic.a(s_cbrt.pico)
 .rodata.cst4   0x00000000        0x8 libm_pic.a(s_asinhf.pico)
 .rodata.cst4   0x0001bf70       0x3c libm_pic.a(k_tanf.pico)
                                 0x40 (size before relaxing)
 *fill*         0x0001bfac        0x4 
 .rodata.cst8   0x0001bfb0       0x78 libm_pic.a(k_tan.pico)
 .rodata.cst4   0x00000000        0x4 libm_pic.a(k_tan.pico)
 .rodata.cst4   0x0001c028       0x30 libm_pic.a(e_rem_pio2f.pico)
                                 0x34 (size before relaxing)
 .rodata        0x0001c058      0x398 libm_pic.a(e_rem_pio2f.pico)
 .rodata.cst4   0x00000000        0x8 libm_pic.a(e_rem_pio2.pico)
 .rodata.cst8   0x0001c3f0       0x58 libm_pic.a(e_rem_pio2.pico)
 .rodata        0x0001c448      0x188 libm_pic.a(e_rem_pio2.pico)
 .rodata.cst4   0x0001c5d0       0x5c libm_pic.a(e_powf.pico)
                                 0x78 (size before relaxing)
 .rodata.cst8   0x0001c62c       0x18 libm_pic.a(e_powf.pico)
 .rodata.cst4   0x0001c644      0x104 libm_pic.a(e_lgammaf_r.pico)
                                0x124 (size before relaxing)
 .rodata        0x0001c748       0x30 libm_pic.a(e_lgammaf_r.pico)
 .rodata.cst4   0x0001c778        0x4 libm_pic.a(e_lgamma_r.pico)
                                 0x2c (size before relaxing)
 *fill*         0x0001c77c        0x4 
 .rodata.cst8   0x0001c780      0x1f0 libm_pic.a(e_lgamma_r.pico)
 .rodata        0x0001c970       0x30 libm_pic.a(e_lgamma_r.pico)
 .rodata.cst4   0x0001c9a0       0x10 libm_pic.a(e_jnf.pico)
                                 0x20 (size before relaxing)
 .rodata.cst8   0x0001c9b0       0x18 libm_pic.a(e_jn.pico)
                                 0x20 (size before relaxing)
 .rodata.cst4   0x00000000       0x18 libm_pic.a(e_jn.pico)
 .rodata        0x0001c9c8       0x20 libm_pic.a(e_jn.pico)
 .rodata.cst4   0x0001c9e8       0x5c libm_pic.a(e_j1f.pico)
                                 0x70 (size before relaxing)
 .rodata        0x0001ca44      0x170 libm_pic.a(e_j1f.pico)
 *fill*         0x0001cbb4        0x4 
 .rodata.cst8   0x0001cbb8       0x98 libm_pic.a(e_j1.pico)
                                 0xb8 (size before relaxing)
 .rodata.cst4   0x00000000       0x14 libm_pic.a(e_j1.pico)
 .rodata        0x0001cc50      0x2e0 libm_pic.a(e_j1.pico)
 .rodata.cst4   0x0001cf30       0x50 libm_pic.a(e_j0f.pico)
                                 0x70 (size before relaxing)
 .rodata        0x0001cf80      0x170 libm_pic.a(e_j0f.pico)
 .rodata.cst8   0x0001d0f0       0x98 libm_pic.a(e_j0.pico)
                                 0xb8 (size before relaxing)
 .rodata.cst4   0x00000000       0x14 libm_pic.a(e_j0.pico)
 .rodata        0x0001d188      0x2e0 libm_pic.a(e_j0.pico)
 .rodata.cst8   0x0001d468       0x10 libm_pic.a(e_fmodl.pico)
 .rodata        0x0001d478       0x18 libm_pic.a(e_fmodl.pico)
 .rodata.cst8   0x00000000        0x8 libm_pic.a(e_fmodf.pico)
 .rodata.cst4   0x00000000        0x8 libm_pic.a(e_atanhf.pico)
 .rodata.cst4   0x0001d490       0x34 libm_pic.a(e_asinf.pico)
                                 0x40 (size before relaxing)
 .rodata.cst4   0x00000000        0x4 libm_pic.a(e_acoshf.pico)
 .rodata.cst4   0x0001d4c4        0x4 libm_pic.a(e_acosf.pico)
                                 0x48 (size before relaxing)
 .rodata.cst4   0x0001d4c8       0x10 libm_pic.a(b_tgamma.pico)
                                 0x20 (size before relaxing)
 .rodata.cst8   0x0001d4d8       0xf8 libm_pic.a(b_tgamma.pico)
                                0x100 (size before relaxing)
 .rodata.cst4   0x0001d5d0        0xc libm_pic.a(b_log.pico)
                                 0x14 (size before relaxing)
 *fill*         0x0001d5dc        0x4 
 .rodata.cst8   0x0001d5e0       0x30 libm_pic.a(b_log.pico)
 .rodata        0x0001d610      0x810 libm_pic.a(b_log.pico)
 .rodata.cst8   0x0001de20       0x50 libm_pic.a(b_exp.pico)
 .rodata.cst4   0x00000000        0xc libm_pic.a(b_exp.pico)
 .rodata        0x0001de70       0x18 libm_pic.a(s_fmal.pico)
 .rodata.cst8   0x0001de88        0x8 libm_pic.a(s_fmal.pico)
 .rodata.cst4   0x00000000        0x8 libm_pic.a(s_fmal.pico)
 .rodata.cst8   0x0001de90       0x18 libm_pic.a(s_fma.pico)
 .rodata.cst4   0x00000000       0x14 libm_pic.a(cephes_subrl.pico)
 .rodata        0x0001dea8       0x6c libm_pic.a(cephes_subrl.pico)
 .rodata.cst4   0x0001df14        0x8 libm_pic.a(cephes_subrf.pico)
                                 0x2c (size before relaxing)
 *fill*         0x0001df1c        0x4 
 .rodata.cst8   0x0001df20       0x10 libm_pic.a(cephes_subrf.pico)
                                 0x18 (size before relaxing)
 .rodata.cst4   0x00000000       0x14 libm_pic.a(cephes_subr.pico)
 .rodata.cst8   0x0001df30       0x20 libm_pic.a(cephes_subr.pico)
                                 0x48 (size before relaxing)
 .rodata.cst8   0x00000000        0x8 libm_pic.a(s_frexpl.pico)
 .rodata.cst4   0x00000000        0x4 libm_pic.a(s_frexp.pico)
 .rodata.cst4   0x0001df50        0x4 libm_pic.a(w_expf.pico)
                                  0x8 (size before relaxing)
 .rodata.cst4   0x0001df54        0x4 libm_pic.a(w_coshf.pico)
 .rodata.cst4   0x0001df58       0x18 libm_pic.a(k_sinf.pico)
                                 0x20 (size before relaxing)
 .rodata.cst8   0x0001df70       0x38 libm_pic.a(k_sin.pico)
 .rodata.cst4   0x00000000        0x4 libm_pic.a(k_sin.pico)
 .rodata.cst4   0x0001dfa8        0xc libm_pic.a(k_rem_pio2f.pico)
                                 0x18 (size before relaxing)
 .rodata        0x0001dfb4       0x38 libm_pic.a(k_rem_pio2f.pico)
 .rodata.cst4   0x0001dfec        0x8 libm_pic.a(k_rem_pio2.pico)
                                 0x18 (size before relaxing)
 .rodata.cst16  0x0001dff4       0x10 libm_pic.a(k_rem_pio2.pico)
 *fill*         0x0001e004        0x4 
 .rodata        0x0001e008       0x40 libm_pic.a(k_rem_pio2.pico)
 .rodata.cst4   0x0001e048       0x1c libm_pic.a(k_cosf.pico)
                                 0x20 (size before relaxing)
 *fill*         0x0001e064        0x4 
 .rodata.cst8   0x0001e068       0x30 libm_pic.a(k_cos.pico)
 .rodata.cst4   0x00000000        0x8 libm_pic.a(k_cos.pico)
 .rodata.cst8   0x0001e098        0x8 libm_pic.a(e_sinhf.pico)
 .rodata.cst4   0x0001e0a0        0x4 libm_pic.a(e_sinhf.pico)
                                  0x8 (size before relaxing)
 .rodata.cst4   0x00000000        0x8 libm_pic.a(e_coshf.pico)
 .rodata.cst4   0x0001e0a4        0x8 libm_pic.a(s_rintl.pico)
 .rodata.cst4   0x00000000        0x4 libm_pic.a(mulxc3.pico)
 .rodata.cst4   0x00000000        0x4 libm_pic.a(mulsc3.pico)
 .rodata.cst4   0x00000000        0x4 libm_pic.a(muldc3.pico)
 .rodata.cst4   0x00000000        0xc libm_pic.a(csqrtl.pico)
 .rodata        0x0001e0ac        0xc libm_pic.a(csqrtl.pico)
 .rodata.cst4   0x0001e0b8        0x8 libm_pic.a(csqrtf.pico)
                                 0x18 (size before relaxing)
 .rodata.cst4   0x0001e0c0        0x4 libm_pic.a(csqrt.pico)
                                 0x18 (size before relaxing)
 .rodata.cst4   0x0001e0c4       0x28 libm_pic.a(s_expm1f.pico)
                                 0x50 (size before relaxing)
 .rodata.cst8   0x0001e0ec        0x8 libm_pic.a(s_expm1f.pico)
 .rodata.cst8   0x00000000        0x8 libm_pic.a(e_sqrtl.pico)
 .rodata.cst4   0x00000000        0x4 libm_pic.a(e_hypotf.pico)
 *fill*         0x0001e0f4        0x4 
 .rodata.cst8   0x0001e0f8        0x8 libm_pic.a(w_exp.pico)
                                 0x10 (size before relaxing)
 .rodata.cst8   0x0001e100        0x8 libm_pic.a(w_cosh.pico)
 .rodata.cst4   0x00000000        0x8 libm_pic.a(s_tanh.pico)
 .rodata.cst4   0x0001e108       0x10 libm_pic.a(s_exp2.pico)
 .rodata.cst8   0x0001e118       0x38 libm_pic.a(s_exp2.pico)
 .rodata        0x0001e150     0x1000 libm_pic.a(s_exp2.pico)
 .rodata.cst8   0x0001f150      0x1b8 libm_pic.a(s_erf.pico)
                                0x360 (size before relaxing)
 .rodata.cst4   0x00000000       0x2c libm_pic.a(s_erf.pico)
 .rodata.cst8   0x00000000       0x10 libm_pic.a(s_asinh.pico)
 .rodata.cst16  0x0001f308       0x50 libm_pic.a(k_standard.pico)
 .rodata.cst4   0x00000000        0xc libm_pic.a(k_standard.pico)
 .rodata.cst8   0x00000000        0x8 libm_pic.a(k_standard.pico)
 .rodata        0x0001f358      0x254 libm_pic.a(k_standard.pico)
 .rodata.str1.1
                0x0001f5ac      0x2df libm_pic.a(k_standard.pico)
                                0x30a (size before relaxing)
 .rodata.cst16  0x00000000       0x10 libm_pic.a(e_sinh.pico)
 *fill*         0x0001f88b        0x5 
 .rodata.cst8   0x0001f890        0x8 libm_pic.a(e_sinh.pico)
 .rodata.cst4   0x00000000        0x4 libm_pic.a(e_sinh.pico)
 .rodata.cst4   0x0001f898        0x4 libm_pic.a(e_pow.pico)
                                 0x28 (size before relaxing)
 *fill*         0x0001f89c        0x4 
 .rodata.cst8   0x0001f8a0       0x70 libm_pic.a(e_pow.pico)
                                 0xa8 (size before relaxing)
 .rodata.cst16  0x0001f910       0x30 libm_pic.a(e_pow.pico)
 .rodata.cst8   0x0001f940        0x8 libm_pic.a(e_hypot.pico)
 .rodata.cst4   0x00000000        0x8 libm_pic.a(e_cosh.pico)
 .rodata.cst8   0x00000000        0x8 libm_pic.a(e_atanh.pico)
 .rodata.cst4   0x00000000        0x4 libm_pic.a(e_atanh.pico)
 .rodata.cst8   0x00000000        0x8 libm_pic.a(e_acosh.pico)
 .rodata.cst8   0x0001f948       0x38 libm_pic.a(s_expm1.pico)
                                 0x68 (size before relaxing)
 .rodata.cst4   0x00000000       0x1c libm_pic.a(s_expm1.pico)
 .rodata.cst16  0x0001f980       0x10 libm_pic.a(s_expm1.pico)

.rodata1
 *(.rodata1)

.eh_frame_hdr   0x0001f990      0x954
 *(.eh_frame_hdr)
 .eh_frame_hdr  0x0001f990      0x954 libm_pic.a(nanl.pico)

.eh_frame       0x000202e4     0x22b8
 *(.eh_frame)
 .eh_frame      0x000202e4       0x3c /usr/lib/crti.o
                                 0x40 (size before relaxing)
 .eh_frame      0x00020320        0x0 /usr/lib/crtbeginS.o
 .eh_frame      0x00020320       0x38 libm_pic.a(nanl.pico)
 .eh_frame      0x00020358       0x20 libm_pic.a(nanf.pico)
                                 0x38 (size before relaxing)
 .eh_frame      0x00020378       0x20 libm_pic.a(nan.pico)
                                 0x38 (size before relaxing)
 .eh_frame      0x00020398       0x20 libm_pic.a(divxc3.pico)
                                 0x38 (size before relaxing)
 .eh_frame      0x000203b8       0x20 libm_pic.a(divsc3.pico)
                                 0x38 (size before relaxing)
 .eh_frame      0x000203d8       0x20 libm_pic.a(divdc3.pico)
                                 0x38 (size before relaxing)
 .eh_frame      0x000203f8       0x20 libm_pic.a(catanhl.pico)
                                 0x38 (size before relaxing)
 .eh_frame      0x00020418       0x1c libm_pic.a(catanhf.pico)
                                 0x34 (size before relaxing)
 .eh_frame      0x00020434       0x20 libm_pic.a(catanh.pico)
                                 0x38 (size before relaxing)
 .eh_frame      0x00020454       0x20 libm_pic.a(ctanhl.pico)
                                 0x38 (size before relaxing)
 .eh_frame      0x00020474       0x1c libm_pic.a(ctanhf.pico)
                                 0x34 (size before relaxing)
 .eh_frame      0x00020490       0x20 libm_pic.a(ctanh.pico)
                                 0x38 (size before relaxing)
 .eh_frame      0x000204b0       0x20 libm_pic.a(ctanl.pico)
                                 0x38 (size before relaxing)
 .eh_frame      0x000204d0       0x1c libm_pic.a(ctanf.pico)
                                 0x34 (size before relaxing)
 .eh_frame      0x000204ec       0x20 libm_pic.a(ctan.pico)
                                 0x38 (size before relaxing)
 .eh_frame      0x0002050c       0x20 libm_pic.a(csinhl.pico)
                                 0x38 (size before relaxing)
 .eh_frame      0x0002052c       0x1c libm_pic.a(csinhf.pico)
                                 0x34 (size before relaxing)
 .eh_frame      0x00020548       0x20 libm_pic.a(csinh.pico)
                                 0x38 (size before relaxing)
 .eh_frame      0x00020568       0x20 libm_pic.a(csinl.pico)
                                 0x38 (size before relaxing)
 .eh_frame      0x00020588       0x1c libm_pic.a(csinf.pico)
                                 0x34 (size before relaxing)
 .eh_frame      0x000205a4       0x20 libm_pic.a(csin.pico)
                                 0x38 (size before relaxing)
 .eh_frame      0x000205c4       0x1c libm_pic.a(creall.pico)
                                 0x34 (size before relaxing)
 .eh_frame      0x000205e0       0x1c libm_pic.a(crealf.pico)
                                 0x34 (size before relaxing)
 .eh_frame      0x000205fc       0x1c libm_pic.a(creal.pico)
                                 0x34 (size before relaxing)
 .eh_frame      0x00020618       0x1c libm_pic.a(cimagl.pico)
                                 0x34 (size before relaxing)
 .eh_frame      0x00020634       0x1c libm_pic.a(cimagf.pico)
                                 0x34 (size before relaxing)
 .eh_frame      0x00020650       0x1c libm_pic.a(cimag.pico)
                                 0x34 (size before relaxing)
 .eh_frame      0x0002066c       0x20 libm_pic.a(cprojl.pico)
                                 0x38 (size before relaxing)
 .eh_frame      0x0002068c       0x1c libm_pic.a(cprojf.pico)
                                 0x34 (size before relaxing)
 .eh_frame      0x000206a8       0x20 libm_pic.a(cproj.pico)
                                 0x38 (size before relaxing)
 .eh_frame      0x000206c8       0x20 libm_pic.a(cpowl.pico)
                                 0x38 (size before relaxing)
 .eh_frame      0x000206e8       0x20 libm_pic.a(cpowf.pico)
                                 0x38 (size before relaxing)
 .eh_frame      0x00020708       0x20 libm_pic.a(cpow.pico)
                                 0x38 (size before relaxing)
 .eh_frame      0x00020728       0x1c libm_pic.a(conjl.pico)
                                 0x34 (size before relaxing)
 .eh_frame      0x00020744       0x1c libm_pic.a(conjf.pico)
                                 0x34 (size before relaxing)
 .eh_frame      0x00020760       0x1c libm_pic.a(conj.pico)
                                 0x34 (size before relaxing)
 .eh_frame      0x0002077c       0x20 libm_pic.a(cexpl.pico)
                                 0x38 (size before relaxing)
 .eh_frame      0x0002079c       0x1c libm_pic.a(cexpf.pico)
                                 0x34 (size before relaxing)
 .eh_frame      0x000207b8       0x20 libm_pic.a(cexp.pico)
                                 0x38 (size before relaxing)
 .eh_frame      0x000207d8       0x20 libm_pic.a(ccoshl.pico)
                                 0x38 (size before relaxing)
 .eh_frame      0x000207f8       0x1c libm_pic.a(ccoshf.pico)
                                 0x34 (size before relaxing)
 .eh_frame      0x00020814       0x20 libm_pic.a(ccosh.pico)
                                 0x38 (size before relaxing)
 .eh_frame      0x00020834       0x20 libm_pic.a(ccosl.pico)
                                 0x38 (size before relaxing)
 .eh_frame      0x00020854       0x1c libm_pic.a(ccosf.pico)
                                 0x34 (size before relaxing)
 .eh_frame      0x00020870       0x20 libm_pic.a(ccos.pico)
                                 0x38 (size before relaxing)
 .eh_frame      0x00020890       0x20 libm_pic.a(catanl.pico)
                                 0x38 (size before relaxing)
 .eh_frame      0x000208b0       0x20 libm_pic.a(catanf.pico)
                                 0x38 (size before relaxing)
 .eh_frame      0x000208d0       0x20 libm_pic.a(catan.pico)
                                 0x38 (size before relaxing)
 .eh_frame      0x000208f0       0x20 libm_pic.a(casinhl.pico)
                                 0x38 (size before relaxing)
 .eh_frame      0x00020910       0x1c libm_pic.a(casinhf.pico)
                                 0x34 (size before relaxing)
 .eh_frame      0x0002092c       0x20 libm_pic.a(casinh.pico)
                                 0x38 (size before relaxing)
 .eh_frame      0x0002094c       0x1c libm_pic.a(cargl.pico)
                                 0x34 (size before relaxing)
 .eh_frame      0x00020968       0x1c libm_pic.a(cargf.pico)
                                 0x34 (size before relaxing)
 .eh_frame      0x00020984       0x1c libm_pic.a(carg.pico)
                                 0x34 (size before relaxing)
 .eh_frame      0x000209a0       0x20 libm_pic.a(cacoshl.pico)
                                 0x38 (size before relaxing)
 .eh_frame      0x000209c0       0x1c libm_pic.a(cacoshf.pico)
                                 0x34 (size before relaxing)
 .eh_frame      0x000209dc       0x20 libm_pic.a(cacosh.pico)
                                 0x38 (size before relaxing)
 .eh_frame      0x000209fc       0x20 libm_pic.a(cacosl.pico)
                                 0x38 (size before relaxing)
 .eh_frame      0x00020a1c       0x1c libm_pic.a(cacosf.pico)
                                 0x34 (size before relaxing)
 .eh_frame      0x00020a38       0x20 libm_pic.a(cacos.pico)
                                 0x38 (size before relaxing)
 .eh_frame      0x00020a58       0x1c libm_pic.a(compat_cabsf.pico)
                                 0x34 (size before relaxing)
 .eh_frame      0x00020a74       0x1c libm_pic.a(compat_cabs.pico)
                                 0x34 (size before relaxing)
 .eh_frame      0x00020a90       0x54 libm_pic.a(s_fdim.pico)
                                 0x6c (size before relaxing)
 .eh_frame      0x00020ae4       0x20 libm_pic.a(s_fminl.pico)
                                 0x38 (size before relaxing)
 .eh_frame      0x00020b04       0x1c libm_pic.a(s_fminf.pico)
                                 0x34 (size before relaxing)
 .eh_frame      0x00020b20       0x20 libm_pic.a(s_fmin.pico)
                                 0x38 (size before relaxing)
 .eh_frame      0x00020b40       0x20 libm_pic.a(s_fmaxl.pico)
                                 0x38 (size before relaxing)
 .eh_frame      0x00020b60       0x1c libm_pic.a(s_fmaxf.pico)
                                 0x34 (size before relaxing)
 .eh_frame      0x00020b7c       0x20 libm_pic.a(s_fmax.pico)
                                 0x38 (size before relaxing)
 .eh_frame      0x00020b9c       0x20 libm_pic.a(s_modf.pico)
                                 0x38 (size before relaxing)
 .eh_frame      0x00020bbc       0x20 libm_pic.a(llroundf.pico)
                                 0x38 (size before relaxing)
 .eh_frame      0x00020bdc       0x20 libm_pic.a(llround.pico)
                                 0x38 (size before relaxing)
 .eh_frame      0x00020bfc       0x20 libm_pic.a(lroundf.pico)
                                 0x38 (size before relaxing)
 .eh_frame      0x00020c1c       0x20 libm_pic.a(lround.pico)
                                 0x38 (size before relaxing)
 .eh_frame      0x00020c3c       0x20 libm_pic.a(llrintf.pico)
                                 0x38 (size before relaxing)
 .eh_frame      0x00020c5c       0x20 libm_pic.a(llrint.pico)
                                 0x38 (size before relaxing)
 .eh_frame      0x00020c7c       0x20 libm_pic.a(lrintf.pico)
                                 0x38 (size before relaxing)
 .eh_frame      0x00020c9c       0x1c libm_pic.a(w_sqrtf.pico)
                                 0x34 (size before relaxing)
 .eh_frame      0x00020cb8       0x1c libm_pic.a(w_sqrt.pico)
                                 0x34 (size before relaxing)
 .eh_frame      0x00020cd4       0x1c libm_pic.a(w_scalbf.pico)
                                 0x34 (size before relaxing)
 .eh_frame      0x00020cf0       0x1c libm_pic.a(w_powf.pico)
                                 0x34 (size before relaxing)
 .eh_frame      0x00020d0c       0x1c libm_pic.a(w_log2f.pico)
                                 0x34 (size before relaxing)
 .eh_frame      0x00020d28       0x1c libm_pic.a(w_log2.pico)
                                 0x34 (size before relaxing)
 .eh_frame      0x00020d44       0x1c libm_pic.a(w_log10f.pico)
                                 0x34 (size before relaxing)
 .eh_frame      0x00020d60       0x1c libm_pic.a(w_lgammaf_r.pico)
                                 0x34 (size before relaxing)
 .eh_frame      0x00020d7c       0x1c libm_pic.a(w_lgammaf.pico)
                                 0x34 (size before relaxing)
 .eh_frame      0x00020d98       0x1c libm_pic.a(w_lgamma_r.pico)
                                 0x34 (size before relaxing)
 .eh_frame      0x00020db4       0x1c libm_pic.a(w_lgamma.pico)
                                 0x34 (size before relaxing)
 .eh_frame      0x00020dd0       0x40 libm_pic.a(w_jnf.pico)
                                 0x58 (size before relaxing)
 .eh_frame      0x00020e10       0x40 libm_pic.a(w_jn.pico)
                                 0x58 (size before relaxing)
 .eh_frame      0x00020e50       0x38 libm_pic.a(w_j1f.pico)
                                 0x50 (size before relaxing)
 .eh_frame      0x00020e88       0x38 libm_pic.a(w_j1.pico)
                                 0x50 (size before relaxing)
 .eh_frame      0x00020ec0       0x38 libm_pic.a(w_j0f.pico)
                                 0x50 (size before relaxing)
 .eh_frame      0x00020ef8       0x38 libm_pic.a(w_j0.pico)
                                 0x50 (size before relaxing)
 .eh_frame      0x00020f30       0x1c libm_pic.a(w_gammaf_r.pico)
                                 0x34 (size before relaxing)
 .eh_frame      0x00020f4c       0x1c libm_pic.a(w_gammaf.pico)
                                 0x34 (size before relaxing)
 .eh_frame      0x00020f68       0x1c libm_pic.a(w_gamma_r.pico)
                                 0x34 (size before relaxing)
 .eh_frame      0x00020f84       0x1c libm_pic.a(w_gamma.pico)
                                 0x34 (size before relaxing)
 .eh_frame      0x00020fa0       0x1c libm_pic.a(w_fmodl.pico)
                                 0x34 (size before relaxing)
 .eh_frame      0x00020fbc       0x1c libm_pic.a(w_fmodf.pico)
                                 0x34 (size before relaxing)
 .eh_frame      0x00020fd8       0x1c libm_pic.a(w_fmod.pico)
                                 0x34 (size before relaxing)
 .eh_frame      0x00020ff4       0x1c libm_pic.a(w_dremf.pico)
                                 0x34 (size before relaxing)
 .eh_frame      0x00021010       0x1c libm_pic.a(w_drem.pico)
                                 0x34 (size before relaxing)
 .eh_frame      0x0002102c       0x1c libm_pic.a(w_atanhf.pico)
                                 0x34 (size before relaxing)
 .eh_frame      0x00021048       0x1c libm_pic.a(w_asinf.pico)
                                 0x34 (size before relaxing)
 .eh_frame      0x00021064       0x1c libm_pic.a(w_acoshf.pico)
                                 0x34 (size before relaxing)
 .eh_frame      0x00021080       0x1c libm_pic.a(w_acosf.pico)
                                 0x34 (size before relaxing)
 .eh_frame      0x0002109c       0x20 libm_pic.a(s_truncl.pico)
                                 0x38 (size before relaxing)
 .eh_frame      0x000210bc       0x1c libm_pic.a(s_truncf.pico)
                                 0x34 (size before relaxing)
 .eh_frame      0x000210d8       0x20 libm_pic.a(s_trunc.pico)
                                 0x38 (size before relaxing)
 .eh_frame      0x000210f8       0x1c libm_pic.a(s_tgammaf.pico)
                                 0x34 (size before relaxing)
 .eh_frame      0x00021114       0x20 libm_pic.a(s_tanhf.pico)
                                 0x38 (size before relaxing)
 .eh_frame      0x00021134       0x1c libm_pic.a(s_roundl.pico)
                                 0x34 (size before relaxing)
 .eh_frame      0x00021150       0x1c libm_pic.a(s_roundf.pico)
                                 0x34 (size before relaxing)
 .eh_frame      0x0002116c       0x1c libm_pic.a(s_round.pico)
                                 0x34 (size before relaxing)
 .eh_frame      0x00021188       0x20 libm_pic.a(s_remquof.pico)
                                 0x38 (size before relaxing)
 .eh_frame      0x000211a8       0x20 libm_pic.a(s_remquo.pico)
                                 0x38 (size before relaxing)
 .eh_frame      0x000211c8       0x1c libm_pic.a(s_nextafterf.pico)
                                 0x34 (size before relaxing)
 .eh_frame      0x000211e4       0x20 libm_pic.a(s_modfl.pico)
                                 0x38 (size before relaxing)
 .eh_frame      0x00021204       0x1c libm_pic.a(s_modff.pico)
                                 0x34 (size before relaxing)
 .eh_frame      0x00021220       0x1c libm_pic.a(s_isinff.pico)
                                 0x34 (size before relaxing)
 .eh_frame      0x0002123c       0x20 libm_pic.a(s_frexpf.pico)
                                 0x38 (size before relaxing)
 .eh_frame      0x0002125c       0x20 libm_pic.a(s_floorl.pico)
                                 0x38 (size before relaxing)
 .eh_frame      0x0002127c       0x1c libm_pic.a(s_fabsl.pico)
                                 0x34 (size before relaxing)
 .eh_frame      0x00021298       0x1c libm_pic.a(s_fabsf.pico)
                                 0x34 (size before relaxing)
 .eh_frame      0x000212b4       0x1c libm_pic.a(s_exp2f.pico)
                                 0x34 (size before relaxing)
 .eh_frame      0x000212d0       0x40 libm_pic.a(s_erff.pico)
                                 0x58 (size before relaxing)
 .eh_frame      0x00021310       0x20 libm_pic.a(s_ceill.pico)
                                 0x38 (size before relaxing)
 .eh_frame      0x00021330       0x20 libm_pic.a(s_cbrtl.pico)
                                 0x38 (size before relaxing)
 .eh_frame      0x00021350       0x1c libm_pic.a(s_cbrtf.pico)
                                 0x34 (size before relaxing)
 .eh_frame      0x0002136c       0x20 libm_pic.a(s_cbrt.pico)
                                 0x38 (size before relaxing)
 .eh_frame      0x0002138c       0x20 libm_pic.a(s_asinhf.pico)
                                 0x38 (size before relaxing)
 .eh_frame      0x000213ac       0x20 libm_pic.a(k_tanf.pico)
                                 0x38 (size before relaxing)
 .eh_frame      0x000213cc       0x20 libm_pic.a(k_tan.pico)
                                 0x38 (size before relaxing)
 .eh_frame      0x000213ec       0x20 libm_pic.a(e_rem_pio2f.pico)
                                 0x38 (size before relaxing)
 .eh_frame      0x0002140c       0x20 libm_pic.a(e_rem_pio2.pico)
                                 0x38 (size before relaxing)
 .eh_frame      0x0002142c       0x20 libm_pic.a(e_powf.pico)
                                 0x38 (size before relaxing)
 .eh_frame      0x0002144c       0x20 libm_pic.a(e_lgammaf_r.pico)
                                 0x38 (size before relaxing)
 .eh_frame      0x0002146c       0x20 libm_pic.a(e_lgamma_r.pico)
                                 0x38 (size before relaxing)
 .eh_frame      0x0002148c       0x40 libm_pic.a(e_jnf.pico)
                                 0x58 (size before relaxing)
 .eh_frame      0x000214cc       0x40 libm_pic.a(e_jn.pico)
                                 0x58 (size before relaxing)
 .eh_frame      0x0002150c       0x5c libm_pic.a(e_j1f.pico)
                                 0x74 (size before relaxing)
 .eh_frame      0x00021568       0x5c libm_pic.a(e_j1.pico)
                                 0x74 (size before relaxing)
 .eh_frame      0x000215c4       0x5c libm_pic.a(e_j0f.pico)
                                 0x74 (size before relaxing)
 .eh_frame      0x00021620       0x5c libm_pic.a(e_j0.pico)
                                 0x74 (size before relaxing)
 .eh_frame      0x0002167c       0x20 libm_pic.a(e_fmodl.pico)
                                 0x38 (size before relaxing)
 .eh_frame      0x0002169c       0x20 libm_pic.a(e_fmodf.pico)
                                 0x38 (size before relaxing)
 .eh_frame      0x000216bc       0x20 libm_pic.a(e_atanhf.pico)
                                 0x38 (size before relaxing)
 .eh_frame      0x000216dc       0x20 libm_pic.a(e_asinf.pico)
                                 0x38 (size before relaxing)
 .eh_frame      0x000216fc       0x1c libm_pic.a(e_acoshf.pico)
                                 0x34 (size before relaxing)
 .eh_frame      0x00021718       0x1c libm_pic.a(e_acosf.pico)
                                 0x34 (size before relaxing)
 .eh_frame      0x00021734       0x40 libm_pic.a(b_tgamma.pico)
                                 0x58 (size before relaxing)
 .eh_frame      0x00021774       0x20 libm_pic.a(b_log.pico)
                                 0x38 (size before relaxing)
 .eh_frame      0x00021794       0x1c libm_pic.a(b_exp.pico)
                                 0x34 (size before relaxing)
 .eh_frame      0x000217b0       0x20 libm_pic.a(s_fmal.pico)
                                 0x38 (size before relaxing)
 .eh_frame      0x000217d0       0x20 libm_pic.a(s_fmaf.pico)
                                 0x38 (size before relaxing)
 .eh_frame      0x000217f0       0x20 libm_pic.a(s_fma.pico)
                                 0x38 (size before relaxing)
 .eh_frame      0x00021810       0x60 libm_pic.a(s_nearbyint.pico)
                                 0x78 (size before relaxing)
 .eh_frame      0x00021870       0x20 libm_pic.a(s_nexttowardf.pico)
                                 0x38 (size before relaxing)
 .eh_frame      0x00021890       0x20 libm_pic.a(s_nexttoward.pico)
                                 0x38 (size before relaxing)
 .eh_frame      0x000218b0       0x58 libm_pic.a(cephes_subrl.pico)
                                 0x70 (size before relaxing)
 .eh_frame      0x00021908       0x58 libm_pic.a(cephes_subrf.pico)
                                 0x70 (size before relaxing)
 .eh_frame      0x00021960       0x58 libm_pic.a(cephes_subr.pico)
                                 0x70 (size before relaxing)
 .eh_frame      0x000219b8       0x20 libm_pic.a(casinl.pico)
                                 0x38 (size before relaxing)
 .eh_frame      0x000219d8       0x1c libm_pic.a(casinf.pico)
                                 0x34 (size before relaxing)
 .eh_frame      0x000219f4       0x20 libm_pic.a(casin.pico)
                                 0x38 (size before relaxing)
 .eh_frame      0x00021a14       0x20 libm_pic.a(s_frexpl.pico)
                                 0x38 (size before relaxing)
 .eh_frame      0x00021a34       0x20 libm_pic.a(s_frexp.pico)
                                 0x38 (size before relaxing)
 .eh_frame      0x00021a54       0x1c libm_pic.a(w_sinhf.pico)
                                 0x34 (size before relaxing)
 .eh_frame      0x00021a70       0x1c libm_pic.a(w_scalb.pico)
                                 0x34 (size before relaxing)
 .eh_frame      0x00021a8c       0x1c libm_pic.a(w_remainderf.pico)
                                 0x34 (size before relaxing)
 .eh_frame      0x00021aa8       0x1c libm_pic.a(w_remainder.pico)
                                 0x34 (size before relaxing)
 .eh_frame      0x00021ac4       0x1c libm_pic.a(w_expf.pico)
                                 0x34 (size before relaxing)
 .eh_frame      0x00021ae0       0x1c libm_pic.a(w_coshf.pico)
                                 0x34 (size before relaxing)
 .eh_frame      0x00021afc       0x20 libm_pic.a(s_nextafterl.pico)
                                 0x38 (size before relaxing)
 .eh_frame      0x00021b1c       0x20 libm_pic.a(s_nextafter.pico)
                                 0x38 (size before relaxing)
 .eh_frame      0x00021b3c       0x1c libm_pic.a(k_sinf.pico)
                                 0x34 (size before relaxing)
 .eh_frame      0x00021b58       0x1c libm_pic.a(k_sin.pico)
                                 0x34 (size before relaxing)
 .eh_frame      0x00021b74       0x20 libm_pic.a(k_rem_pio2f.pico)
                                 0x38 (size before relaxing)
 .eh_frame      0x00021b94       0x20 libm_pic.a(k_rem_pio2.pico)
                                 0x38 (size before relaxing)
 .eh_frame      0x00021bb4       0x1c libm_pic.a(k_cosf.pico)
                                 0x34 (size before relaxing)
 .eh_frame      0x00021bd0       0x1c libm_pic.a(k_cos.pico)
                                 0x34 (size before relaxing)
 .eh_frame      0x00021bec       0x20 libm_pic.a(e_sinhf.pico)
                                 0x38 (size before relaxing)
 .eh_frame      0x00021c0c       0x20 libm_pic.a(e_coshf.pico)
                                 0x38 (size before relaxing)
 .eh_frame      0x00021c2c       0x1c libm_pic.a(s_rintl.pico)
                                 0x34 (size before relaxing)
 .eh_frame      0x00021c48       0x1c libm_pic.a(mulxc3.pico)
                                 0x34 (size before relaxing)
 .eh_frame      0x00021c64       0x1c libm_pic.a(mulsc3.pico)
                                 0x34 (size before relaxing)
 .eh_frame      0x00021c80       0x1c libm_pic.a(muldc3.pico)
                                 0x34 (size before relaxing)
 .eh_frame      0x00021c9c       0x20 libm_pic.a(csqrtl.pico)
                                 0x38 (size before relaxing)
 .eh_frame      0x00021cbc       0x1c libm_pic.a(csqrtf.pico)
                                 0x34 (size before relaxing)
 .eh_frame      0x00021cd8       0x20 libm_pic.a(csqrt.pico)
                                 0x38 (size before relaxing)
 .eh_frame      0x00021cf8       0x20 libm_pic.a(clogl.pico)
                                 0x38 (size before relaxing)
 .eh_frame      0x00021d18       0x1c libm_pic.a(clogf.pico)
                                 0x34 (size before relaxing)
 .eh_frame      0x00021d34       0x20 libm_pic.a(clog.pico)
                                 0x38 (size before relaxing)
 .eh_frame      0x00021d54       0x1c libm_pic.a(cabsl.pico)
                                 0x34 (size before relaxing)
 .eh_frame      0x00021d70       0x1c libm_pic.a(cabsf.pico)
                                 0x34 (size before relaxing)
 .eh_frame      0x00021d8c       0x1c libm_pic.a(cabs.pico)
                                 0x34 (size before relaxing)
 .eh_frame      0x00021da8       0x1c libm_pic.a(w_sqrtl.pico)
                                 0x34 (size before relaxing)
 .eh_frame      0x00021dc4       0x1c libm_pic.a(w_logf.pico)
                                 0x34 (size before relaxing)
 .eh_frame      0x00021de0       0x1c libm_pic.a(w_hypotf.pico)
                                 0x34 (size before relaxing)
 .eh_frame      0x00021dfc       0x1c libm_pic.a(w_atan2f.pico)
                                 0x34 (size before relaxing)
 .eh_frame      0x00021e18       0x1c libm_pic.a(s_isnanf.pico)
                                 0x34 (size before relaxing)
 .eh_frame      0x00021e34       0x1c libm_pic.a(s_expm1f.pico)
                                 0x34 (size before relaxing)
 .eh_frame      0x00021e50       0x1c libm_pic.a(s_copysignl.pico)
                                 0x34 (size before relaxing)
 .eh_frame      0x00021e6c      0x24c libm_pic.a(ldbl_dummy.pico)
                                0x264 (size before relaxing)
 .eh_frame      0x000220b8       0x20 libm_pic.a(e_sqrtl.pico)
                                 0x38 (size before relaxing)
 .eh_frame      0x000220d8       0x20 libm_pic.a(e_hypotf.pico)
                                 0x38 (size before relaxing)
 .eh_frame      0x000220f8      0x1a4 libm_pic.a(fenv.pico)
                                0x1bc (size before relaxing)
 .eh_frame      0x0002229c       0x1c libm_pic.a(w_sinh.pico)
                                 0x34 (size before relaxing)
 .eh_frame      0x000222b8       0x1c libm_pic.a(w_pow.pico)
                                 0x34 (size before relaxing)
 .eh_frame      0x000222d4       0x1c libm_pic.a(w_log10.pico)
                                 0x34 (size before relaxing)
 .eh_frame      0x000222f0       0x1c libm_pic.a(w_log.pico)
                                 0x34 (size before relaxing)
 .eh_frame      0x0002230c       0x1c libm_pic.a(w_hypot.pico)
                                 0x34 (size before relaxing)
 .eh_frame      0x00022328       0x1c libm_pic.a(w_exp.pico)
                                 0x34 (size before relaxing)
 .eh_frame      0x00022344       0x1c libm_pic.a(w_cosh.pico)
                                 0x34 (size before relaxing)
 .eh_frame      0x00022360       0x1c libm_pic.a(w_atanh.pico)
                                 0x34 (size before relaxing)
 .eh_frame      0x0002237c       0x1c libm_pic.a(w_atan2.pico)
                                 0x34 (size before relaxing)
 .eh_frame      0x00022398       0x1c libm_pic.a(w_asin.pico)
                                 0x34 (size before relaxing)
 .eh_frame      0x000223b4       0x1c libm_pic.a(w_acosh.pico)
                                 0x34 (size before relaxing)
 .eh_frame      0x000223d0       0x1c libm_pic.a(w_acos.pico)
                                 0x34 (size before relaxing)
 .eh_frame      0x000223ec       0x1c libm_pic.a(s_tanh.pico)
                                 0x34 (size before relaxing)
 .eh_frame      0x00022408       0x1c libm_pic.a(s_exp2.pico)
                                 0x34 (size before relaxing)
 .eh_frame      0x00022424       0x40 libm_pic.a(s_erf.pico)
                                 0x58 (size before relaxing)
 .eh_frame      0x00022464       0x20 libm_pic.a(s_asinh.pico)
                                 0x38 (size before relaxing)
 .eh_frame      0x00022484       0x20 libm_pic.a(k_standard.pico)
                                 0x38 (size before relaxing)
 .eh_frame      0x000224a4       0x20 libm_pic.a(e_sinh.pico)
                                 0x38 (size before relaxing)
 .eh_frame      0x000224c4       0x20 libm_pic.a(e_pow.pico)
                                 0x38 (size before relaxing)
 .eh_frame      0x000224e4       0x20 libm_pic.a(e_hypot.pico)
                                 0x38 (size before relaxing)
 .eh_frame      0x00022504       0x20 libm_pic.a(e_cosh.pico)
                                 0x38 (size before relaxing)
 .eh_frame      0x00022524       0x20 libm_pic.a(e_atanh.pico)
                                 0x38 (size before relaxing)
 .eh_frame      0x00022544       0x1c libm_pic.a(e_acosh.pico)
                                 0x34 (size before relaxing)
 .eh_frame      0x00022560       0x1c libm_pic.a(s_matherr.pico)