Archive member included because of file (symbol)

libBIG5_pic.a(citrus_big5.pico)
                              (--whole-archive)
libBIG5_pic.a(citrus_prop.pico)
                              (--whole-archive)

Discarded input sections

 .note.GNU-stack
                0x00000000        0x0 libBIG5_pic.a(citrus_big5.pico)
 .note.GNU-stack
                0x00000000        0x0 libBIG5_pic.a(citrus_prop.pico)

Memory Configuration

Name             Origin             Length             Attributes
*default*        0x00000000         0xffffffff

Linker script and memory map

LOAD /usr/lib/crti.o
LOAD /usr/lib/crtbeginS.o
LOAD libBIG5_pic.a
LOAD /usr/lib/libc.so
LOAD /usr/lib/crtendS.o
LOAD /usr/lib/crtn.o
                0x000000f4                . = (0x0 + SIZEOF_HEADERS)

.note.gnu.build-id
 *(.note.gnu.build-id)

.hash           0x000000f4       0xc4
 *(.hash)
 .hash          0x000000f4       0xc4 /usr/lib/crti.o

.gnu.hash
 *(.gnu.hash)

.dynsym         0x000001b8      0x1e0
 *(.dynsym)
 .dynsym        0x000001b8      0x1e0 /usr/lib/crti.o

.dynstr         0x00000398      0x1c2
 *(.dynstr)
 .dynstr        0x00000398      0x1c2 /usr/lib/crti.o

.gnu.version    0x0000055a        0x0
 *(.gnu.version)
 .gnu.version   0x00000000        0x0 /usr/lib/crti.o

.gnu.version_d  0x0000055c        0x0
 *(.gnu.version_d)
 .gnu.version_d
                0x00000000        0x0 /usr/lib/crti.o

.gnu.version_r  0x0000055c        0x0
 *(.gnu.version_r)
 .gnu.version_r
                0x00000000        0x0 /usr/lib/crti.o

.rel.dyn        0x0000055c      0x168
 *(.rel.init)
 *(.rel.text .rel.text.* .rel.gnu.linkonce.t.*)
 *(.rel.fini)
 *(.rel.rodata .rel.rodata.* .rel.gnu.linkonce.r.*)
 *(.rel.data.rel.ro .rel.data.rel.ro.* .rel.gnu.linkonce.d.rel.ro.*)
 .rel.data.rel.ro.local
                0x0000055c       0x50 /usr/lib/crti.o
 *(.rel.data .rel.data.* .rel.gnu.linkonce.d.*)
 .rel.data.rel  0x000005ac        0x8 /usr/lib/crti.o
 .rel.data.rel.local
                0x000005b4       0xd8 /usr/lib/crti.o
 *(.rel.tdata .rel.tdata.* .rel.gnu.linkonce.td.*)
 *(.rel.tbss .rel.tbss.* .rel.gnu.linkonce.tb.*)
 *(.rel.ctors)
 *(.rel.dtors)
 *(.rel.got)
 .rel.got       0x0000068c       0x38 /usr/lib/crti.o
 *(.rel.bss .rel.bss.* .rel.gnu.linkonce.b.*)
 *(.rel.ifunc)
 .rel.ifunc     0x00000000        0x0 /usr/lib/crti.o

.rel.plt        0x000006c4       0xa0
 *(.rel.plt)
 .rel.plt       0x000006c4       0xa0 /usr/lib/crti.o
 *(.rel.iplt)

.init           0x00000770        0xa
 *(SORT(.init))
 .init          0x00000770        0x3 /usr/lib/crti.o
                0x00000770                _init
 .init          0x00000773        0x5 /usr/lib/crtbeginS.o
 .init          0x00000778        0x2 /usr/lib/crtn.o

.plt            0x00000780      0x150
 *(.plt)
 .plt           0x00000780      0x150 /usr/lib/crti.o
 *(.iplt)

.text           0x000008d0     0x27ec
                0x000008d0                PROVIDE (__eprol, .)
 *(.text)
 .text          0x000008d0        0x0 /usr/lib/crti.o
 .text          0x000008d0       0xef /usr/lib/crtbeginS.o
 *fill*         0x000009bf        0x1 
 .text          0x000009c0     0x187c libBIG5_pic.a(citrus_big5.pico)
                0x000019f0                _citrus_BIG5_ctype_getops
                0x00001db0                _citrus_BIG5_stdenc_getops
 *fill*         0x0000223c        0x4 
 .text          0x00002240      0xe7a libBIG5_pic.a(citrus_prop.pico)
                0x00002240                _citrus_prop_parse_variable
 *fill*         0x000030ba        0x2 
 .text          0x000030bc        0x0 /usr/lib/crtendS.o
 .text          0x000030bc        0x0 /usr/lib/crtn.o
 *(.text.unlikely .text.*_unlikely)
 *(.text.exit .text.exit.*)
 *(.text.startup .text.startup.*)
 *(.text.hot .text.hot.*)
 *(.stub .text.* .gnu.linkonce.t.*)
 *(.gnu.warning)

.fini           0x000030c0        0xa
 *(SORT(.fini))
 .fini          0x000030c0        0x3 /usr/lib/crti.o
                0x000030c0                _fini
 .fini          0x000030c3        0x5 /usr/lib/crtbeginS.o
 .fini          0x000030c8        0x2 /usr/lib/crtn.o
                0x000030ca                PROVIDE (__etext, .)
                0x000030ca                PROVIDE (_etext, .)
                0x000030ca                PROVIDE (etext, .)

.rodata         0x000030cc       0x61
 *(.rodata .rodata.* .gnu.linkonce.r.*)
 .rodata.str1.1
                0x000030cc       0x11 libBIG5_pic.a(citrus_big5.pico)
 *fill*         0x000030dd        0x3 
 .rodata        0x000030e0       0x3c libBIG5_pic.a(citrus_prop.pico)
 .rodata.str1.1
                0x0000311c       0x11 libBIG5_pic.a(citrus_prop.pico)

.rodata1
 *(.rodata1)

.eh_frame_hdr   0x00003130      0x14c
 *(.eh_frame_hdr)
 .eh_frame_hdr  0x00003130      0x14c libBIG5_pic.a(citrus_big5.pico)

.eh_frame       0x0000327c      0x520
 *(.eh_frame)
 .eh_frame      0x0000327c       0x3c /usr/lib/crti.o
                                 0x40 (size before relaxing)
 .eh_frame      0x000032b8        0x0 /usr/lib/crtbeginS.o
 .eh_frame      0x000032b8      0x420 libBIG5_pic.a(citrus_big5.pico)
 .eh_frame      0x000036d8       0xc0 libBIG5_pic.a(citrus_prop.pico)
                                 0xd8 (size before relaxing)
 .eh_frame      0x00003798        0x4 /usr/lib/crtendS.o

.note.netbsd.ident
                0x0000379c       0x18
 .note.netbsd.ident
                0x0000379c       0x18 /usr/lib/crti.o

.note.netbsd.pax
                0x000037b4       0x14
 .note.netbsd.pax
                0x000037b4       0x14 /usr/lib/crti.o

.gcc_except_table
 *(.gcc_except_table .gcc_except_table.*)

.exception_ranges
 *(.exception_ranges .exception_ranges*)
                0x000037c8                . = (ALIGN (0x1000) - ((0x1000 - .) & 0xfff))
                0x000047c8                . = DATA_SEGMENT_ALIGN (0x1000, 0x1000)

.eh_frame
 *(.eh_frame)

.gcc_except_table
 *(.gcc_except_table .gcc_except_table.*)

.exception_ranges
 *(.exception_ranges .exception_ranges*)

.tdata
 *(.tdata .tdata.* .gnu.linkonce.td.*)

.tbss
 *(.tbss .tbss.* .gnu.linkonce.tb.*)
 *(.tcommon)

.preinit_array
 *(.preinit_array)

.init_array
 *(SORT(.init_array.*))
 *(.init_array)

.fini_array
 *(SORT(.fini_array.*))
 *(.fini_array)

.ctors          0x000047c8        0x8
 *crtbegin.o(.ctors)
 *crtbegin?.o(.ctors)
 .ctors         0x000047c8        0x4 /usr/lib/crtbeginS.o
 *(EXCLUDE_FILE(*crtend?.o *crtend.o) .ctors)
 *(SORT(.ctors.*))
 *(.ctors)
 .ctors         0x000047cc        0x4 /usr/lib/crtendS.o
                0x000047cc                __CTOR_LIST_END__

.dtors          0x000047d0        0x8
 *crtbegin.o(.dtors)
 *crtbegin?.o(.dtors)
 .dtors         0x000047d0        0x4 /usr/lib/crtbeginS.o
 *(EXCLUDE_FILE(*crtend?.o *crtend.o) .dtors)
 *(SORT(.dtors.*))
 *(.dtors)
 .dtors         0x000047d4        0x4 /usr/lib/crtendS.o

.jcr            0x000047d8        0x4
 *(.jcr)
 .jcr           0x000047d8        0x0 /usr/lib/crtbeginS.o
 .jcr           0x000047d8        0x4 /usr/lib/crtendS.o

.data.rel.ro    0x000047dc       0x40
 *(.data.rel.ro.local* .gnu.linkonce.d.rel.ro.local.*)
 .data.rel.ro.local
                0x000047dc       0x30 libBIG5_pic.a(citrus_big5.pico)
 .data.rel.ro.local
                0x0000480c       0x10 libBIG5_pic.a(citrus_prop.pico)
 *(.data.rel.ro .data.rel.ro.* .gnu.linkonce.d.rel.ro.*)

.dynamic        0x0000481c       0xb8
 *(.dynamic)
 .dynamic       0x0000481c       0xb8 /usr/lib/crti.o
                0x0000481c                _DYNAMIC

.got            0x000048d4       0x1c
 *(.got)
 .got           0x000048d4       0x1c /usr/lib/crti.o
 *(.igot)
                0x000048f0                . = DATA_SEGMENT_RELRO_END (., (SIZEOF (.got.plt) >= 0xc)?0xc:0x0)

.got.plt        0x000048f0       0x5c
 *(.got.plt)
 .got.plt       0x000048f0       0x5c /usr/lib/crti.o
                0x000048f0                _GLOBAL_OFFSET_TABLE_
 *(.igot.plt)

.data           0x0000494c       0x9c
 *(.data .data.* .gnu.linkonce.d.*)
 .data          0x0000494c        0x0 /usr/lib/crti.o
 .data          0x0000494c        0x0 /usr/lib/crtbeginS.o
 .data.rel      0x0000494c       0x26 /usr/lib/crtbeginS.o
                0x0000494c                __dso_handle
 *fill*         0x00004972        0x2 
 .data          0x00004974        0x0 libBIG5_pic.a(citrus_big5.pico)
 .data.rel.local
                0x00004974       0x74 libBIG5_pic.a(citrus_big5.pico)
                0x00004974                _citrus_BIG5_ctype_ops
                0x000049c0                _citrus_BIG5_stdenc_ops
 .data          0x000049e8        0x0 libBIG5_pic.a(citrus_prop.pico)
 .data          0x000049e8        0x0 /usr/lib/crtendS.o
 .data          0x000049e8        0x0 /usr/lib/crtn.o

.data1
 *(.data1)
                0x000049e8                _edata = .
                0x000049e8                PROVIDE (edata, .)
                0x000049e8                . = .
                0x000049e8                __bss_start = .

.bss            0x000049e8        0x0
 *(.dynbss)
 .dynbss        0x00000000        0x0 /usr/lib/crti.o
 *(.bss .bss.* .gnu.linkonce.b.*)
 .bss           0x000049e8        0x0 /usr/lib/crti.o
 .bss           0x000049e8        0x0 /usr/lib/crtbeginS.o
 .bss           0x000049e8        0x0 libBIG5_pic.a(citrus_big5.pico)
 .bss           0x000049e8        0x0 libBIG5_pic.a(citrus_prop.pico)
 .bss           0x000049e8        0x0 /usr/lib/crtendS.o
 .bss           0x000049e8        0x0 /usr/lib/crtn.o
 *(COMMON)
                0x000049e8                . = ALIGN ((. != 0x0)?0x4:0x1)
                0x000049e8                . = ALIGN (0x4)
                0x000049e8                . = ALIGN (0x4)
                0x000049e8                _end = .
                0x000049e8                PROVIDE (end, .)
                0x000049e8                . = DATA_SEGMENT_END (.)

.stab
 *(.stab)

.stabstr
 *(.stabstr)

.stab.excl
 *(.stab.excl)

.stab.exclstr
 *(.stab.exclstr)

.stab.index
 *(.stab.index)

.stab.indexstr
 *(.stab.indexstr)

.comment        0x00000000       0x2f
 *(.comment)
 .comment       0x00000000       0x2f libBIG5_pic.a(citrus_big5.pico)
                                 0x30 (size before relaxing)
 .comment       0x00000000       0x30 libBIG5_pic.a(citrus_prop.pico)

.ident          0x00000000      0x155
 .ident         0x00000000       0x36 /usr/lib/crti.o
 .ident         0x00000036       0x3a /usr/lib/crtbeginS.o
 .ident         0x00000070       0x3c libBIG5_pic.a(citrus_big5.pico)
 .ident         0x000000ac       0x3b libBIG5_pic.a(citrus_prop.pico)
 .ident         0x000000e7       0x38 /usr/lib/crtendS.o
 .ident         0x0000011f       0x36 /usr/lib/crtn.o

.debug
 *(.debug)

.line
 *(.line)

.debug_srcinfo
 *(.debug_srcinfo)

.debug_sfnames
 *(.debug_sfnames)

.debug_aranges
 *(.debug_aranges)

.debug_pubnames
 *(.debug_pubnames)

.debug_info
 *(.debug_info .gnu.linkonce.wi.*)

.debug_abbrev
 *(.debug_abbrev)

.debug_line
 *(.debug_line)

.debug_frame
 *(.debug_frame)

.debug_str
 *(.debug_str)

.debug_loc
 *(.debug_loc)

.debug_macinfo
 *(.debug_macinfo)

.debug_weaknames
 *(.debug_weaknames)

.debug_funcnames
 *(.debug_funcnames)

.debug_typenames
 *(.debug_typenames)

.debug_varnames
 *(.debug_varnames)

.debug_pubtypes
 *(.debug_pubtypes)

.debug_ranges
 *(.debug_ranges)

.debug_macro
 *(.debug_macro)

.gnu.attributes
 *(.gnu.attributes)

/DISCARD/
 *(.note.GNU-stack)
 *(.gnu_debuglink)
 *(.gnu.lto_*)
OUTPUT(libBIG5.so.5.0 elf32-i386-minix)
