Archive member included because of file (symbol)

libEUC_pic.a(citrus_euc.pico)
                              (--whole-archive)

Discarded input sections

 .note.GNU-stack
                0x00000000        0x0 libEUC_pic.a(citrus_euc.pico)

Memory Configuration

Name             Origin             Length             Attributes
*default*        0x00000000         0xffffffff

Linker script and memory map

LOAD /usr/lib/crti.o
LOAD /usr/lib/crtbeginS.o
LOAD libEUC_pic.a
LOAD /usr/lib/libc.so
LOAD /usr/lib/crtendS.o
LOAD /usr/lib/crtn.o
                0x000000f4                . = (0x0 + SIZEOF_HEADERS)

.note.gnu.build-id
 *(.note.gnu.build-id)

.hash           0x000000f4       0x98
 *(.hash)
 .hash          0x000000f4       0x98 /usr/lib/crti.o

.gnu.hash
 *(.gnu.hash)

.dynsym         0x0000018c      0x130
 *(.dynsym)
 .dynsym        0x0000018c      0x130 /usr/lib/crti.o

.dynstr         0x000002bc      0x129
 *(.dynstr)
 .dynstr        0x000002bc      0x129 /usr/lib/crti.o

.gnu.version    0x000003e6        0x0
 *(.gnu.version)
 .gnu.version   0x00000000        0x0 /usr/lib/crti.o

.gnu.version_d  0x000003e8        0x0
 *(.gnu.version_d)
 .gnu.version_d
                0x00000000        0x0 /usr/lib/crti.o

.gnu.version_r  0x000003e8        0x0
 *(.gnu.version_r)
 .gnu.version_r
                0x00000000        0x0 /usr/lib/crti.o

.rel.dyn        0x000003e8      0x118
 *(.rel.init)
 *(.rel.text .rel.text.* .rel.gnu.linkonce.t.*)
 *(.rel.fini)
 *(.rel.rodata .rel.rodata.* .rel.gnu.linkonce.r.*)
 *(.rel.data.rel.ro .rel.data.rel.ro.* .rel.gnu.linkonce.d.rel.ro.*)
 *(.rel.data .rel.data.* .rel.gnu.linkonce.d.*)
 .rel.data.rel  0x000003e8        0x8 /usr/lib/crti.o
 .rel.data.rel.local
                0x000003f0       0xd8 /usr/lib/crti.o
 *(.rel.tdata .rel.tdata.* .rel.gnu.linkonce.td.*)
 *(.rel.tbss .rel.tbss.* .rel.gnu.linkonce.tb.*)
 *(.rel.ctors)
 *(.rel.dtors)
 *(.rel.got)
 .rel.got       0x000004c8       0x38 /usr/lib/crti.o
 *(.rel.bss .rel.bss.* .rel.gnu.linkonce.b.*)
 *(.rel.ifunc)
 .rel.ifunc     0x00000000        0x0 /usr/lib/crti.o

.rel.plt        0x00000500       0x48
 *(.rel.plt)
 .rel.plt       0x00000500       0x48 /usr/lib/crti.o
 *(.rel.iplt)

.init           0x00000550        0xa
 *(SORT(.init))
 .init          0x00000550        0x3 /usr/lib/crti.o
                0x00000550                _init
 .init          0x00000553        0x5 /usr/lib/crtbeginS.o
 .init          0x00000558        0x2 /usr/lib/crtn.o

.plt            0x00000560       0xa0
 *(.plt)
 .plt           0x00000560       0xa0 /usr/lib/crti.o
 *(.iplt)

.text           0x00000600     0x1a18
                0x00000600                PROVIDE (__eprol, .)
 *(.text)
 .text          0x00000600        0x0 /usr/lib/crti.o
 .text          0x00000600       0xef /usr/lib/crtbeginS.o
 *fill*         0x000006ef        0x1 
 .text          0x000006f0     0x1925 libEUC_pic.a(citrus_euc.pico)
                0x000018e0                _citrus_EUC_ctype_getops
                0x00001d00                _citrus_EUC_stdenc_getops
 *fill*         0x00002015        0x3 
 .text          0x00002018        0x0 /usr/lib/crtendS.o
 .text          0x00002018        0x0 /usr/lib/crtn.o
 *(.text.unlikely .text.*_unlikely)
 *(.text.exit .text.exit.*)
 *(.text.startup .text.startup.*)
 *(.text.hot .text.hot.*)
 *(.stub .text.* .gnu.linkonce.t.*)
 *(.gnu.warning)

.fini           0x00002020        0xa
 *(SORT(.fini))
 .fini          0x00002020        0x3 /usr/lib/crti.o
                0x00002020                _fini
 .fini          0x00002023        0x5 /usr/lib/crtbeginS.o
 .fini          0x00002028        0x2 /usr/lib/crtn.o
                0x0000202a                PROVIDE (__etext, .)
                0x0000202a                PROVIDE (_etext, .)
                0x0000202a                PROVIDE (etext, .)

.rodata
 *(.rodata .rodata.* .gnu.linkonce.r.*)

.note.netbsd.ident
                0x0000202c       0x18
 .note.netbsd.ident
                0x0000202c       0x18 /usr/lib/crti.o

.note.netbsd.pax
                0x00002044       0x14
 .note.netbsd.pax
                0x00002044       0x14 /usr/lib/crti.o

.rodata1
 *(.rodata1)

.eh_frame_hdr   0x00002058      0x10c
 *(.eh_frame_hdr)
 .eh_frame_hdr  0x00002058      0x10c libEUC_pic.a(citrus_euc.pico)

.eh_frame       0x00002164      0x418
 *(.eh_frame)
 .eh_frame      0x00002164       0x3c /usr/lib/crti.o
                                 0x40 (size before relaxing)
 .eh_frame      0x000021a0        0x0 /usr/lib/crtbeginS.o
 .eh_frame      0x000021a0      0x3d8 libEUC_pic.a(citrus_euc.pico)
 .eh_frame      0x00002578        0x4 /usr/lib/crtendS.o

.gcc_except_table
 *(.gcc_except_table .gcc_except_table.*)

.exception_ranges
 *(.exception_ranges .exception_ranges*)
                0x0000257c                . = (ALIGN (0x1000) - ((0x1000 - .) & 0xfff))
                0x0000357c                . = DATA_SEGMENT_ALIGN (0x1000, 0x1000)

.eh_frame
 *(.eh_frame)

.gcc_except_table
 *(.gcc_except_table .gcc_except_table.*)

.exception_ranges
 *(.exception_ranges .exception_ranges*)

.tdata
 *(.tdata .tdata.* .gnu.linkonce.td.*)

.tbss
 *(.tbss .tbss.* .gnu.linkonce.tb.*)
 *(.tcommon)

.preinit_array
 *(.preinit_array)

.init_array
 *(SORT(.init_array.*))
 *(.init_array)

.fini_array
 *(SORT(.fini_array.*))
 *(.fini_array)

.ctors          0x0000357c        0x8
 *crtbegin.o(.ctors)
 *crtbegin?.o(.ctors)
 .ctors         0x0000357c        0x4 /usr/lib/crtbeginS.o
 *(EXCLUDE_FILE(*crtend?.o *crtend.o) .ctors)
 *(SORT(.ctors.*))
 *(.ctors)
 .ctors         0x00003580        0x4 /usr/lib/crtendS.o
                0x00003580                __CTOR_LIST_END__

.dtors          0x00003584        0x8
 *crtbegin.o(.dtors)
 *crtbegin?.o(.dtors)
 .dtors         0x00003584        0x4 /usr/lib/crtbeginS.o
 *(EXCLUDE_FILE(*crtend?.o *crtend.o) .dtors)
 *(SORT(.dtors.*))
 *(.dtors)
 .dtors         0x00003588        0x4 /usr/lib/crtendS.o

.jcr            0x0000358c        0x4
 *(.jcr)
 .jcr           0x0000358c        0x0 /usr/lib/crtbeginS.o
 .jcr           0x0000358c        0x4 /usr/lib/crtendS.o

.data.rel.ro
 *(.data.rel.ro.local* .gnu.linkonce.d.rel.ro.local.*)
 *(.data.rel.ro .data.rel.ro.* .gnu.linkonce.d.rel.ro.*)

.dynamic        0x00003590       0xb8
 *(.dynamic)
 .dynamic       0x00003590       0xb8 /usr/lib/crti.o
                0x00003590                _DYNAMIC

.got            0x00003648       0x1c
 *(.got)
 .got           0x00003648       0x1c /usr/lib/crti.o
 *(.igot)
                0x00003664                . = DATA_SEGMENT_RELRO_END (., (SIZEOF (.got.plt) >= 0xc)?0xc:0x0)

.got.plt        0x00003664       0x30
 *(.got.plt)
 .got.plt       0x00003664       0x30 /usr/lib/crti.o
                0x00003664                _GLOBAL_OFFSET_TABLE_
 *(.igot.plt)

.data           0x00003694       0x9c
 *(.data .data.* .gnu.linkonce.d.*)
 .data          0x00003694        0x0 /usr/lib/crti.o
 .data          0x00003694        0x0 /usr/lib/crtbeginS.o
 .data.rel      0x00003694       0x26 /usr/lib/crtbeginS.o
                0x00003694                __dso_handle
 *fill*         0x000036ba        0x2 
 .data          0x000036bc        0x0 libEUC_pic.a(citrus_euc.pico)
 .data.rel.local
                0x000036bc       0x74 libEUC_pic.a(citrus_euc.pico)
                0x000036bc                _citrus_EUC_ctype_ops
                0x00003708                _citrus_EUC_stdenc_ops
 .data          0x00003730        0x0 /usr/lib/crtendS.o
 .data          0x00003730        0x0 /usr/lib/crtn.o

.data1
 *(.data1)
                0x00003730                _edata = .
                0x00003730                PROVIDE (edata, .)
                0x00003730                . = .
                0x00003730                __bss_start = .

.bss            0x00003730        0x0
 *(.dynbss)
 .dynbss        0x00000000        0x0 /usr/lib/crti.o
 *(.bss .bss.* .gnu.linkonce.b.*)
 .bss           0x00003730        0x0 /usr/lib/crti.o
 .bss           0x00003730        0x0 /usr/lib/crtbeginS.o
 .bss           0x00003730        0x0 libEUC_pic.a(citrus_euc.pico)
 .bss           0x00003730        0x0 /usr/lib/crtendS.o
 .bss           0x00003730        0x0 /usr/lib/crtn.o
 *(COMMON)
                0x00003730                . = ALIGN ((. != 0x0)?0x4:0x1)
                0x00003730                . = ALIGN (0x4)
                0x00003730                . = ALIGN (0x4)
                0x00003730                _end = .
                0x00003730                PROVIDE (end, .)
                0x00003730                . = DATA_SEGMENT_END (.)

.stab
 *(.stab)

.stabstr
 *(.stabstr)

.stab.excl
 *(.stab.excl)

.stab.exclstr
 *(.stab.exclstr)

.stab.index
 *(.stab.index)

.stab.indexstr
 *(.stab.indexstr)

.comment        0x00000000       0x2f
 *(.comment)
 .comment       0x00000000       0x2f libEUC_pic.a(citrus_euc.pico)
                                 0x30 (size before relaxing)

.ident          0x00000000      0x11e
 .ident         0x00000000       0x36 /usr/lib/crti.o
 .ident         0x00000036       0x3a /usr/lib/crtbeginS.o
 .ident         0x00000070       0x40 libEUC_pic.a(citrus_euc.pico)
 .ident         0x000000b0       0x38 /usr/lib/crtendS.o
 .ident         0x000000e8       0x36 /usr/lib/crtn.o

.debug
 *(.debug)

.line
 *(.line)

.debug_srcinfo
 *(.debug_srcinfo)

.debug_sfnames
 *(.debug_sfnames)

.debug_aranges
 *(.debug_aranges)

.debug_pubnames
 *(.debug_pubnames)

.debug_info
 *(.debug_info .gnu.linkonce.wi.*)

.debug_abbrev
 *(.debug_abbrev)

.debug_line
 *(.debug_line)

.debug_frame
 *(.debug_frame)

.debug_str
 *(.debug_str)

.debug_loc
 *(.debug_loc)

.debug_macinfo
 *(.debug_macinfo)

.debug_weaknames
 *(.debug_weaknames)

.debug_funcnames
 *(.debug_funcnames)

.debug_typenames
 *(.debug_typenames)

.debug_varnames
 *(.debug_varnames)

.debug_pubtypes
 *(.debug_pubtypes)

.debug_ranges
 *(.debug_ranges)

.debug_macro
 *(.debug_macro)

.gnu.attributes
 *(.gnu.attributes)

/DISCARD/
 *(.note.GNU-stack)
 *(.gnu_debuglink)
 *(.gnu.lto_*)
OUTPUT(libEUC.so.5.0 elf32-i386-minix)
