Archive member included because of file (symbol)

libc_pic.a(uuid_to_string.pico)
                              (--whole-archive)
libc_pic.a(uuid_stream.pico)  (--whole-archive)
libc_pic.a(uuid_hash.pico)    (--whole-archive)
libc_pic.a(uuid_from_string.pico)
                              (--whole-archive)
libc_pic.a(uuid_equal.pico)   (--whole-archive)
libc_pic.a(uuid_create_nil.pico)
                              (--whole-archive)
libc_pic.a(uuid_create.pico)  (--whole-archive)
libc_pic.a(uuid_compare.pico)
                              (--whole-archive)
libc_pic.a(_cpufeature.pico)  (--whole-archive)
libc_pic.a(getprocessor.pico)
                              (--whole-archive)
libc_pic.a(get_bp.pico)       (--whole-archive)
libc_pic.a(_cpuid.pico)       (--whole-archive)
libc_pic.a(sprofile.pico)     (--whole-archive)
libc_pic.a(sizeup.pico)       (--whole-archive)
libc_pic.a(futimens.pico)     (--whole-archive)
libc_pic.a(truncate.pico)     (--whole-archive)
libc_pic.a(sync.pico)         (--whole-archive)
libc_pic.a(symlink.pico)      (--whole-archive)
libc_pic.a(svrctl.pico)       (--whole-archive)
libc_pic.a(statvfs.pico)      (--whole-archive)
libc_pic.a(sigpending.pico)   (--whole-archive)
libc_pic.a(shutdown.pico)     (--whole-archive)
libc_pic.a(stime.pico)        (--whole-archive)
libc_pic.a(shmget.pico)       (--whole-archive)
libc_pic.a(shmat.pico)        (--whole-archive)
libc_pic.a(sendmsg.pico)      (--whole-archive)
libc_pic.a(sem.pico)          (--whole-archive)
libc_pic.a(rename.pico)       (--whole-archive)
libc_pic.a(recvmsg.pico)      (--whole-archive)
libc_pic.a(reboot.pico)       (--whole-archive)
libc_pic.a(ptrace.pico)       (--whole-archive)
libc_pic.a(mount.pico)        (--whole-archive)
libc_pic.a(mkfifo.pico)       (--whole-archive)
libc_pic.a(link.pico)         (--whole-archive)
libc_pic.a(setsockopt.pico)   (--whole-archive)
libc_pic.a(getsockname.pico)  (--whole-archive)
libc_pic.a(getppid.pico)      (--whole-archive)
libc_pic.a(getpgrp.pico)      (--whole-archive)
libc_pic.a(getgroups.pico)    (--whole-archive)
libc_pic.a(gcov_flush_sys.pico)
                              (--whole-archive)
libc_pic.a(fstatfs.pico)      (--whole-archive)
libc_pic.a(flock.pico)        (--whole-archive)
libc_pic.a(dup.pico)          (--whole-archive)
libc_pic.a(chroot.pico)       (--whole-archive)
libc_pic.a(fchown.pico)       (--whole-archive)
libc_pic.a(fchmod.pico)       (--whole-archive)
libc_pic.a(getsid.pico)       (--whole-archive)
libc_pic.a(m_closefrom.pico)  (--whole-archive)
libc_pic.a(strptime.pico)     (--whole-archive)
libc_pic.a(getdate.pico)      (--whole-archive)
libc_pic.a(difftime.pico)     (--whole-archive)
libc_pic.a(thread-stub-init.pico)
                              (--whole-archive)
libc_pic.a(thread-stub.pico)  (--whole-archive)
libc_pic.a(__isthreaded.pico)
                              (--whole-archive)
libc_pic.a(tcsetpgrp.pico)    (--whole-archive)
libc_pic.a(tcsendbreak.pico)  (--whole-archive)
libc_pic.a(tcgetpgrp.pico)    (--whole-archive)
libc_pic.a(tcflush.pico)      (--whole-archive)
libc_pic.a(tcflow.pico)       (--whole-archive)
libc_pic.a(tcdrain.pico)      (--whole-archive)
libc_pic.a(cfsetspeed.pico)   (--whole-archive)
libc_pic.a(cfsetospeed.pico)  (--whole-archive)
libc_pic.a(cfsetispeed.pico)  (--whole-archive)
libc_pic.a(cfmakeraw.pico)    (--whole-archive)
libc_pic.a(cfgetospeed.pico)  (--whole-archive)
libc_pic.a(cfgetispeed.pico)  (--whole-archive)
libc_pic.a(swab.pico)         (--whole-archive)
libc_pic.a(ffs.pico)          (--whole-archive)
libc_pic.a(bzero.pico)        (--whole-archive)
libc_pic.a(bcopy.pico)        (--whole-archive)
libc_pic.a(bcmp.pico)         (--whole-archive)
libc_pic.a(wmemmove.pico)     (--whole-archive)
libc_pic.a(wmemcmp.pico)      (--whole-archive)
libc_pic.a(wcswcs.pico)       (--whole-archive)
libc_pic.a(wcstok.pico)       (--whole-archive)
libc_pic.a(wcsstr.pico)       (--whole-archive)
libc_pic.a(wcsspn.pico)       (--whole-archive)
libc_pic.a(wcsrchr.pico)      (--whole-archive)
libc_pic.a(wcspbrk.pico)      (--whole-archive)
libc_pic.a(wcsncpy.pico)      (--whole-archive)
libc_pic.a(wcsncmp.pico)      (--whole-archive)
libc_pic.a(wcsncasecmp.pico)  (--whole-archive)
libc_pic.a(wcsdup.pico)       (--whole-archive)
libc_pic.a(wcscasecmp.pico)   (--whole-archive)
libc_pic.a(wcsncat.pico)      (--whole-archive)
libc_pic.a(wcslcpy.pico)      (--whole-archive)
libc_pic.a(wcslcat.pico)      (--whole-archive)
libc_pic.a(wcscspn.pico)      (--whole-archive)
libc_pic.a(wcscat.pico)       (--whole-archive)
libc_pic.a(popcount64.pico)   (--whole-archive)
libc_pic.a(popcount32.pico)   (--whole-archive)
libc_pic.a(memmem.pico)       (--whole-archive)
libc_pic.a(memccpy.pico)      (--whole-archive)
libc_pic.a(consttime_memequal.pico)
                              (--whole-archive)
libc_pic.a(strnstr.pico)      (--whole-archive)
libc_pic.a(strspn.pico)       (--whole-archive)
libc_pic.a(memrchr.pico)      (--whole-archive)
[...]
Memory Configuration

Name             Origin             Length             Attributes
*default*        0x00000000         0xffffffff

Linker script and memory map

LOAD /usr/lib/crti.o
LOAD /usr/lib/crtbeginS.o
LOAD libc_pic.a
LOAD /usr/lib/crtendS.o
LOAD /usr/lib/crtn.o
                0x000000f4                . = (0x0 + SIZEOF_HEADERS)

.note.gnu.build-id
 *(.note.gnu.build-id)

.hash           0x000000f4     0x4d1c
 *(.hash)
 .hash          0x000000f4     0x4d1c /usr/lib/crti.o

.gnu.hash
 *(.gnu.hash)

.dynsym         0x00004e10     0xb400
 *(.dynsym)
 .dynsym        0x00004e10     0xb400 /usr/lib/crti.o

.dynstr         0x00010210     0x657d
 *(.dynstr)
 .dynstr        0x00010210     0x657d /usr/lib/crti.o

.gnu.version    0x0001678e        0x0
 *(.gnu.version)
 .gnu.version   0x00000000        0x0 /usr/lib/crti.o

.gnu.version_d  0x00016790        0x0
 *(.gnu.version_d)
 .gnu.version_d
                0x00000000        0x0 /usr/lib/crti.o

.gnu.version_r  0x00016790        0x0
 *(.gnu.version_r)
 .gnu.version_r
                0x00000000        0x0 /usr/lib/crti.o

.rel.dyn        0x00016790     0x33a0
 *(.rel.init)
 *(.rel.text .rel.text.* .rel.gnu.linkonce.t.*)
 .rel.text      0x00000000        0x0 /usr/lib/crti.o
 .rel.text._ZN7_Unwind10CFI_ParserINS_17LocalAddressSpaceENS_13Registers_x86EE11findPCRangeERS1_jRjS5_
                0x00000000        0x0 /usr/lib/crti.o
 .rel.text._ZN7_Unwind12UnwindCursorINS_17LocalAddressSpaceENS_13Registers_x86EE24setInfoBasedOnIPRegisterEb
                0x00000000        0x0 /usr/lib/crti.o
 .rel.text._ZN7_Unwind17DwarfInstructionsINS_17LocalAddressSpaceENS_13Registers_x86EE13stepWithDwarfERS1_jjRS2_PNS_15unw_proc_info_tE
                0x00000000        0x0 /usr/lib/crti.o
 .rel.text._ZN7_Unwind10CFI_ParserINS_17LocalAddressSpaceENS_13Registers_x86EE9decodeFDEERS1_jPNS3_8FDE_InfoEPNS3_8CIE_InfoEPNS_15unw_proc_info_tE
                0x00000000        0x0 /usr/lib/crti.o
 .rel.text._ZN7_Unwind17DwarfInstructionsINS_17LocalAddressSpaceENS_13Registers_x86EE16getSavedRegisterERS1_RKS2_jRKNS_10CFI_ParserIS1_S2_E16RegisterLocationE
                0x00000000        0x0 /usr/lib/crti.o
 .rel.text._ZN7_Unwind17DwarfInstructionsINS_17LocalAddressSpaceENS_13Registers_x86EE18evaluateExpressionEjRS1_RKS2_j
                0x00000000        0x0 /usr/lib/crti.o
 .rel.text._ZN7_Unwind10CFI_ParserINS_17LocalAddressSpaceENS_13Registers_x86EE17parseInstructionsERS1_jjRKNS3_8CIE_InfoEjRPNS3_20PrologInfoStackEntryEPNS3_10PrologInfoEPNS_15unw_proc_info_tE
                0x00000000        0x0 /usr/lib/crti.o
 .rel.text._ZN7_Unwind17LocalAddressSpace11getEncodedPERjjhPKNS_15unw_proc_info_tE
                0x00000000        0x0 /usr/lib/crti.o
 .rel.text._ZN7_Unwind10CFI_ParserINS_17LocalAddressSpaceENS_13Registers_x86EE8parseCIEERS1_jPNS3_8CIE_InfoE
                0x00000000        0x0 /usr/lib/crti.o
 .rel.text._ZN7_Unwind17LocalAddressSpace6addDSOEjj
                0x00000000        0x0 /usr/lib/crti.o
 .rel.text._ZN7_Unwind12UnwindCursorINS_17LocalAddressSpaceENS_13Registers_x86EE6jumptoEv
                0x00000000        0x0 /usr/lib/crti.o
 *(.rel.fini)
 *(.rel.rodata .rel.rodata.* .rel.gnu.linkonce.r.*)
 *(.rel.data.rel.ro .rel.data.rel.ro.* .rel.gnu.linkonce.d.rel.ro.*)
 .rel.data.rel.ro.local
                0x00016790     0x26c8 /usr/lib/crti.o
 .rel.data.rel.ro.local._ZZN7_Unwind17LocalAddressSpaceC1EPFvRS0_jRjS2_EE14segmentTreeOps
                0x00018e58       0x10 /usr/lib/crti.o
 .rel.data.rel.ro.local._ZZN7_Unwind17LocalAddressSpaceC1EPFvRS0_jRjS2_EE10dsoTreeOps
                0x00018e68       0x10 /usr/lib/crti.o
 .rel.data.rel.ro
                0x00018e78      0x288 /usr/lib/crti.o
 *(.rel.data .rel.data.* .rel.gnu.linkonce.d.*)
 .rel.data.rel  0x00019100      0x160 /usr/lib/crti.o
 .rel.data.rel.local
                0x00019260      0x2c8 /usr/lib/crti.o
 .rel.data      0x00019528        0x8 /usr/lib/crti.o
 *(.rel.tdata .rel.tdata.* .rel.gnu.linkonce.td.*)
 *(.rel.tbss .rel.tbss.* .rel.gnu.linkonce.tb.*)
 *(.rel.ctors)
 .rel.ctors     0x00019530       0x18 /usr/lib/crti.o
 *(.rel.dtors)
 *(.rel.got)
 .rel.got       0x00019548      0x5e8 /usr/lib/crti.o
 *(.rel.bss .rel.bss.* .rel.gnu.linkonce.b.*)
 *(.rel.ifunc)
 .rel.ifunc     0x00000000        0x0 /usr/lib/crti.o

.rel.plt        0x00019b30     0x19c0
 *(.rel.plt)
 .rel.plt       0x00019b30     0x19c0 /usr/lib/crti.o
 *(.rel.iplt)

.init           0x0001b4f0        0xa
 *(SORT(.init))
 .init          0x0001b4f0        0x3 /usr/lib/crti.o
                0x0001b4f0                _init
 .init          0x0001b4f3        0x5 /usr/lib/crtbeginS.o
 .init          0x0001b4f8        0x2 /usr/lib/crtn.o

.plt            0x0001b500     0x3390
 *(.plt)
 .plt           0x0001b500     0x3390 /usr/lib/crti.o
 *(.iplt)

.text           0x0001e890    0xc35ef
                0x0001e890                PROVIDE (__eprol, .)
 *(.text)
 .text          0x0001e890        0x0 /usr/lib/crti.o
 .text          0x0001e890       0xef /usr/lib/crtbeginS.o
 *fill*         0x0001e97f        0x1 
 .text          0x0001e980       0xe3 libc_pic.a(uuid_to_string.pico)
                0x0001e980                uuid_to_string
 *fill*         0x0001ea63        0xd 
 .text          0x0001ea70      0x159 libc_pic.a(uuid_stream.pico)
                0x0001ea70                uuid_enc_le
                0x0001eac0                uuid_dec_le
                0x0001eb10                uuid_enc_be
                0x0001eb70                uuid_dec_be
 *fill*         0x0001ebc9        0x7 
 .text          0x0001ebd0       0x23 libc_pic.a(uuid_hash.pico)
                0x0001ebd0                uuid_hash
 *fill*         0x0001ebf3        0xd 
 .text          0x0001ec00      0x147 libc_pic.a(uuid_from_string.pico)
                0x0001ec00                uuid_from_string
 *fill*         0x0001ed47        0x9 
 .text          0x0001ed50       0x70 libc_pic.a(uuid_equal.pico)
                0x0001ed50                uuid_equal
 .text          0x0001edc0       0x30 libc_pic.a(uuid_create_nil.pico)
                0x0001edc0                uuid_create_nil
                0x0001edc0                _uuid_create_nil
 .text          0x0001edf0      0x133 libc_pic.a(uuid_create.pico)
                0x0001edf0                uuidgen
                0x0001ee90                uuid_create
 *fill*         0x0001ef23        0xd 
 .text          0x0001ef30      0x15a libc_pic.a(uuid_compare.pico)
                0x0001ef30                uuid_compare
 *fill*         0x0001f08a        0x6 
 .text          0x0001f090      0x27f libc_pic.a(_cpufeature.pico)
                0x0001f090                _cpufeature
 *fill*         0x0001f30f        0x1 
 .text          0x0001f310       0x60 libc_pic.a(getprocessor.pico)
                0x0001f310                getprocessor
 .text          0x0001f370        0x3 libc_pic.a(get_bp.pico)
                0x0001f370                get_bp
 *fill*         0x0001f373        0xd 
 .text          0x0001f380       0x3f libc_pic.a(_cpuid.pico)
                0x0001f380                _cpuid
 *fill*         0x0001f3bf        0x1 
 .text          0x0001f3c0       0xe2 libc_pic.a(sprofile.pico)
                0x0001f3c0                sprofile
                0x0001f3c0                _sprofile
 *fill*         0x0001f4a2        0xe 
 .text          0x0001f4b0      0x103 libc_pic.a(sizeup.pico)
                0x0001f4b0                minix_sizeup
 *fill*         0x0001f5b3        0xd 
 .text          0x0001f5c0      0x105 libc_pic.a(futimens.pico)
                0x0001f5c0                futimens
 *fill*         0x0001f6c5        0xb 
 .text          0x0001f6d0       0xde libc_pic.a(truncate.pico)
                0x0001f6d0                truncate
 *fill*         0x0001f7ae        0x2 
 .text          0x0001f7b0       0xb8 libc_pic.a(sync.pico)
                0x0001f7b0                sync
 *fill*         0x0001f868        0x8 
 .text          0x0001f870       0xe4 libc_pic.a(symlink.pico)
                0x0001f870                symlink
 *fill*         0x0001f954        0xc 
 .text          0x0001f960      0x108 libc_pic.a(svrctl.pico)
                0x0001f960                svrctl
 *fill*         0x0001fa68        0x8 
 .text          0x0001fa70      0x1bf libc_pic.a(statvfs.pico)
                0x0001fa70                statvfs1
                0x0001fb50                _statvfs
                0x0001fb50                statvfs
 *fill*         0x0001fc2f        0x1 
 .text          0x0001fc30       0xe5 libc_pic.a(sigpending.pico)
                0x0001fc30                sigpending
                0x0001fc30                __sigpending14
 *fill*         0x0001fd15        0xb 
 .text          0x0001fd20      0x209 libc_pic.a(shutdown.pico)
                0x0001fd20                shutdown
 *fill*         0x0001ff29        0x7 
 .text          0x0001ff30       0xc8 libc_pic.a(stime.pico)
                0x0001ff30                stime
 *fill*         0x0001fff8        0x8 
 .text          0x00020000      0x104 libc_pic.a(shmget.pico)
                0x00020000                shmget
 *fill*         0x00020104        0xc 
 .text          0x00020110      0x1fe libc_pic.a(shmat.pico)
                0x00020110                shmat
                0x00020220                shmdt
 *fill*         0x0002030e        0x2 
 .text          0x00020310      0x3e2 libc_pic.a(sendmsg.pico)
                0x00020310                sendmsg
 *fill*         0x000206f2        0xe 
 .text          0x00020700      0x38c libc_pic.a(sem.pico)
                0x00020700                semget
                0x00020810                __semctl50
                0x00020990                semop
 *fill*         0x00020a8c        0x4 
 .text          0x00020a90       0xe4 libc_pic.a(rename.pico)
                0x00020a90                __posix_rename
                0x00020a90                rename
 *fill*         0x00020b74        0xc 
 .text          0x00020b80      0x4ab libc_pic.a(recvmsg.pico)
                0x00020b80                recvmsg
 *fill*         0x0002102b        0x5 
 .text          0x00021030       0xbf libc_pic.a(reboot.pico)
                0x00021030                reboot
 *fill*         0x000210ef        0x1 
 .text          0x000210f0       0xf9 libc_pic.a(ptrace.pico)
                0x000210f0                ptrace
 *fill*         0x000211e9        0x7 
 .text          0x000211f0      0x749 libc_pic.a(mount.pico)
                0x000211f0                minix_mount
                0x00021750                find_rslabel
                0x00021810                minix_umount
 *fill*         0x00021939        0x7 
 .text          0x00021940       0x40 libc_pic.a(mkfifo.pico)
                0x00021940                mkfifo
 .text          0x00021980       0xe4 libc_pic.a(link.pico)
                0x00021980                link
 *fill*         0x00021a64        0xc 
 .text          0x00021a70      0x34b libc_pic.a(setsockopt.pico)
                0x00021a70                setsockopt
 *fill*         0x00021dbb        0x5 
 .text          0x00021dc0      0x302 libc_pic.a(getsockname.pico)
                0x00021dc0                getsockname
 *fill*         0x000220c2        0xe 
 .text          0x000220d0       0xc7 libc_pic.a(getppid.pico)
                0x000220d0                getppid
 *fill*         0x00022197        0x9 
 .text          0x000221a0       0xb8 libc_pic.a(getpgrp.pico)
                0x000221a0                getpgrp
 *fill*         0x00022258        0x8 
 .text          0x00022260       0xc6 libc_pic.a(getgroups.pico)
                0x00022260                getgroups
 *fill*         0x00022326        0xa 
 .text          0x00022330       0xde libc_pic.a(gcov_flush_sys.pico)
                0x00022330                gcov_flush_svr
 *fill*         0x0002240e        0x2 
 .text          0x00022410       0x41 libc_pic.a(fstatfs.pico)
                0x00022410                fstatfs
 *fill*         0x00022451        0xf 
 .text          0x00022460       0xae libc_pic.a(flock.pico)
                0x00022460                flock
 *fill*         0x0002250e        0x2 
 .text          0x00022510       0x34 libc_pic.a(dup.pico)
                0x00022510                dup
 *fill*         0x00022544        0xc 
 .text          0x00022550       0xc9 libc_pic.a(chroot.pico)
                0x00022550                chroot
 *fill*         0x00022619        0x7 
 .text          0x00022620       0xcd libc_pic.a(fchown.pico)
                0x00022620                fchown
                0x00022620                __posix_fchown
 *fill*         0x000226ed        0x3 
 .text          0x000226f0       0xc6 libc_pic.a(fchmod.pico)
                0x000226f0                fchmod
 *fill*         0x000227b6        0xa 
 .text          0x000227c0       0xbf libc_pic.a(getsid.pico)
                0x000227c0                getsid
 *fill*         0x0002287f        0x1 
 .text          0x00022880       0x75 libc_pic.a(m_closefrom.pico)
                0x00022880                closefrom
 *fill*         0x000228f5        0xb 
 .text          0x00022900     0x1bf7 libc_pic.a(strptime.pico)
                0x00022900                strptime
                0x00022900                _strptime
                0x00022940                strptime_l
                0x00022940                _strptime_l
 *fill*         0x000244f7        0x9 
 .text          0x00024500      0x5dd libc_pic.a(getdate.pico)
                0x00024500                getdate
 *fill*         0x00024add        0x3 
 .text          0x00024ae0       0x8a libc_pic.a(difftime.pico)
                0x00024ae0                __difftime50
 *fill*         0x00024b6a        0x2 
 .text          0x00024b6c        0x0 libc_pic.a(thread-stub-init.pico)
 .text          0x00024b6c        0x0 libc_pic.a(thread-stub.pico)
 .text          0x00024b6c        0x0 libc_pic.a(__isthreaded.pico)
 *fill*         0x00024b6c        0x4 
 .text          0x00024b70       0x39 libc_pic.a(tcsetpgrp.pico)
                0x00024b70                _tcsetpgrp
                0x00024b70                tcsetpgrp
 *fill*         0x00024ba9        0x7 
 .text          0x00024bb0       0x77 libc_pic.a(tcsendbreak.pico)
                0x00024bb0                tcsendbreak
                0x00024bb0                _tcsendbreak
 *fill*         0x00024c27        0x9 
 .text          0x00024c30       0x52 libc_pic.a(tcgetpgrp.pico)
                0x00024c30                _tcgetpgrp
                0x00024c30                tcgetpgrp
 *fill*         0x00024c82        0xe 
 .text          0x00024c90       0x70 libc_pic.a(tcflush.pico)
                0x00024c90                tcflush
                0x00024c90                _tcflush
 .text          0x00024d00       0xdb libc_pic.a(tcflow.pico)
                0x00024d00                _tcflow
                0x00024d00                tcflow
 *fill*         0x00024ddb        0x5 
 .text          0x00024de0       0x34 libc_pic.a(tcdrain.pico)
                0x00024de0                tcdrain
                0x00024de0                _tcdrain
 *fill*         0x00024e14        0xc 
 .text          0x00024e20       0x13 libc_pic.a(cfsetspeed.pico)
                0x00024e20                _cfsetspeed
                0x00024e20                cfsetspeed
 *fill*         0x00024e33        0xd 
 .text          0x00024e40       0x10 libc_pic.a(cfsetospeed.pico)
                0x00024e40                cfsetospeed
                0x00024e40                _cfsetospeed
 .text          0x00024e50       0x10 libc_pic.a(cfsetispeed.pico)
                0x00024e50                cfsetispeed
                0x00024e50                _cfsetispeed
 .text          0x00024e60       0x2a libc_pic.a(cfmakeraw.pico)
                0x00024e60                cfmakeraw
                0x00024e60                _cfmakeraw
 *fill*         0x00024e8a        0x6 
 .text          0x00024e90        0xb libc_pic.a(cfgetospeed.pico)
                0x00024e90                cfgetospeed
                0x00024e90                _cfgetospeed
 *fill*         0x00024e9b        0x5 
 .text          0x00024ea0        0xb libc_pic.a(cfgetispeed.pico)
                0x00024ea0                cfgetispeed
                0x00024ea0                _cfgetispeed
 *fill*         0x00024eab        0x5 
 .text          0x00024eb0       0x86 libc_pic.a(swab.pico)
                0x00024eb0                swab
 *fill*         0x00024f36        0xa 
 .text          0x00024f40       0x13 libc_pic.a(ffs.pico)
                0x00024f40                ffs
 *fill*         0x00024f53        0xd 
 .text          0x00024f60       0x33 libc_pic.a(bzero.pico)
                0x00024f60                bzero
 *fill*         0x00024f93        0xd 
 .text          0x00024fa0       0x79 libc_pic.a(bcopy.pico)
                0x00024fa0                bcopy
 *fill*         0x00025019        0x7 
 .text          0x00025020       0x26 libc_pic.a(bcmp.pico)
                0x00025020                bcmp
 *fill*         0x00025046        0xa 
 .text          0x00025050       0x39 libc_pic.a(wmemmove.pico)
                0x00025050                wmemmove
 *fill*         0x00025089        0x7 
 .text          0x00025090       0x40 libc_pic.a(wmemcmp.pico)
                0x00025090                wmemcmp
 .text          0x000250d0       0x8f libc_pic.a(wcswcs.pico)
                0x000250d0                wcswcs
 *fill*         0x0002515f        0x1 
 .text          0x00025160       0x98 libc_pic.a(wcstok.pico)
                0x00025160                wcstok
 *fill*         0x000251f8        0x8 
 .text          0x00025200       0x8f libc_pic.a(wcsstr.pico)
                0x00025200                wcsstr
 *fill*         0x0002528f        0x1 
 .text          0x00025290       0x5f libc_pic.a(wcsspn.pico)
                0x00025290                wcsspn
 *fill*         0x000252ef        0x1 
 .text          0x000252f0       0x49 libc_pic.a(wcsrchr.pico)
                0x000252f0                wcsrchr
 *fill*         0x00025339        0x7 
 .text          0x00025340      0x153 libc_pic.a(wcspbrk.pico)
                0x00025340                wcspbrk
 *fill*         0x00025493        0xd 
 .text          0x000254a0       0x64 libc_pic.a(wcsncpy.pico)
                0x000254a0                wcsncpy
 *fill*         0x00025504        0xc 
 .text          0x00025510       0x3b libc_pic.a(wcsncmp.pico)
                0x00025510                wcsncmp
 *fill*         0x0002554b        0x5 
 .text          0x00025550      0x114 libc_pic.a(wcsncasecmp.pico)
                0x00025550                wcsncasecmp_l
                0x00025550                _wcsncasecmp_l
                0x000255e0                _wcsncasecmp
                0x000255e0                wcsncasecmp
 *fill*         0x00025664        0xc 
 .text          0x00025670       0x52 libc_pic.a(wcsdup.pico)
                0x00025670                wcsdup
                0x00025670                _wcsdup
 *fill*         0x000256c2        0xe 
 .text          0x000256d0      0x14b libc_pic.a(wcscasecmp.pico)
                0x000256d0                _wcscasecmp_l
                0x000256d0                wcscasecmp_l
                0x00025770                _wcscasecmp
                0x00025770                wcscasecmp
 *fill*         0x0002581b        0x5 
 .text          0x00025820       0x5e libc_pic.a(wcsncat.pico)
                0x00025820                wcsncat
 *fill*         0x0002587e        0x2 
 .text          0x00025880       0x62 libc_pic.a(wcslcpy.pico)
                0x00025880                wcslcpy
 *fill*         0x000258e2        0xe 
 .text          0x000258f0       0xb8 libc_pic.a(wcslcat.pico)
                0x000258f0                wcslcat
 *fill*         0x000259a8        0x8 
 .text          0x000259b0      0x180 libc_pic.a(wcscspn.pico)
                0x000259b0                wcscspn
 .text          0x00025b30       0x47 libc_pic.a(wcscat.pico)
                0x00025b30                wcscat
 *fill*         0x00025b77        0x9 
 .text          0x00025b80       0x35 libc_pic.a(popcount64.pico)
                0x00025b80                popcountti2
                0x00025b80                popcount64
                0x00025b80                popcountll
 *fill*         0x00025bb5        0xb 
 .text          0x00025bc0       0x3c libc_pic.a(popcount32.pico)
                0x00025bc0                popcount32
                0x00025bc0                popcountl
                0x00025bc0                popcount
 *fill*         0x00025bfc        0x4 
 .text          0x00025c00       0x79 libc_pic.a(memmem.pico)
                0x00025c00                memmem
 *fill*         0x00025c79        0x7 
 .text          0x00025c80       0x38 libc_pic.a(memccpy.pico)
                0x00025c80                memccpy
 *fill*         0x00025cb8        0x8 
 .text          0x00025cc0       0x3f libc_pic.a(consttime_memequal.pico)
                0x00025cc0                _consttime_memequal
                0x00025cc0                consttime_memequal
 *fill*         0x00025cff        0x1 
 .text          0x00025d00       0xaf libc_pic.a(strnstr.pico)
                0x00025d00                strnstr
 *fill*         0x00025daf        0x1 
 .text          0x00025db0       0xec libc_pic.a(strspn.pico)
                0x00025db0                strspn
 *fill*         0x00025e9c        0x4 
 .text          0x00025ea0       0x37 libc_pic.a(memrchr.pico)
                0x00025ea0                memrchr
 *fill*         0x00025ed7        0x9 
 .text          0x00025ee0       0xbb libc_pic.a(strxfrm.pico)
                0x00025ee0                _strxfrm_l
                0x00025ee0                strxfrm_l
                0x00025f40                strxfrm
 *fill*         0x00025f9b        0x5 
 .text          0x00025fa0       0x35 libc_pic.a(strtok.pico)
                0x00025fa0                strtok
 *fill*         0x00025fd5        0xb 
 .text          0x00025fe0       0x36 libc_pic.a(strsignal.pico)
                0x00025fe0                _strsignal
                0x00025fe0                strsignal
 *fill*         0x00026016        0xa 
 .text          0x00026020      0x1fa libc_pic.a(strmode.pico)
                0x00026020                strmode
 *fill*         0x0002621a        0x6 
 .text          0x00026220       0x1d libc_pic.a(strnlen.pico)
                0x00026220                strnlen
 *fill*         0x0002623d        0x3 
 .text          0x00026240       0xa3 libc_pic.a(strcasestr.pico)
                0x00026240                strcasestr
 *fill*         0x000262e3        0xd 
 .text          0x000262f0       0x2d libc_pic.a(stpcpy.pico)
                0x000262f0                stpcpy
 *fill*         0x0002631d        0x3 
 .text          0x00026320      0x354 libc_pic.a(bm.pico)
                0x00026320                _bm_comp
                0x00026320                bm_comp
                0x000264d0                _bm_free
                0x000264d0                bm_free
                0x00026510                bm_exec
                0x00026510                _bm_exec
 *fill*         0x00026674        0xc 
 .text          0x00026680       0x14 libc_pic.a(llabs.pico)
                0x00026680                imaxabs
                0x00026680                _llabs
                0x00026680                llabs
 *fill*         0x00026694        0xc 
 .text          0x000266a0       0x1b libc_pic.a(ldiv.pico)
                0x000266a0                ldiv
 *fill*         0x000266bb        0x5 
 .text          0x000266c0        0xb libc_pic.a(labs.pico)
                0x000266c0                labs
 *fill*         0x000266cb        0x5 
 .text          0x000266d0       0x1b libc_pic.a(div.pico)
                0x000266d0                div
 *fill*         0x000266eb        0x5 
 .text          0x000266f0        0xb libc_pic.a(abs.pico)
                0x000266f0                abs
 *fill*         0x000266fb        0x5 
 .text          0x00026700      0x16d libc_pic.a(mtab.pico)
                0x00026700                load_mtab
                0x000267e0                get_mtab_entry
 *fill*         0x0002686d        0x3 
 .text          0x00026870      0xe33 libc_pic.a(configfile.pico)
                0x00026870                config_delete
                0x00026930                config_read
                0x00026ce0                config_renewed
                0x00026d00                config_length
 *fill*         0x000276a3        0xd 
 .text          0x000276b0      0xd84 libc_pic.a(strfmon.pico)
                0x000276b0                strfmon
 *fill*         0x00028434        0xc 
 .text          0x00028440      0x117 libc_pic.a(unsetenv.pico)
                0x00028440                __unsetenv13
 *fill*         0x00028557        0x9 
 .text          0x00028560       0xea libc_pic.a(twalk.pico)
                0x00028560                twalk
 *fill*         0x0002864a        0x6 
 .text          0x00028650       0x93 libc_pic.a(tsearch.pico)
                0x00028650                tsearch
 *fill*         0x000286e3        0xd 
 .text          0x000286f0       0x67 libc_pic.a(tfind.pico)
                0x000286f0                tfind
 *fill*         0x00028757        0x9 
 .text          0x00028760       0xcc libc_pic.a(tdelete.pico)
                0x00028760                tdelete
 *fill*         0x0002882c        0x4 
 .text          0x00028830      0x31f libc_pic.a(system.pico)
                0x00028830                system
 *fill*         0x00028b4f        0x1 
 .text          0x00028b50      0x2f3 libc_pic.a(strtouq.pico)
                0x00028b50                strtouq
                0x00028e10                strtouq_l
 *fill*         0x00028e43        0xd 
 .text          0x00028e50      0x2f3 libc_pic.a(strtoull.pico)
                0x00028e50                _strtoull
                0x00028e50                strtoull
                0x00029110                strtoull_l
                0x00029110                _strtoull_l
 *fill*         0x00029143        0xd 
 .text          0x00029150      0x393 libc_pic.a(strtoq.pico)
                0x00029150                strtoq
                0x000294b0                strtoq_l
 *fill*         0x000294e3        0xd 
 .text          0x000294f0       0xa4 libc_pic.a(strtonum.pico)
                0x000294f0                strtonum
 *fill*         0x00029594        0xc 
 .text          0x000295a0      0x1b8 libc_pic.a(strtou.pico)
                0x000295a0                strtou
                0x000295a0                _strtou
                0x00029700                strtou_l
                0x00029700                _strtou_l
 *fill*         0x00029758        0x8 
 .text          0x00029760      0x3d1 libc_pic.a(strsuftoll.pico)
                0x00029760                strsuftoll
                0x00029760                _strsuftoll
                0x000297f0                _strsuftollx
                0x000297f0                strsuftollx
 *fill*         0x00029b31        0xf 
 .text          0x00029b40       0x4c libc_pic.a(srand48.pico)
                0x00029b40                srand48
                0x00029b40                _srand48
 *fill*         0x00029b8c        0x4 
 .text          0x00029b90       0x7c libc_pic.a(seed48.pico)
                0x00029b90                seed48
                0x00029b90                _seed48
 *fill*         0x00029c0c        0x4 
 .text          0x00029c10       0x68 libc_pic.a(reallocarray.pico)
                0x00029c10                reallocarray
 *fill*         0x00029c78        0x8 
 .text          0x00029c80       0x1d libc_pic.a(remque.pico)
                0x00029c80                remque
 *fill*         0x00029c9d        0x3 
 .text          0x00029ca0       0x1a libc_pic.a(rand_r.pico)
                0x00029ca0                rand_r
 *fill*         0x00029cba        0x6 
 .text          0x00029cc0       0x4a libc_pic.a(rand.pico)
                0x00029cc0                rand
                0x00029cf0                srand
 *fill*         0x00029d0a        0x6 
 .text          0x00029d10      0xb79 libc_pic.a(radixsort.pico)
                0x00029d10                _radixsort
                0x00029d10                radixsort
                0x0002a240                _sradixsort
                0x0002a240                sradixsort
 *fill*         0x0002a889        0x7 
 .text          0x0002a890       0x81 libc_pic.a(quick_exit.pico)
                0x0002a890                at_quick_exit
                0x0002a8e0                quick_exit
 *fill*         0x0002a911        0xf 
 .text          0x0002a920      0x11d libc_pic.a(pty.pico)
                0x0002a920                grantpt
                0x0002a960                unlockpt
                0x0002a970                ptsname
                0x0002a9c0                ptsname_r
 *fill*         0x0002aa3d        0x3 
 .text          0x0002aa40       0x2e libc_pic.a(posix_openpt.pico)
                0x0002aa40                posix_openpt
 *fill*         0x0002aa6e        0x2 
 .text          0x0002aa70       0x91 libc_pic.a(qdiv.pico)
                0x0002aa70                _qdiv
                0x0002aa70                qdiv
 *fill*         0x0002ab01        0xf 
 .text          0x0002ab10       0x18 libc_pic.a(qabs.pico)
                0x0002ab10                qabs
                0x0002ab10                _qabs
 *fill*         0x0002ab28        0x8 
 .text          0x0002ab30       0x87 libc_pic.a(putenv.pico)
                0x0002ab30                __putenv50
 *fill*         0x0002abb7        0x9 
 .text          0x0002abc0       0x33 libc_pic.a(nrand48.pico)
                0x0002abc0                nrand48
                0x0002abc0                _nrand48
 *fill*         0x0002abf3        0xd 
 .text          0x0002ac00       0x34 libc_pic.a(mrand48.pico)
                0x0002ac00                _mrand48
                0x0002ac00                mrand48
 *fill*         0x0002ac34        0xc 
 .text          0x0002ac40       0xd6 libc_pic.a(lsearch.pico)
                0x0002ac40                lsearch
                0x0002acc0                lfind
 *fill*         0x0002ad16        0xa 
 .text          0x0002ad20       0x36 libc_pic.a(lrand48.pico)
                0x0002ad20                _lrand48
                0x0002ad20                lrand48
 *fill*         0x0002ad56        0xa 
 .text          0x0002ad60       0x5c libc_pic.a(lcong48.pico)
                0x0002ad60                lcong48
                0x0002ad60                _lcong48
 *fill*         0x0002adbc        0x4 
 .text          0x0002adc0       0x91 libc_pic.a(lldiv.pico)
                0x0002adc0                _lldiv
                0x0002adc0                lldiv
 *fill*         0x0002ae51        0xf 
 .text          0x0002ae60       0xcc libc_pic.a(l64a.pico)
                0x0002ae60                l64a
                0x0002ae60                _l64a
                0x0002aed0                _l64a_r
                0x0002aed0                l64a_r
 *fill*         0x0002af2c        0x4 
 .text          0x0002af30       0x31 libc_pic.a(jrand48.pico)
                0x0002af30                _jrand48
                0x0002af30                jrand48
 *fill*         0x0002af61        0xf 
 .text          0x0002af70       0x29 libc_pic.a(insque.pico)
                0x0002af70                insque
 *fill*         0x0002af99        0x7 
 .text          0x0002afa0       0x91 libc_pic.a(imaxdiv.pico)
                0x0002afa0                _imaxdiv
                0x0002afa0                imaxdiv
 *fill*         0x0002b031        0xf 
 .text          0x0002b040      0x2e3 libc_pic.a(heapsort.pico)
                0x0002b040                heapsort
                0x0002b040                _heapsort
 *fill*         0x0002b323        0xd 
 .text          0x0002b330      0x4e6 libc_pic.a(hcreate.pico)
                0x0002b330                hcreate
                0x0002b400                hcreate_r
                0x0002b4b0                hdestroy1
                0x0002b560                hdestroy1_r
                0x0002b610                hdestroy
                0x0002b680                hdestroy_r
                0x0002b6f0                hsearch
                0x0002b740                hsearch_r
 *fill*         0x0002b816        0xa 
 .text          0x0002b820      0x18d libc_pic.a(getsubopt.pico)
                0x0002b820                _getsubopt
                0x0002b820                getsubopt
 *fill*         0x0002b9ad        0x3 
 .text          0x0002b9b0      0x92f libc_pic.a(getopt_long.pico)
                0x0002b9b0                getopt_long
                0x0002b9b0                _getopt_long
 *fill*         0x0002c2df        0x1 
 .text          0x0002c2e0      0x260 libc_pic.a(getopt.pico)
                0x0002c2e0                getopt
                0x0002c2e0                _getopt
 .text          0x0002c540       0x25 libc_pic.a(drand48.pico)
                0x0002c540                _drand48
                0x0002c540                drand48
 *fill*         0x0002c565        0xb 
 .text          0x0002c570       0x34 libc_pic.a(atoll.pico)
                0x0002c570                _atoll
                0x0002c570                atoll
 *fill*         0x0002c5a4        0xc 
 .text          0x0002c5b0       0x34 libc_pic.a(atol.pico)
                0x0002c5b0                atol
 *fill*         0x0002c5e4        0xc 
 .text          0x0002c5f0       0x2c libc_pic.a(atof.pico)
                0x0002c5f0                atof
 *fill*         0x0002c61c        0x4 
 .text          0x0002c620       0x6d libc_pic.a(a64l.pico)
                0x0002c620                _a64l
                0x0002c620                a64l
 *fill*         0x0002c68d        0x3 
 .text          0x0002c690       0x64 libc_pic.a(tmpnam.pico)
                0x0002c690                tmpnam
 *fill*         0x0002c6f4        0xc 
 .text          0x0002c700      0x1b6 libc_pic.a(tempnam.pico)
                0x0002c700                tempnam
 *fill*         0x0002c8b6        0xa 
 .text          0x0002c8c0      0x474 libc_pic.a(open_wmemstream.pico)
                0x0002c8c0                open_wmemstream
 *fill*         0x0002cd34        0xc 
 .text          0x0002cd40      0x364 libc_pic.a(open_memstream.pico)
                0x0002cd40                open_memstream
 *fill*         0x0002d0a4        0xc 
 .text          0x0002d0b0      0x330 libc_pic.a(fmemopen.pico)
                0x0002d0b0                fmemopen
 .text          0x0002d3e0       0x7f libc_pic.a(wscanf.pico)
                0x0002d3e0                wscanf
                0x0002d420                wscanf_l
                0x0002d420                _wscanf_l
 *fill*         0x0002d45f        0x1 
 .text          0x0002d460       0x82 libc_pic.a(wprintf.pico)
                0x0002d460                wprintf
                0x0002d4a0                wprintf_l
                0x0002d4a0                _wprintf_l
 *fill*         0x0002d4e2        0xe 
 .text          0x0002d4f0       0x7c libc_pic.a(vwscanf.pico)
                0x0002d4f0                vwscanf
                0x0002d530                _vwscanf_l
                0x0002d530                vwscanf_l
 *fill*         0x0002d56c        0x4 
 .text          0x0002d570       0x78 libc_pic.a(vwprintf.pico)
                0x0002d570                _vwprintf_l
                0x0002d570                vwprintf_l
                0x0002d5b0                vwprintf
 *fill*         0x0002d5e8        0x8 
 .text          0x0002d5f0       0x7c libc_pic.a(vscanf.pico)
                0x0002d5f0                vscanf
                0x0002d630                _vscanf_l
                0x0002d630                vscanf_l
 *fill*         0x0002d66c        0x4 
 .text          0x0002d670       0x7f libc_pic.a(vprintf.pico)
                0x0002d670                vprintf
                0x0002d6b0                _vprintf_l
                0x0002d6b0                vprintf_l
 *fill*         0x0002d6ef        0x1 
 .text          0x0002d6f0      0x110 libc_pic.a(tmpfile.pico)
                0x0002d6f0                tmpfile
 .text          0x0002d800       0x7e libc_pic.a(swscanf.pico)
                0x0002d800                swscanf
                0x0002d840                swscanf_l
                0x0002d840                _swscanf_l
 *fill*         0x0002d87e        0x2 
 .text          0x0002d880       0x87 libc_pic.a(swprintf.pico)
                0x0002d880                swprintf
                0x0002d8c0                swprintf_l
                0x0002d8c0                _swprintf_l
 *fill*         0x0002d907        0x9 
 .text          0x0002d910       0x8c libc_pic.a(setbuffer.pico)
                0x0002d910                setbuffer
                0x0002d960                setlinebuf
 *fill*         0x0002d99c        0x4 
 .text          0x0002d9a0       0x41 libc_pic.a(setbuf.pico)
                0x0002d9a0                setbuf
 *fill*         0x0002d9e1        0xf 
 .text          0x0002d9f0       0x7f libc_pic.a(scanf.pico)
                0x0002d9f0                scanf
                0x0002da30                _scanf_l
                0x0002da30                scanf_l
 *fill*         0x0002da6f        0x1 
 .text          0x0002da70       0x61 libc_pic.a(remove.pico)
                0x0002da70                remove
 *fill*         0x0002dad1        0xf 
 .text          0x0002dae0       0x31 libc_pic.a(putwchar.pico)
                0x0002dae0                putwchar
 *fill*         0x0002db11        0xf 
 .text          0x0002db20       0x18 libc_pic.a(putwc.pico)
                0x0002db20                putwc
 *fill*         0x0002db38        0x8 
 .text          0x0002db40       0x5e libc_pic.a(putw.pico)
                0x0002db40                putw
 *fill*         0x0002db9e        0x2 
 .text          0x0002dba0       0x99 libc_pic.a(putc.pico)
                0x0002dba0                putc
                0x0002dbf0                putc_unlocked
 *fill*         0x0002dc39        0x7 
 .text          0x0002dc40       0x49 libc_pic.a(mkostemps.pico)
                0x0002dc40                mkostemps
 *fill*         0x0002dc89        0x7 
 .text          0x0002dc90       0x4a libc_pic.a(mkostemp.pico)
                0x0002dc90                mkostemp
 *fill*         0x0002dcda        0x6 
 .text          0x0002dce0       0x4a libc_pic.a(mkstemps.pico)
                0x0002dce0                mkstemps
 *fill*         0x0002dd2a        0x6 
 .text          0x0002dd30       0x4b libc_pic.a(mkstemp.pico)
                0x0002dd30                _mkstemp
                0x0002dd30                mkstemp
 *fill*         0x0002dd7b        0x5 
 .text          0x0002dd80       0x4c libc_pic.a(mkdtemp.pico)
                0x0002dd80                mkdtemp
 *fill*         0x0002ddcc        0x4 
 .text          0x0002ddd0       0x25 libc_pic.a(getwchar.pico)
                0x0002ddd0                getwchar
 *fill*         0x0002ddf5        0xb 
 .text          0x0002de00       0x18 libc_pic.a(getwc.pico)
                0x0002de00                getwc
 *fill*         0x0002de18        0x8 
 .text          0x0002de20       0x4a libc_pic.a(getw.pico)
                0x0002de20                getw
 *fill*         0x0002de6a        0x6 
 .text          0x0002de70       0x3a libc_pic.a(getline.pico)
                0x0002de70                _getline
                0x0002de70                getline
 *fill*         0x0002deaa        0x6 
 .text          0x0002deb0       0x7e libc_pic.a(getchar.pico)
                0x0002deb0                getchar
                0x0002def0                getchar_unlocked
 *fill*         0x0002df2e        0x2 
 .text          0x0002df30       0x77 libc_pic.a(getc.pico)
                0x0002df30                getc
                0x0002df70                getc_unlocked
 *fill*         0x0002dfa7        0x9 
 .text          0x0002dfb0       0x7e libc_pic.a(fwscanf.pico)
                0x0002dfb0                fwscanf
                0x0002dff0                fwscanf_l
                0x0002dff0                _fwscanf_l
 *fill*         0x0002e02e        0x2 
 .text          0x0002e030       0x7e libc_pic.a(fwprintf.pico)
                0x0002e030                fwprintf
                0x0002e070                _fwprintf_l
                0x0002e070                fwprintf_l
 *fill*         0x0002e0ae        0x2 
 .text          0x0002e0b0       0x39 libc_pic.a(fwide.pico)
                0x0002e0b0                fwide
 *fill*         0x0002e0e9        0x7 
 .text          0x0002e0f0      0x2b0 libc_pic.a(funopen.pico)
                0x0002e0f0                funopen2
                0x0002e170                funopen
 .text          0x0002e3a0       0x88 libc_pic.a(fsetpos.pico)
                0x0002e3a0                __fsetpos50
 *fill*         0x0002e428        0x8 
 .text          0x0002e430       0x7e libc_pic.a(fscanf.pico)
                0x0002e430                fscanf
                0x0002e470                _fscanf_l
                0x0002e470                fscanf_l
 *fill*         0x0002e4ae        0x2 
 .text          0x0002e4b0      0x320 libc_pic.a(freopen.pico)
                0x0002e4b0                freopen
 .text          0x0002e7d0       0x6b libc_pic.a(fputws.pico)
                0x0002e7d0                fputws
 *fill*         0x0002e83b        0x5 
 .text          0x0002e840       0x90 libc_pic.a(fpurge.pico)
                0x0002e840                fpurge
 .text          0x0002e8d0       0x25 libc_pic.a(flockfile.pico)
                0x0002e8d0                _flockfile
                0x0002e8d0                flockfile
                0x0002e8e0                _ftrylockfile
                0x0002e8e0                ftrylockfile
                0x0002e8f0                _funlockfile
                0x0002e8f0                funlockfile
 *fill*         0x0002e8f5        0xb 
 .text          0x0002e900       0x1b libc_pic.a(fileno.pico)
                0x0002e900                _fileno
                0x0002e900                fileno
 *fill*         0x0002e91b        0x5 
 .text          0x0002e920       0xa4 libc_pic.a(fgetws.pico)
                0x0002e920                fgetws
 *fill*         0x0002e9c4        0xc 
 .text          0x0002e9d0       0xe9 libc_pic.a(fgetwln.pico)
                0x0002e9d0                fgetwln
                0x0002e9d0                _fgetwln
 *fill*         0x0002eab9        0x7 
 .text          0x0002eac0       0x78 libc_pic.a(fgetpos.pico)
                0x0002eac0                __fgetpos50
 *fill*         0x0002eb38        0x8 
 .text          0x0002eb40       0x37 libc_pic.a(fgetc.pico)
                0x0002eb40                fgetc
 *fill*         0x0002eb77        0x9 
 .text          0x0002eb80       0x12 libc_pic.a(ferror.pico)
                0x0002eb80                ferror
 *fill*         0x0002eb92        0xe 
 .text          0x0002eba0       0x12 libc_pic.a(feof.pico)
                0x0002eba0                feof
 *fill*         0x0002ebb2        0xe 
 .text          0x0002ebc0       0x7e libc_pic.a(dprintf.pico)
                0x0002ebc0                dprintf
                0x0002ec00                _dprintf_l
                0x0002ec00                dprintf_l
 *fill*         0x0002ec3e        0x2 
 .text          0x0002ec40        0xc libc_pic.a(clrerr.pico)
                0x0002ec40                clearerr
 *fill*         0x0002ec4c        0x4 
 .text          0x0002ec50       0x5c libc_pic.a(vsprintf_chk.pico)
                0x0002ec50                __vsprintf_chk
 *fill*         0x0002ecac        0x4 
 .text          0x0002ecb0       0x45 libc_pic.a(vsnprintf_chk.pico)
                0x0002ecb0                __vsnprintf_chk
 *fill*         0x0002ecf5        0xb 
 .text          0x0002ed00       0x44 libc_pic.a(strncpy_chk.pico)
                0x0002ed00                __strncpy_chk
 *fill*         0x0002ed44        0xc 
 .text          0x0002ed50       0x88 libc_pic.a(strncat_chk.pico)
                0x0002ed50                __strncat_chk
 *fill*         0x0002edd8        0x8 
 .text          0x0002ede0       0x5e libc_pic.a(strcpy_chk.pico)
                0x0002ede0                __strcpy_chk
 *fill*         0x0002ee3e        0x2 
 .text          0x0002ee40       0x7e libc_pic.a(strcat_chk.pico)
                0x0002ee40                __strcat_chk
 *fill*         0x0002eebe        0x2 
 .text          0x0002eec0       0x44 libc_pic.a(stpncpy_chk.pico)
                0x0002eec0                __stpncpy_chk
 *fill*         0x0002ef04        0xc 
 .text          0x0002ef10       0x5e libc_pic.a(stpcpy_chk.pico)
                0x0002ef10                __stpcpy_chk
 *fill*         0x0002ef6e        0x2 
 .text          0x0002ef70       0x5f libc_pic.a(sprintf_chk.pico)
                0x0002ef70                __sprintf_chk
 *fill*         0x0002efcf        0x1 
 .text          0x0002efd0       0x48 libc_pic.a(snprintf_chk.pico)
                0x0002efd0                __snprintf_chk
 *fill*         0x0002f018        0x8 
 .text          0x0002f020       0x40 libc_pic.a(memset_chk.pico)
                0x0002f020                __memset_chk
 .text          0x0002f060       0x40 libc_pic.a(memmove_chk.pico)
                0x0002f060                __memmove_chk
 .text          0x0002f0a0       0x56 libc_pic.a(memcpy_chk.pico)
                0x0002f0a0                __memcpy_chk
 *fill*         0x0002f0f6        0xa 
 .text          0x0002f100       0x4c libc_pic.a(fgets_chk.pico)
                0x0002f100                __fgets_chk
 *fill*         0x0002f14c        0x4 
 .text          0x0002f150       0xb9 libc_pic.a(gets_chk.pico)
                0x0002f150                __gets_chk
 *fill*         0x0002f209        0x7 
 .text          0x0002f210       0x55 libc_pic.a(res_state.pico)
                0x0002f210                __res_get_state_nothread
                0x0002f210                __res_get_state
                0x0002f210                __res_state
                0x0002f260                __res_put_state_nothread
                0x0002f260                __res_put_state
 *fill*         0x0002f265        0xb 
 .text          0x0002f270      0x16b libc_pic.a(herror.pico)
                0x0002f270                _herror
                0x0002f270                herror
                0x0002f3a0                hstrerror
 *fill*         0x0002f3db        0x5 
 .text          0x0002f3e0     0x3624 libc_pic.a(regexec.pico)
                0x0002f3e0                _regexec
                0x0002f3e0                regexec
 *fill*         0x00032a04        0xc 
 .text          0x00032a10      0x31c libc_pic.a(regerror.pico)
                0x00032a10                regerror
                0x00032a10                _regerror
 *fill*         0x00032d2c        0x4 
 .text          0x00032d30     0x43ce libc_pic.a(regcomp.pico)
                0x00032d30                _regcomp
                0x00032d30                regcomp
 *fill*         0x000370fe        0x2 
 .text          0x00037100      0x168 libc_pic.a(if_nameindex.pico)
                0x00037100                if_nameindex
                0x00037100                _if_nameindex
                0x00037250                _if_freenameindex
                0x00037250                if_freenameindex
 *fill*         0x00037268        0x8 
 .text          0x00037270       0xf1 libc_pic.a(inet6_scopeid.pico)
                0x00037270                inet6_getscopeid
                0x000372f0                inet6_putscopeid
 *fill*         0x00037361        0x3 
 .text          0x00037364        0x0 libc_pic.a(vars6.pico)
 *fill*         0x00037364        0xc 
 .text          0x00037370      0x3fb libc_pic.a(rthdr.pico)
                0x00037370                inet6_rthdr_space
                0x00037370                _inet6_rthdr_space
                0x000373a0                inet6_rthdr_init
                0x000373a0                _inet6_rthdr_init
                0x000373e0                inet6_rthdr_add
                0x000373e0                _inet6_rthdr_add
                0x00037450                inet6_rthdr_lasthop
                0x00037450                _inet6_rthdr_lasthop
                0x00037480                inet6_rthdr_segments
                0x00037480                _inet6_rthdr_segments
                0x000374b0                inet6_rthdr_getaddr
                0x000374b0                _inet6_rthdr_getaddr
                0x000374f0                _inet6_rthdr_getflags
                0x000374f0                inet6_rthdr_getflags
                0x00037530                _inet6_rth_space
                0x00037530                inet6_rth_space
                0x00037550                inet6_rth_init
                0x00037550                _inet6_rth_init
                0x000375c0                _inet6_rth_add
                0x000375c0                inet6_rth_add
                0x00037610                _inet6_rth_reverse
                0x00037610                inet6_rth_reverse
                0x000376f0                _inet6_rth_segments
                0x000376f0                inet6_rth_segments
                0x00037730                _inet6_rth_getaddr
                0x00037730                inet6_rth_getaddr
 *fill*         0x0003776b        0x5 
 .text          0x00037770      0x85f libc_pic.a(ip6opt.pico)
                0x00037770                inet6_option_space
                0x00037770                _inet6_option_space
                0x00037790                _inet6_option_init
                0x00037790                inet6_option_init
                0x000377c0                inet6_option_append
                0x000377c0                _inet6_option_append
                0x00037930                inet6_option_alloc
                0x00037930                _inet6_option_alloc
                0x00037a80                _inet6_option_next
                0x00037a80                inet6_option_next
                0x00037b40                inet6_option_find
                0x00037b40                _inet6_option_find
                0x00037c10                _inet6_opt_init
                0x00037c10                inet6_opt_init
                0x00037c50                _inet6_opt_append
                0x00037c50                inet6_opt_append
                0x00037d60                _inet6_opt_finish
                0x00037d60                inet6_opt_finish
                0x00037df0                _inet6_opt_set_val
                0x00037df0                inet6_opt_set_val
                0x00037e30                inet6_opt_next
                0x00037e30                _inet6_opt_next
                0x00037ef0                _inet6_opt_find
                0x00037ef0                inet6_opt_find
                0x00037f90                _inet6_opt_get_val
                0x00037f90                inet6_opt_get_val
 *fill*         0x00037fcf        0x1 
 .text          0x00037fd0       0x3b libc_pic.a(sockatmark.pico)
                0x00037fd0                sockatmark
 *fill*         0x0003800b        0x5 
 .text          0x00038010       0x4b libc_pic.a(recv.pico)
                0x00038010                recv
 *fill*         0x0003805b        0x5 
 .text          0x00038060     0x1dee libc_pic.a(rcmd.pico)
                0x00038060                rcmd
                0x000380c0                rcmd_af
                0x00038d50                orcmd
                0x00038db0                orcmd_af
                0x00038f10                rresvport
                0x00038f50                rresvport_af
                0x00038f90                rresvport_af_addr
                0x000390c0                ruserok
                0x000391c0                iruserok_sa
                0x00039460                iruserok
                0x000394e0                __ivaliduser_sa
                0x00039a00                __ivaliduser
 *fill*         0x00039e4e        0x2 
 .text          0x00039e50      0x2a2 libc_pic.a(linkaddr.pico)
                0x00039e50                link_addr
                0x0003a000                link_ntoa
 *fill*         0x0003a0f2        0xe 
 .text          0x0003a100      0x1f7 libc_pic.a(iso_addr.pico)
                0x0003a100                iso_addr
                0x0003a270                iso_ntoa
 *fill*         0x0003a2f7        0x9 
 .text          0x0003a300       0x8e libc_pic.a(getservent.pico)
                0x0003a300                setservent
                0x0003a300                _setservent
                0x0003a330                _endservent
                0x0003a330                endservent
                0x0003a360                getservent
                0x0003a360                _getservent
 *fill*         0x0003a38e        0x2 
 .text          0x0003a390       0x3c libc_pic.a(getservbyport.pico)
                0x0003a390                _getservbyport
                0x0003a390                getservbyport
 *fill*         0x0003a3cc        0x4 
 .text          0x0003a3d0       0x3c libc_pic.a(getservbyname.pico)
                0x0003a3d0                _getservbyname
                0x0003a3d0                getservbyname
 *fill*         0x0003a40c        0x4 
 .text          0x0003a410       0x8e libc_pic.a(getprotoent.pico)
                0x0003a410                setprotoent
                0x0003a410                _setprotoent
                0x0003a440                endprotoent
                0x0003a440                _endprotoent
                0x0003a470                getprotoent
                0x0003a470                _getprotoent
 *fill*         0x0003a49e        0x2 
 .text          0x0003a4a0       0x35 libc_pic.a(getprotobynumber.pico)
                0x0003a4a0                getprotobynumber
                0x0003a4a0                _getprotobynumber
 *fill*         0x0003a4d5        0xb 
 .text          0x0003a4e0       0x35 libc_pic.a(getprotobyname.pico)
                0x0003a4e0                getprotobyname
                0x0003a4e0                _getprotobyname
 *fill*         0x0003a515        0xb 
 .text          0x0003a520       0x76 libc_pic.a(getpeereid.pico)
                0x0003a520                getpeereid
 *fill*         0x0003a596        0xa 
 .text          0x0003a5a0      0xa05 libc_pic.a(getnetnamadr.pico)
                0x0003a5a0                _getnetbyaddr
                0x0003a5a0                getnetbyaddr
                0x0003a8e0                _getnetbyname
                0x0003a8e0                getnetbyname
 *fill*         0x0003afa5        0xb 
 .text          0x0003afb0      0x4de libc_pic.a(ethers.pico)
                0x0003afb0                _ether_ntoa
                0x0003afb0                ether_ntoa
                0x0003b030                _ether_aton
                0x0003b030                ether_aton
                0x0003b0e0                _ether_ntohost
                0x0003b0e0                ether_ntohost
                0x0003b250                ether_line
                0x0003b250                _ether_line
                0x0003b300                _ether_hostton
                0x0003b300                ether_hostton
 *fill*         0x0003b48e        0x2 
 .text          0x0003b490       0x17 libc_pic.a(initfini.pico)
                0x0003b490                _dlauxinfo
                0x0003b490                ___dlauxinfo
 *fill*         0x0003b4a7        0x9 
 .text          0x0003b4b0      0x286 libc_pic.a(md5hl.pico)
                0x0003b4b0                MD5End
                0x0003b4b0                _MD5End
                0x0003b540                _MD5File
                0x0003b540                MD5File
                0x0003b690                MD5Data
                0x0003b690                _MD5Data
 *fill*         0x0003b736        0xa 
 .text          0x0003b740      0x286 libc_pic.a(md4hl.pico)
                0x0003b740                MD4End
                0x0003b740                _MD4End
                0x0003b7d0                MD4File
                0x0003b7d0                _MD4File
                0x0003b920                _MD4Data
                0x0003b920                MD4Data
 *fill*         0x0003b9c6        0xa 
 .text          0x0003b9d0      0x804 libc_pic.a(md4c.pico)
                0x0003b9d0                MD4Init
                0x0003b9d0                _MD4Init
                0x0003ba10                MD4Update
                0x0003ba10                _MD4Update
                0x0003bb10                MD4Transform
                0x0003c020                _MD4Final
                0x0003c020                MD4Final
 *fill*         0x0003c1d4        0xc 
 .text          0x0003c1e0      0x1ab libc_pic.a(wcsftime.pico)
                0x0003c1e0                wcsftime
                0x0003c230                wcsftime_l
                0x0003c230                _wcsftime_l
 *fill*         0x0003c38b        0x5 
 .text          0x0003c390       0x80 libc_pic.a(wcsxfrm.pico)
                0x0003c390                wcsxfrm_l
                0x0003c3d0                wcsxfrm
 .text          0x0003c410       0x38 libc_pic.a(wcscoll.pico)
                0x0003c410                wcscoll_l
                0x0003c430                wcscoll
 *fill*         0x0003c448        0x8 
 .text          0x0003c450      0x2f3 libc_pic.a(wcstoull.pico)
                0x0003c450                wcstoull
                0x0003c710                wcstoull_l
 *fill*         0x0003c743        0xd 
 .text          0x0003c750      0x223 libc_pic.a(wcstoul.pico)
                0x0003c750                wcstoul
                0x0003c940                wcstoul_l
 *fill*         0x0003c973        0xd 
 .text          0x0003c980      0x373 libc_pic.a(wcstoll.pico)
                0x0003c980                wcstoll
                0x0003ccc0                wcstoll_l
 *fill*         0x0003ccf3        0xd 
 .text          0x0003cd00      0x273 libc_pic.a(wcstol.pico)
                0x0003cd00                wcstol
                0x0003cf40                wcstol_l
 *fill*         0x0003cf73        0xd 
 .text          0x0003cf80       0x9c libc_pic.a(nl_langinfo.pico)
                0x0003cf80                nl_langinfo
                0x0003cfd0                _nl_langinfo_l
                0x0003cfd0                nl_langinfo_l
 *fill*         0x0003d01c        0x4 
 .text          0x0003d020      0x2cd libc_pic.a(newlocale.pico)
                0x0003d020                _newlocale
                0x0003d020                newlocale
 *fill*         0x0003d2ed        0x3 
 .text          0x0003d2f0       0x18 libc_pic.a(freelocale.pico)
                0x0003d2f0                _freelocale
                0x0003d2f0                freelocale
 *fill*         0x0003d308        0x8 
 .text          0x0003d310       0x46 libc_pic.a(duplocale.pico)
                0x0003d310                duplocale
                0x0003d310                _duplocale
 *fill*         0x0003d356        0xa 
 .text          0x0003d360       0xf4 libc_pic.a(assertions.pico)
                0x0003d400                set_assertion_failure_callback
                0x0003d430                assertion_type_to_text
 *fill*         0x0003d454        0xc 
 .text          0x0003d460       0x67 libc_pic.a(inet_ntoa.pico)
                0x0003d460                _inet_ntoa
                0x0003d460                inet_ntoa
 *fill*         0x0003d4c7        0x9 
 .text          0x0003d4d0       0x2b libc_pic.a(inet_netof.pico)
                0x0003d4d0                _inet_netof
                0x0003d4d0                inet_netof
 *fill*         0x0003d4fb        0x5 
 .text          0x0003d500       0xe4 libc_pic.a(inet_neta.pico)
                0x0003d500                _inet_neta
                0x0003d500                inet_neta
 *fill*         0x0003d5e4        0xc 
 .text          0x0003d5f0      0x8f6 libc_pic.a(inet_net_pton.pico)
                0x0003d5f0                inet_net_pton
                0x0003d5f0                _inet_net_pton
 *fill*         0x0003dee6        0xa 
 .text          0x0003def0      0x50f libc_pic.a(inet_net_ntop.pico)
                0x0003def0                _inet_net_ntop
                0x0003def0                inet_net_ntop
 *fill*         0x0003e3ff        0x1 
 .text          0x0003e400       0x4b libc_pic.a(inet_makeaddr.pico)
                0x0003e400                inet_makeaddr
                0x0003e400                _inet_makeaddr
 *fill*         0x0003e44b        0x5 
 .text          0x0003e450       0x2d libc_pic.a(inet_lnaof.pico)
                0x0003e450                _inet_lnaof
                0x0003e450                inet_lnaof
 *fill*         0x0003e47d        0x3 
 .text          0x0003e480      0x546 libc_pic.a(inet_cidr_pton.pico)
                0x0003e480                inet_cidr_pton
                0x0003e480                _inet_cidr_pton
 *fill*         0x0003e9c6        0xa 
 .text          0x0003e9d0      0x63f libc_pic.a(inet_cidr_ntop.pico)
                0x0003e9d0                _inet_cidr_ntop
                0x0003e9d0                inet_cidr_ntop
 *fill*         0x0003f00f        0x1 
 .text          0x0003f010      0x238 libc_pic.a(iconv.pico)
                0x0003f010                _iconv_open
                0x0003f010                iconv_open
                0x0003f070                _iconv_close
                0x0003f070                iconv_close
                0x0003f0b0                _iconv
                0x0003f0b0                iconv
                0x0003f140                __iconv
                0x0003f1e0                __iconv_get_list
                0x0003f230                __iconv_free_list
 *fill*         0x0003f248        0x8 
 .text          0x0003f250       0xab libc_pic.a(murmurhash.pico)
                0x0003f250                _murmurhash2
                0x0003f250                murmurhash2
 *fill*         0x0003f2fb        0x5 
 .text          0x0003f300      0x3bc libc_pic.a(sha512hl.pico)
                0x0003f300                SHA512_End
                0x0003f300                _SHA512_End
                0x0003f390                _SHA512_FileChunk
                0x0003f390                SHA512_FileChunk
                0x0003f5c0                _SHA512_File
                0x0003f5c0                SHA512_File
                0x0003f610                SHA512_Data
                0x0003f610                _SHA512_Data
 *fill*         0x0003f6bc        0x4 
 .text          0x0003f6c0      0x3b9 libc_pic.a(sha384hl.pico)
                0x0003f6c0                SHA384_End
                0x0003f6c0                _SHA384_End
                0x0003f750                _SHA384_FileChunk
                0x0003f750                SHA384_FileChunk
                0x0003f980                _SHA384_File
                0x0003f980                SHA384_File
                0x0003f9d0                SHA384_Data
                0x0003f9d0                _SHA384_Data
 *fill*         0x0003fa79        0x7 
 .text          0x0003fa80      0x3b6 libc_pic.a(sha256hl.pico)
                0x0003fa80                SHA256_End
                0x0003fa80                _SHA256_End
                0x0003fb10                _SHA256_FileChunk
                0x0003fb10                SHA256_FileChunk
                0x0003fd40                SHA256_File
                0x0003fd40                _SHA256_File
                0x0003fd90                SHA256_Data
                0x0003fd90                _SHA256_Data
 *fill*         0x0003fe36        0xa 
 .text          0x0003fe40      0x3b6 libc_pic.a(sha224hl.pico)
                0x0003fe40                SHA224_End
                0x0003fe40                _SHA224_End
                0x0003fed0                SHA224_FileChunk
                0x0003fed0                _SHA224_FileChunk
                0x00040100                SHA224_File
                0x00040100                _SHA224_File
                0x00040150                SHA224_Data
                0x00040150                _SHA224_Data
 *fill*         0x000401f6        0xa 
 .text          0x00040200      0x3b6 libc_pic.a(sha1hl.pico)
                0x00040200                _SHA1End
                0x00040200                SHA1End
                0x00040290                _SHA1FileChunk
                0x00040290                SHA1FileChunk
                0x000404c0                _SHA1File
                0x000404c0                SHA1File
                0x00040510                _SHA1Data
                0x00040510                SHA1Data
 *fill*         0x000405b6        0xa 
 .text          0x000405c0     0x13b5 libc_pic.a(sha1.pico)
                0x000405c0                _SHA1Transform
                0x000405c0                SHA1Transform
                0x00041580                _SHA1Init
                0x00041580                SHA1Init
                0x000415c0                SHA1Update
                0x000415c0                _SHA1Update
                0x000416c0                SHA1Final
                0x000416c0                _SHA1Final
 *fill*         0x00041975        0xb 
 .text          0x00041980      0x3b6 libc_pic.a(rmd160hl.pico)
                0x00041980                RMD160End
                0x00041980                _RMD160End
                0x00041a10                RMD160FileChunk
                0x00041a10                _RMD160FileChunk
                0x00041c40                _RMD160File
                0x00041c40                RMD160File
                0x00041c90                RMD160Data
                0x00041c90                _RMD160Data
 *fill*         0x00041d36        0xa 
 .text          0x00041d40     0x1681 libc_pic.a(rmd160.pico)
                0x00041d40                RMD160Init
                0x00041d40                _RMD160Init
                0x00041d80                RMD160Update
                0x00041d80                _RMD160Update
                0x00041e70                RMD160Transform
                0x00041e70                _RMD160Transform
                0x00043120                RMD160Final
                0x00043120                _RMD160Final
 *fill*         0x000433c1        0xf 
 .text          0x000433d0      0x3b6 libc_pic.a(md2hl.pico)
                0x000433d0                MD2End
                0x000433d0                _MD2End
                0x00043460                _MD2FileChunk
                0x00043460                MD2FileChunk
                0x00043690                MD2File
                0x00043690                _MD2File
                0x000436e0                _MD2Data
                0x000436e0                MD2Data
 *fill*         0x00043786        0xa 
 .text          0x00043790      0x305 libc_pic.a(md2.pico)
                0x00043790                _MD2Init
                0x00043790                MD2Init
                0x00043810                MD2Update
                0x00043810                _MD2Update
                0x00043920                _MD2Transform
                0x00043920                MD2Transform
                0x000439b0                _MD2Final
                0x000439b0                MD2Final
 *fill*         0x00043a95        0xb 
 .text          0x00043aa0       0x57 libc_pic.a(fixunsdfsi.pico)
                0x00043aa0                __fixunsdfsi
 *fill*         0x00043af7        0x9 
 .text          0x00043b00        0xd libc_pic.a(fixdfsi.pico)
                0x00043b00                __fixdfsi
 *fill*         0x00043b0d        0x3 
 .text          0x00043b10        0xc libc_pic.a(signbitl.pico)
                0x00043b10                __signbitl
 *fill*         0x00043b1c        0x4 
 .text          0x00043b20       0x35 libc_pic.a(isnanl.pico)
                0x00043b20                __isnanl
 *fill*         0x00043b55        0xb 
 .text          0x00043b60       0x2d libc_pic.a(isinfl.pico)
                0x00043b60                __isinfl
 *fill*         0x00043b8d        0x3 
 .text          0x00043b90       0x14 libc_pic.a(isfinitel.pico)
                0x00043b90                __isfinitel
 .text          0x00043ba4        0x0 libc_pic.a(infinityl.pico)
 .text          0x00043ba4        0x0 libc_pic.a(nanf.pico)
 *fill*         0x00043ba4        0xc 
 .text          0x00043bb0        0xb libc_pic.a(signbitd_ieee754.pico)
                0x00043bb0                __signbitd
 *fill*         0x00043bbb        0x5 
 .text          0x00043bc0        0xb libc_pic.a(signbitf_ieee754.pico)
                0x00043bc0                __signbitf
 *fill*         0x00043bcb        0x5 
 .text          0x00043bd0       0x15 libc_pic.a(isfinited_ieee754.pico)
                0x00043bd0                __isfinited
 *fill*         0x00043be5        0xb 
 .text          0x00043bf0       0x18 libc_pic.a(isfinitef_ieee754.pico)
                0x00043bf0                __isfinitef
 *fill*         0x00043c08        0x8 
 .text          0x00043c10       0x2c libc_pic.a(isnand_ieee754.pico)
                0x00043c10                isnan
                0x00043c10                __isnand
 *fill*         0x00043c3c        0x4 
 .text          0x00043c40       0x27 libc_pic.a(isnanf_ieee754.pico)
                0x00043c40                __isnanf
 *fill*         0x00043c67        0x9 
 .text          0x00043c70       0x23 libc_pic.a(isinfd_ieee754.pico)
                0x00043c70                isinf
                0x00043c70                __isinfd
 *fill*         0x00043c93        0xd 
 .text          0x00043ca0       0x27 libc_pic.a(isinff_ieee754.pico)
                0x00043ca0                __isinff
 *fill*         0x00043cc7        0x9 
 .text          0x00043cd0       0x42 libc_pic.a(fpclassifyf_ieee754.pico)
                0x00043cd0                __fpclassifyf
 *fill*         0x00043d12        0x2 
 .text          0x00043d14        0x0 libc_pic.a(infinity_ieee754.pico)
 .text          0x00043d14        0x0 libc_pic.a(infinityf_ieee754.pico)
 *fill*         0x00043d14        0xc 
 .text          0x00043d20       0x9a libc_pic.a(sigsetjmp.pico)
                0x00043d20                __sigsetjmp14
                0x00043d70                __siglongjmp14
 *fill*         0x00043dba        0x6 
 .text          0x00043dc0       0x42 libc_pic.a(_setjmp.pico)
                0x00043dc0                _setjmp
                0x00043de0                _longjmp
 *fill*         0x00043e02        0xe 
 .text          0x00043e10       0x84 libc_pic.a(setjmp.pico)
                0x00043e10                __setjmp14
                0x00043e50                __longjmp14
 *fill*         0x00043e94        0xc 
 .text          0x00043ea0       0x29 libc_pic.a(fpsetprec.pico)
                0x00043ea0                fpsetprec
                0x00043ea0                _fpsetprec
 *fill*         0x00043ec9        0x7 
 .text          0x00043ed0       0x13 libc_pic.a(fpgetprec.pico)
                0x00043ed0                fpgetprec
                0x00043ed0                _fpgetprec
 *fill*         0x00043ee3        0xd 
 .text          0x00043ef0       0x25 libc_pic.a(fpsetsticky.pico)
                0x00043ef0                fpsetsticky
                0x00043ef0                _fpsetsticky
 *fill*         0x00043f15        0xb 
 .text          0x00043f20       0x24 libc_pic.a(fpsetround.pico)
                0x00043f20                fpsetround
                0x00043f20                _fpsetround
 *fill*         0x00043f44        0xc 
 .text          0x00043f50       0x25 libc_pic.a(fpsetmask.pico)
                0x00043f50                _fpsetmask
                0x00043f50                fpsetmask
 *fill*         0x00043f75        0xb 
 .text          0x00043f80       0x10 libc_pic.a(fpgetsticky.pico)
                0x00043f80                _fpgetsticky
                0x00043f80                fpgetsticky
 .text          0x00043f90        0xe libc_pic.a(fpgetround.pico)
                0x00043f90                fpgetround
                0x00043f90                _fpgetround
 *fill*         0x00043f9e        0x2 
 .text          0x00043fa0       0x12 libc_pic.a(fpgetmask.pico)
                0x00043fa0                fpgetmask
                0x00043fa0                _fpgetmask
 *fill*         0x00043fb2        0xe 
 .text          0x00043fc0        0x7 libc_pic.a(fabs.pico)
                0x00043fc0                fabs
 *fill*         0x00043fc7        0x9 
 .text          0x00043fd0        0x7 libc_pic.a(byte_swap_4.pico)
                0x00043fd0                ntohl
                0x00043fd0                htonl
                0x00043fd0                __bswap32
 *fill*         0x00043fd7        0x9 
 .text          0x00043fe0        0x8 libc_pic.a(byte_swap_2.pico)
                0x00043fe0                ntohs
                0x00043fe0                htons
                0x00043fe0                __bswap16
 *fill*         0x00043fe8        0x8 
 .text          0x00043ff0       0x19 libc_pic.a(alloca.pico)
                0x00043ff0                alloca
 *fill*         0x00044009        0x7 
 .text          0x00044010      0x8bd libc_pic.a(wordexp.pico)
                0x00044010                wordexp
                0x00044880                wordfree
 *fill*         0x000448cd        0x3 
 .text          0x000448d0       0x35 libc_pic.a(warnc.pico)
                0x000448d0                _warnc
                0x000448d0                warnc
 *fill*         0x00044905        0xb 
 .text          0x00044910       0x3c libc_pic.a(wait.pico)
                0x00044910                wait
                0x00044910                _wait
 *fill*         0x0004494c        0x4 
 .text          0x00044950       0x38 libc_pic.a(valloc.pico)
                0x00044950                valloc
                0x00044950                _valloc
 *fill*         0x00044988        0x8 
 .text          0x00044990       0x7b libc_pic.a(utimens.pico)
                0x00044990                utimens
                0x000449d0                lutimens
 *fill*         0x00044a0b        0x5 
 .text          0x00044a10       0x67 libc_pic.a(utime.pico)
                0x00044a10                __utime50
 *fill*         0x00044a77        0x9 
 .text          0x00044a80      0x209 libc_pic.a(uname.pico)
                0x00044a80                uname
                0x00044a80                _uname
 *fill*         0x00044c89        0x7 
 .text          0x00044c90       0xb9 libc_pic.a(ulimit.pico)
                0x00044c90                ulimit
 *fill*         0x00044d49        0x7 
 .text          0x00044d50       0x9c libc_pic.a(ualarm.pico)
                0x00044d50                ualarm
                0x00044d50                _ualarm
 *fill*         0x00044dec        0x4 
 .text          0x00044df0      0x13c libc_pic.a(ttyslot.pico)
                0x00044df0                _ttyslot
                0x00044df0                ttyslot
 *fill*         0x00044f2c        0x4 
 .text          0x00044f30      0x15b libc_pic.a(ttyname.pico)
                0x00044f30                _ttyname_r
                0x00044f30                ttyname_r
                0x00045040                _ttyname
                0x00045040                ttyname
 *fill*         0x0004508b        0x5 
 .text          0x00045090        0xb libc_pic.a(toascii.pico)
                0x00045090                toascii
 *fill*         0x0004509b        0x5 
 .text          0x000450a0       0x55 libc_pic.a(time.pico)
                0x000450a0                __time50
 *fill*         0x000450f5        0xb 
 .text          0x00045100       0x61 libc_pic.a(sysctlnametomib.pico)
                0x00045100                _sysctlnametomib
                0x00045100                sysctlnametomib
 *fill*         0x00045161        0xf 
 .text          0x00045170      0x135 libc_pic.a(sigsetops.pico)
                0x00045170                __sigaddset14
                0x000451b0                __sigdelset14
                0x00045200                __sigismember14
                0x00045250                __sigemptyset14
                0x00045280                __sigfillset14
 *fill*         0x000452a5        0xb 
 .text          0x000452b0      0x1a3 libc_pic.a(sigset.pico)
                0x000452b0                sigset
 *fill*         0x00045453        0xd 
 .text          0x00045460       0x81 libc_pic.a(sigrelse.pico)
                0x00045460                sigrelse
 *fill*         0x000454e1        0x3 
 .text          0x000454e4        0x0 libc_pic.a(signame.pico)
 *fill*         0x000454e4        0xc 
 .text          0x000454f0       0xba libc_pic.a(siginterrupt.pico)
                0x000454f0                siginterrupt
                0x000454f0                _siginterrupt
 *fill*         0x000455aa        0x6 
 .text          0x000455b0       0x67 libc_pic.a(sigignore.pico)
                0x000455b0                sigignore
 *fill*         0x00045617        0x9 
 .text          0x00045620       0x81 libc_pic.a(sighold.pico)
                0x00045620                sighold
 *fill*         0x000456a1        0xf 
 .text          0x000456b0       0xb1 libc_pic.a(shquotev.pico)
                0x000456b0                shquotev
 *fill*         0x00045761        0xf 
 .text          0x00045770      0x20c libc_pic.a(shquote.pico)
                0x00045770                _shquote
                0x00045770                shquote
 *fill*         0x0004597c        0x4 
 .text          0x00045980        0x5 libc_pic.a(setprogname.pico)
                0x00045980                setprogname
 *fill*         0x00045985        0xb 
 .text          0x00045990       0xc6 libc_pic.a(setproctitle.pico)
                0x00045990                _setproctitle
                0x00045990                setproctitle
 *fill*         0x00045a56        0xa 
 .text          0x00045a60      0xb1c libc_pic.a(setmode.pico)
                0x00045a60                _getmode
                0x00045a60                getmode
                0x00045b90                _setmode
                0x00045b90                setmode
 *fill*         0x0004657c        0x4 
 .text          0x00046580       0x37 libc_pic.a(setjmperr.pico)
                0x00046580                longjmperror
 *fill*         0x000465b7        0x9 
 .text          0x000465c0       0x5f libc_pic.a(sethostname.pico)
                0x000465c0                _sethostname
                0x000465c0                sethostname
 *fill*         0x0004661f        0x1 
 .text          0x00046620       0x5f libc_pic.a(setdomainname.pico)
                0x00046620                _setdomainname
                0x00046620                setdomainname
 *fill*         0x0004667f        0x1 
 .text          0x00046680       0x18 libc_pic.a(seekdir.pico)
                0x00046680                seekdir
                0x00046680                _seekdir
 *fill*         0x00046698        0x8 
 .text          0x000466a0      0x268 libc_pic.a(scandir.pico)
                0x000466a0                __scandir30
 *fill*         0x00046908        0x8 
 .text          0x00046910      0x694 libc_pic.a(randomid.pico)
                0x00046910                _randomid_new
                0x00046910                randomid_new
                0x000469f0                _randomid_delete
                0x000469f0                randomid_delete
                0x00046a10                _randomid
                0x00046a10                randomid
 *fill*         0x00046fa4        0xc 
 .text          0x00046fb0      0x57d libc_pic.a(pw_scan.pico)
                0x00046fb0                __pw_scan
 *fill*         0x0004752d        0x3 
 .text          0x00047530      0xec8 libc_pic.a(ptree.pico)
                0x00047530                ptree_init
                0x000475a0                ptree_insert_node
                0x000478a0                ptree_insert_mask_node
                0x00047950                ptree_find_filtered_node
                0x00047b70                ptree_iterate
                0x00047d80                ptree_remove_node
                0x00047ff0                ptree_check
                0x00048000                ptree_mask_node_p
 *fill*         0x000483f8        0x8 
 .text          0x00048400       0xfd libc_pic.a(psignal.pico)
                0x00048400                _psignal
                0x00048400                psignal
                0x000484d0                psiginfo
 *fill*         0x000484fd        0x3 
 .text          0x00048500      0x16d libc_pic.a(posix_spawnp.pico)
                0x00048500                posix_spawnp
 *fill*         0x0004866d        0x3 
 .text          0x00048670      0x282 libc_pic.a(posix_spawn_fileactions.pico)
                0x00048670                posix_spawn_file_actions_init
                0x000486c0                posix_spawn_file_actions_destroy
                0x00048730                posix_spawn_file_actions_addopen
                0x000487e0                posix_spawn_file_actions_adddup2
                0x00048870                posix_spawn_file_actions_addclose
 *fill*         0x000488f2        0xe 
 .text          0x00048900      0x214 libc_pic.a(posix_spawn_sched.pico)
                0x00048900                posix_spawnattr_init
                0x00048970                posix_spawnattr_destroy
                0x00048980                posix_spawnattr_getflags
                0x000489a0                posix_spawnattr_getpgroup
                0x000489c0                posix_spawnattr_getschedparam
                0x000489e0                posix_spawnattr_getschedpolicy
                0x00048a00                posix_spawnattr_getsigdefault
                0x00048a30                posix_spawnattr_getsigmask
                0x00048a60                posix_spawnattr_setflags
                0x00048a80                posix_spawnattr_setpgroup
                0x00048a90                posix_spawnattr_setschedparam
                0x00048ab0                posix_spawnattr_setschedpolicy
                0x00048ac0                posix_spawnattr_setsigdefault
                0x00048af0                posix_spawnattr_setsigmask
 *fill*         0x00048b14        0xc 
 .text          0x00048b20      0x4ec libc_pic.a(popen.pico)
                0x00048b20                popen
                0x00048b20                _popen
                0x00048e40                popenve
                0x00048f50                pclose
                0x00048f50                _pclose
 *fill*         0x0004900c        0x4 
 .text          0x00049010       0x4e libc_pic.a(pause.pico)
                0x00049010                pause
                0x00049010                _pause
 *fill*         0x0004905e        0x2 
 .text          0x00049060        0x0 libc_pic.a(nlist_elf64.pico)
 .text          0x00049060        0x0 libc_pic.a(nlist_ecoff.pico)
 .text          0x00049060        0x0 libc_pic.a(nlist_coff.pico)
 .text          0x00049060       0xbd libc_pic.a(nlist.pico)
                0x00049060                nlist
                0x000490e0                __fdnlist
 *fill*         0x0004911d        0x3 
 .text          0x00049120       0x9b libc_pic.a(nice.pico)
                0x00049120                _nice
                0x00049120                nice
 *fill*         0x000491bb        0x5 
 .text          0x000491c0      0x17e libc_pic.a(nftw.pico)
                0x000491c0                nftw
 *fill*         0x0004933e        0x2 
 .text          0x00049340       0x11 libc_pic.a(isascii.pico)
                0x00049340                isascii
 *fill*         0x00049351        0xf 
 .text          0x00049360       0xeb libc_pic.a(initgroups.pico)
                0x00049360                _initgroups
                0x00049360                initgroups
 *fill*         0x0004944b        0x5 
 .text          0x00049450      0x49f libc_pic.a(humanize_number.pico)
                0x00049450                humanize_number
 *fill*         0x000498ef        0x1 
 .text          0x000498f0     0x1653 libc_pic.a(glob.pico)
                0x000498f0                __glob30
                0x0004a1f0                __globfree30
                0x0004a260                glob_pattern_p
 *fill*         0x0004af43        0xd 
 .text          0x0004af50      0x32b libc_pic.a(getusershell.pico)
                0x0004af50                _endusershell
                0x0004af50                endusershell
                0x0004b000                getusershell
                0x0004b000                _getusershell
                0x0004b1b0                _setusershell
                0x0004b1b0                setusershell
 *fill*         0x0004b27b        0x5 
 .text          0x0004b280      0xa8b libc_pic.a(getttyent.pico)
                0x0004b280                getttynam
                0x0004b280                _getttynam
                0x0004b300                setttyent
                0x0004b300                _setttyent
                0x0004b330                _getttyent
                0x0004b330                getttyent
                0x0004bbc0                endttyent
                0x0004bbc0                _endttyent
                0x0004bc10                _setttyentpath
                0x0004bc10                setttyentpath
 *fill*         0x0004bd0b        0x5 
 .text          0x0004bd10      0x228 libc_pic.a(getpass.pico)
                0x0004bd10                _getpass
                0x0004bd10                getpass
 *fill*         0x0004bf38        0x8 
 .text          0x0004bf40       0xf4 libc_pic.a(getmntinfo.pico)
                0x0004bf40                __getmntinfo13
 *fill*         0x0004c034        0xc 
 .text          0x0004c040       0xe3 libc_pic.a(getlogin.pico)
                0x0004c040                getlogin
                0x0004c040                _getlogin
                0x0004c0a0                _getlogin_r
                0x0004c0a0                getlogin_r
 *fill*         0x0004c123        0xd 
 .text          0x0004c130       0xb8 libc_pic.a(getloadavg.pico)
                0x0004c130                getloadavg
                0x0004c130                _getloadavg
 *fill*         0x0004c1e8        0x8 
 .text          0x0004c1f0       0x52 libc_pic.a(getgrouplist.pico)
                0x0004c1f0                getgrouplist
                0x0004c1f0                _getgrouplist
 *fill*         0x0004c242        0xe 
 .text          0x0004c250       0x8c libc_pic.a(getdomainname.pico)
                0x0004c250                _getdomainname
                0x0004c250                getdomainname
 *fill*         0x0004c2dc        0x4 
 .text          0x0004c2e0     0x1638 libc_pic.a(getcap.pico)
                0x0004c2e0                cgetset
                0x0004c2e0                _cgetset
                0x0004c410                _cgetcap
                0x0004c410                cgetcap
                0x0004c4d0                cgetent
                0x0004c4d0                _cgetent
                0x0004cec0                csetexpandtc
                0x0004cec0                _csetexpandtc
                0x0004cee0                cgetmatch
                0x0004cee0                _cgetmatch
                0x0004cf60                _cgetfirst
                0x0004cf60                cgetfirst
                0x0004cfc0                _cgetclose
                0x0004cfc0                cgetclose
                0x0004d010                cgetnext
                0x0004d010                _cgetnext
                0x0004d390                cgetstr
                0x0004d390                _cgetstr
                0x0004d670                cgetustr
                0x0004d670                _cgetustr
                0x0004d7f0                _cgetnum
                0x0004d7f0                cgetnum
 *fill*         0x0004d918        0x8 
 .text          0x0004d920      0x1b7 libc_pic.a(getbsize.pico)
                0x0004d920                getbsize
                0x0004d920                _getbsize
 *fill*         0x0004dad7        0x9 
 .text          0x0004dae0      0x12e libc_pic.a(ftw.pico)
                0x0004dae0                ftw
 *fill*         0x0004dc0e        0x2 
 .text          0x0004dc10       0x59 libc_pic.a(ftok.pico)
                0x0004dc10                _ftok
                0x0004dc10                ftok
 *fill*         0x0004dc69        0x7 
 .text          0x0004dc70      0x813 libc_pic.a(fstab.pico)
                0x0004dc70                getfsent
                0x0004dc70                _getfsent
                0x0004dcf0                setfsent
                0x0004dcf0                _setfsent
                0x0004e2f0                getfsspec
                0x0004e2f0                _getfsspec
                0x0004e3a0                getfsfile
                0x0004e3a0                _getfsfile
                0x0004e450                _endfsent
                0x0004e450                endfsent
 *fill*         0x0004e483        0xd 
 .text          0x0004e490      0x627 libc_pic.a(fnmatch.pico)
                0x0004e490                _fnmatch
                0x0004e490                fnmatch
 *fill*         0x0004eab7        0x9 
 .text          0x0004eac0      0x588 libc_pic.a(fmtmsg.pico)
                0x0004eac0                fmtmsg
 *fill*         0x0004f048        0x8 
 .text          0x0004f050      0x4d4 libc_pic.a(fmtcheck.pico)
                0x0004f050                __fmtcheck
                0x0004f050                fmtcheck
 *fill*         0x0004f524        0xc 
 .text          0x0004f530       0x37 libc_pic.a(execv.pico)
                0x0004f530                _execv
                0x0004f530                execv
 *fill*         0x0004f567        0x9 
 .text          0x0004f570      0x129 libc_pic.a(execlp.pico)
                0x0004f570                _execlp
                0x0004f570                execlp
                0x0004f600                execlpe
                0x0004f600                _execlpe
 *fill*         0x0004f699        0x7 
 .text          0x0004f6a0       0x99 libc_pic.a(execle.pico)
                0x0004f6a0                execle
                0x0004f6a0                _execle
 *fill*         0x0004f739        0x3 
 .text          0x0004f73c        0x0 libc_pic.a(errno.pico)
 *fill*         0x0004f73c        0x4 
 .text          0x0004f740       0x37 libc_pic.a(errc.pico)
                0x0004f740                _errc
                0x0004f740                errc
 *fill*         0x0004f777        0x9 
 .text          0x0004f780       0x2f libc_pic.a(errx.pico)
                0x0004f780                errx
                0x0004f780                _errx
 *fill*         0x0004f7af        0x1 
 .text          0x0004f7b0       0x2f libc_pic.a(err.pico)
                0x0004f7b0                _err
                0x0004f7b0                err
 *fill*         0x0004f7df        0x1 
 .text          0x0004f7e0       0xe8 libc_pic.a(dirname.pico)
                0x0004f7e0                _dirname
                0x0004f7e0                dirname
 *fill*         0x0004f8c8        0x8 
 .text          0x0004f8d0      0x156 libc_pic.a(dehumanize_number.pico)
                0x0004f8d0                dehumanize_number
 *fill*         0x0004fa26        0xa 
 .text          0x0004fa30       0xd4 libc_pic.a(daemon.pico)
                0x0004fa30                _daemon
                0x0004fa30                daemon
 *fill*         0x0004fb04        0xc 
 .text          0x0004fb10       0x46 libc_pic.a(ctermid.pico)
                0x0004fb10                _ctermid
                0x0004fb10                ctermid
 *fill*         0x0004fb56        0xa 
 .text          0x0004fb60       0x2c libc_pic.a(clock.pico)
                0x0004fb60                clock
 *fill*         0x0004fb8c        0x4 
 .text          0x0004fb90       0xcc libc_pic.a(basename.pico)
                0x0004fb90                _basename
                0x0004fb90                basename
 *fill*         0x0004fc5c        0x4 
 .text          0x0004fc60      0x13a libc_pic.a(asysctl.pico)
                0x0004fc60                _asysctl
                0x0004fc60                asysctl
                0x0004fd20                _asysctlbyname
                0x0004fd20                asysctlbyname
 *fill*         0x0004fd9a        0x6 
 .text          0x0004fda0       0x90 libc_pic.a(alarm.pico)
                0x0004fda0                alarm
                0x0004fda0                _alarm
 .text          0x0004fe30       0x21 libc_pic.a(fslib.pico)
                0x0004fe30                bitmapsize
 *fill*         0x0004fe51        0xf 
 .text          0x0004fe60       0x3b libc_pic.a(read_tsc_64.pico)
                0x0004fe60                read_tsc_64
 *fill*         0x0004fe9b        0x5 
 .text          0x0004fea0      0x1a3 libc_pic.a(itoa.pico)
                0x0004fea0                itoa
 *fill*         0x00050043        0xd 
 .text          0x00050050       0xb8 libc_pic.a(gcov.pico)
                0x00050050                _gcov_fopen
                0x00050070                _gcov_fread
                0x00050090                _gcov_fwrite
                0x000500b0                _gcov_fclose
                0x000500d0                _gcov_fseek
                0x000500f0                _gcov_getenv
 *fill*         0x00050108        0x8 
 .text          0x00050110      0x1c4 libc_pic.a(fsversion.pico)
                0x00050110                fsversion
 *fill*         0x000502d4        0xc 
 .text          0x000502e0      0x1bc libc_pic.a(dlfcn_elf.pico)
                0x000502e0                ___dlopen
                0x000502e0                dlopen
                0x000502e0                __dlopen
                0x000502f0                __dlclose
                0x000502f0                ___dlclose
                0x000502f0                dlclose