Archive member included because of file (symbol)

libUTF7_pic.a(citrus_utf7.pico)
                              (--whole-archive)

Discarded input sections

 .note.GNU-stack
                0x00000000        0x0 libUTF7_pic.a(citrus_utf7.pico)

Memory Configuration

Name             Origin             Length             Attributes
*default*        0x00000000         0xffffffff

Linker script and memory map

LOAD /usr/lib/crti.o
LOAD /usr/lib/crtbeginS.o
LOAD libUTF7_pic.a
LOAD /usr/lib/libc.so
LOAD /usr/lib/crtendS.o
LOAD /usr/lib/crtn.o
                0x000000f4                . = (0x0 + SIZEOF_HEADERS)

.note.gnu.build-id
 *(.note.gnu.build-id)

.hash           0x000000f4       0x98
 *(.hash)
 .hash          0x000000f4       0x98 /usr/lib/crti.o

.gnu.hash
 *(.gnu.hash)

.dynsym         0x0000018c      0x130
 *(.dynsym)
 .dynsym        0x0000018c      0x130 /usr/lib/crti.o

.dynstr         0x000002bc      0x122
 *(.dynstr)
 .dynstr        0x000002bc      0x122 /usr/lib/crti.o

.gnu.version    0x000003de        0x0
 *(.gnu.version)
 .gnu.version   0x00000000        0x0 /usr/lib/crti.o

.gnu.version_d  0x000003e0        0x0
 *(.gnu.version_d)
 .gnu.version_d
                0x00000000        0x0 /usr/lib/crti.o

.gnu.version_r  0x000003e0        0x0
 *(.gnu.version_r)
 .gnu.version_r
                0x00000000        0x0 /usr/lib/crti.o

.rel.dyn        0x000003e0      0x118
 *(.rel.init)
 *(.rel.text .rel.text.* .rel.gnu.linkonce.t.*)
 *(.rel.fini)
 *(.rel.rodata .rel.rodata.* .rel.gnu.linkonce.r.*)
 *(.rel.data.rel.ro .rel.data.rel.ro.* .rel.gnu.linkonce.d.rel.ro.*)
 *(.rel.data .rel.data.* .rel.gnu.linkonce.d.*)
 .rel.data.rel  0x000003e0        0x8 /usr/lib/crti.o
 .rel.data.rel.local
                0x000003e8       0xd8 /usr/lib/crti.o
 *(.rel.tdata .rel.tdata.* .rel.gnu.linkonce.td.*)
 *(.rel.tbss .rel.tbss.* .rel.gnu.linkonce.tb.*)
 *(.rel.ctors)
 *(.rel.dtors)
 *(.rel.got)
 .rel.got       0x000004c0       0x38 /usr/lib/crti.o
 *(.rel.bss .rel.bss.* .rel.gnu.linkonce.b.*)
 *(.rel.ifunc)
 .rel.ifunc     0x00000000        0x0 /usr/lib/crti.o

.rel.plt        0x000004f8       0x48
 *(.rel.plt)
 .rel.plt       0x000004f8       0x48 /usr/lib/crti.o
 *(.rel.iplt)

.init           0x00000540        0xa
 *(SORT(.init))
 .init          0x00000540        0x3 /usr/lib/crti.o
                0x00000540                _init
 .init          0x00000543        0x5 /usr/lib/crtbeginS.o
 .init          0x00000548        0x2 /usr/lib/crtn.o

.plt            0x00000550       0xa0
 *(.plt)
 .plt           0x00000550       0xa0 /usr/lib/crti.o
 *(.iplt)

.text           0x000005f0     0x1e84
                0x000005f0                PROVIDE (__eprol, .)
 *(.text)
 .text          0x000005f0        0x0 /usr/lib/crti.o
 .text          0x000005f0       0xef /usr/lib/crtbeginS.o
 *fill*         0x000006df        0x1 
 .text          0x000006e0     0x1d94 libUTF7_pic.a(citrus_utf7.pico)
                0x000018a0                _citrus_UTF7_ctype_getops
                0x00001c10                _citrus_UTF7_stdenc_getops
 .text          0x00002474        0x0 /usr/lib/crtendS.o
 .text          0x00002474        0x0 /usr/lib/crtn.o
 *(.text.unlikely .text.*_unlikely)
 *(.text.exit .text.exit.*)
 *(.text.startup .text.startup.*)
 *(.text.hot .text.hot.*)
 *(.stub .text.* .gnu.linkonce.t.*)
 *(.gnu.warning)

.fini           0x00002480        0xa
 *(SORT(.fini))
 .fini          0x00002480        0x3 /usr/lib/crti.o
                0x00002480                _fini
 .fini          0x00002483        0x5 /usr/lib/crtbeginS.o
 .fini          0x00002488        0x2 /usr/lib/crtn.o
                0x0000248a                PROVIDE (__etext, .)
                0x0000248a                PROVIDE (_etext, .)
                0x0000248a                PROVIDE (etext, .)

.rodata         0x0000248a       0x88
 *(.rodata .rodata.* .gnu.linkonce.r.*)
 .rodata        0x0000248a       0x41 libUTF7_pic.a(citrus_utf7.pico)
 .rodata.str1.1
                0x000024cb       0x47 libUTF7_pic.a(citrus_utf7.pico)

.rodata1
 *(.rodata1)

.eh_frame_hdr   0x00002514      0x11c
 *(.eh_frame_hdr)
 .eh_frame_hdr  0x00002514      0x11c libUTF7_pic.a(citrus_utf7.pico)

.eh_frame       0x00002630      0x45c
 *(.eh_frame)
 .eh_frame      0x00002630       0x3c /usr/lib/crti.o
                                 0x40 (size before relaxing)
 .eh_frame      0x0000266c        0x0 /usr/lib/crtbeginS.o
 .eh_frame      0x0000266c      0x41c libUTF7_pic.a(citrus_utf7.pico)
 .eh_frame      0x00002a88        0x4 /usr/lib/crtendS.o

.note.netbsd.ident
                0x00002a8c       0x18
 .note.netbsd.ident
                0x00002a8c       0x18 /usr/lib/crti.o

.note.netbsd.pax
                0x00002aa4       0x14
 .note.netbsd.pax
                0x00002aa4       0x14 /usr/lib/crti.o

.gcc_except_table
 *(.gcc_except_table .gcc_except_table.*)

.exception_ranges
 *(.exception_ranges .exception_ranges*)
                0x00002ab8                . = (ALIGN (0x1000) - ((0x1000 - .) & 0xfff))
                0x00003ab8                . = DATA_SEGMENT_ALIGN (0x1000, 0x1000)

.eh_frame
 *(.eh_frame)

.gcc_except_table
 *(.gcc_except_table .gcc_except_table.*)

.exception_ranges
 *(.exception_ranges .exception_ranges*)

.tdata
 *(.tdata .tdata.* .gnu.linkonce.td.*)

.tbss
 *(.tbss .tbss.* .gnu.linkonce.tb.*)
 *(.tcommon)

.preinit_array
 *(.preinit_array)

.init_array
 *(SORT(.init_array.*))
 *(.init_array)

.fini_array
 *(SORT(.fini_array.*))
 *(.fini_array)

.ctors          0x00003ab8        0x8
 *crtbegin.o(.ctors)
 *crtbegin?.o(.ctors)
 .ctors         0x00003ab8        0x4 /usr/lib/crtbeginS.o
 *(EXCLUDE_FILE(*crtend?.o *crtend.o) .ctors)
 *(SORT(.ctors.*))
 *(.ctors)
 .ctors         0x00003abc        0x4 /usr/lib/crtendS.o
                0x00003abc                __CTOR_LIST_END__

.dtors          0x00003ac0        0x8
 *crtbegin.o(.dtors)
 *crtbegin?.o(.dtors)
 .dtors         0x00003ac0        0x4 /usr/lib/crtbeginS.o
 *(EXCLUDE_FILE(*crtend?.o *crtend.o) .dtors)
 *(SORT(.dtors.*))
 *(.dtors)
 .dtors         0x00003ac4        0x4 /usr/lib/crtendS.o

.jcr            0x00003ac8        0x4
 *(.jcr)
 .jcr           0x00003ac8        0x0 /usr/lib/crtbeginS.o
 .jcr           0x00003ac8        0x4 /usr/lib/crtendS.o

.data.rel.ro
 *(.data.rel.ro.local* .gnu.linkonce.d.rel.ro.local.*)
 *(.data.rel.ro .data.rel.ro.* .gnu.linkonce.d.rel.ro.*)

.dynamic        0x00003acc       0xb8
 *(.dynamic)
 .dynamic       0x00003acc       0xb8 /usr/lib/crti.o
                0x00003acc                _DYNAMIC

.got            0x00003b84       0x1c
 *(.got)
 .got           0x00003b84       0x1c /usr/lib/crti.o
 *(.igot)
                0x00003ba0                . = DATA_SEGMENT_RELRO_END (., (SIZEOF (.got.plt) >= 0xc)?0xc:0x0)

.got.plt        0x00003ba0       0x30
 *(.got.plt)
 .got.plt       0x00003ba0       0x30 /usr/lib/crti.o
                0x00003ba0                _GLOBAL_OFFSET_TABLE_
 *(.igot.plt)

.data           0x00003bd0       0x9c
 *(.data .data.* .gnu.linkonce.d.*)
 .data          0x00003bd0        0x0 /usr/lib/crti.o
 .data          0x00003bd0        0x0 /usr/lib/crtbeginS.o
 .data.rel      0x00003bd0       0x26 /usr/lib/crtbeginS.o
                0x00003bd0                __dso_handle
 *fill*         0x00003bf6        0x2 
 .data          0x00003bf8        0x0 libUTF7_pic.a(citrus_utf7.pico)
 .data.rel.local
                0x00003bf8       0x74 libUTF7_pic.a(citrus_utf7.pico)
                0x00003bf8                _citrus_UTF7_ctype_ops
                0x00003c44                _citrus_UTF7_stdenc_ops
 .data          0x00003c6c        0x0 /usr/lib/crtendS.o
 .data          0x00003c6c        0x0 /usr/lib/crtn.o

.data1
 *(.data1)
                0x00003c6c                _edata = .
                0x00003c6c                PROVIDE (edata, .)
                0x00003c6c                . = .
                0x00003c6c                __bss_start = .

.bss            0x00003c6c        0x0
 *(.dynbss)
 .dynbss        0x00000000        0x0 /usr/lib/crti.o
 *(.bss .bss.* .gnu.linkonce.b.*)
 .bss           0x00003c6c        0x0 /usr/lib/crti.o
 .bss           0x00003c6c        0x0 /usr/lib/crtbeginS.o
 .bss           0x00003c6c        0x0 libUTF7_pic.a(citrus_utf7.pico)
 .bss           0x00003c6c        0x0 /usr/lib/crtendS.o
 .bss           0x00003c6c        0x0 /usr/lib/crtn.o
 *(COMMON)
                0x00003c6c                . = ALIGN ((. != 0x0)?0x4:0x1)
                0x00003c6c                . = ALIGN (0x4)
                0x00003c6c                . = ALIGN (0x4)
                0x00003c6c                _end = .
                0x00003c6c                PROVIDE (end, .)
                0x00003c6c                . = DATA_SEGMENT_END (.)

.stab
 *(.stab)

.stabstr
 *(.stabstr)

.stab.excl
 *(.stab.excl)

.stab.exclstr
 *(.stab.exclstr)

.stab.index
 *(.stab.index)

.stab.indexstr
 *(.stab.indexstr)

.comment        0x00000000       0x2f
 *(.comment)
 .comment       0x00000000       0x2f libUTF7_pic.a(citrus_utf7.pico)
                                 0x30 (size before relaxing)

.ident          0x00000000       0xde
 .ident         0x00000000       0x36 /usr/lib/crti.o
 .ident         0x00000036       0x3a /usr/lib/crtbeginS.o
 .ident         0x00000070       0x38 /usr/lib/crtendS.o
 .ident         0x000000a8       0x36 /usr/lib/crtn.o

.debug
 *(.debug)

.line
 *(.line)

.debug_srcinfo
 *(.debug_srcinfo)

.debug_sfnames
 *(.debug_sfnames)

.debug_aranges
 *(.debug_aranges)

.debug_pubnames
 *(.debug_pubnames)

.debug_info
 *(.debug_info .gnu.linkonce.wi.*)

.debug_abbrev
 *(.debug_abbrev)

.debug_line
 *(.debug_line)

.debug_frame
 *(.debug_frame)

.debug_str
 *(.debug_str)

.debug_loc
 *(.debug_loc)

.debug_macinfo
 *(.debug_macinfo)

.debug_weaknames
 *(.debug_weaknames)

.debug_funcnames
 *(.debug_funcnames)

.debug_typenames
 *(.debug_typenames)

.debug_varnames
 *(.debug_varnames)

.debug_pubtypes
 *(.debug_pubtypes)

.debug_ranges
 *(.debug_ranges)

.debug_macro
 *(.debug_macro)

.gnu.attributes
 *(.gnu.attributes)

/DISCARD/
 *(.note.GNU-stack)
 *(.gnu_debuglink)
 *(.gnu.lto_*)
OUTPUT(libUTF7.so.5.0 elf32-i386-minix)
