Archive member included because of file (symbol)

libform_pic.a(type_ipv6.pico)
                              (--whole-archive)
libform_pic.a(type_ipv4.pico)
                              (--whole-archive)
libform_pic.a(type_regex.pico)
                              (--whole-archive)
libform_pic.a(type_enum.pico)
                              (--whole-archive)
libform_pic.a(type_numeric.pico)
                              (--whole-archive)
libform_pic.a(type_integer.pico)
                              (--whole-archive)
libform_pic.a(type_alpha.pico)
                              (--whole-archive)
libform_pic.a(type_alnum.pico)
                              (--whole-archive)
libform_pic.a(post.pico)      (--whole-archive)
libform_pic.a(field_types.pico)
                              (--whole-archive)
libform_pic.a(driver.pico)    (--whole-archive)
libform_pic.a(form.pico)      (--whole-archive)
libform_pic.a(field.pico)     (--whole-archive)
libform_pic.a(internals.pico)
                              (--whole-archive)

Discarded input sections

 .note.GNU-stack
                0x00000000        0x0 libform_pic.a(type_ipv6.pico)
 .note.GNU-stack
                0x00000000        0x0 libform_pic.a(type_ipv4.pico)
 .note.GNU-stack
                0x00000000        0x0 libform_pic.a(type_regex.pico)
 .note.GNU-stack
                0x00000000        0x0 libform_pic.a(type_enum.pico)
 .note.GNU-stack
                0x00000000        0x0 libform_pic.a(type_numeric.pico)
 .note.GNU-stack
                0x00000000        0x0 libform_pic.a(type_integer.pico)
 .note.GNU-stack
                0x00000000        0x0 libform_pic.a(type_alpha.pico)
 .note.GNU-stack
                0x00000000        0x0 libform_pic.a(type_alnum.pico)
 .note.GNU-stack
                0x00000000        0x0 libform_pic.a(post.pico)
 .note.GNU-stack
                0x00000000        0x0 libform_pic.a(field_types.pico)
 .note.GNU-stack
                0x00000000        0x0 libform_pic.a(driver.pico)
 .note.GNU-stack
                0x00000000        0x0 libform_pic.a(form.pico)
 .note.GNU-stack
                0x00000000        0x0 libform_pic.a(field.pico)
 .note.GNU-stack
                0x00000000        0x0 libform_pic.a(internals.pico)

Memory Configuration

Name             Origin             Length             Attributes
*default*        0x00000000         0xffffffff

Linker script and memory map

LOAD /usr/lib/crti.o
LOAD /usr/lib/crtbeginS.o
LOAD libform_pic.a
LOAD /usr/src/lib/libcurses/libcurses.so
LOAD /usr/lib/libc.so
LOAD /usr/lib/crtendS.o
LOAD /usr/lib/crtn.o
                0x000000f4                . = (0x0 + SIZEOF_HEADERS)

.note.gnu.build-id
 *(.note.gnu.build-id)

.hash           0x000000f4      0x480
 *(.hash)
 .hash          0x000000f4      0x480 /usr/lib/crti.o

.gnu.hash
 *(.gnu.hash)

.dynsym         0x00000574      0x9b0
 *(.dynsym)
 .dynsym        0x00000574      0x9b0 /usr/lib/crti.o

.dynstr         0x00000f24      0x6c0
 *(.dynstr)
 .dynstr        0x00000f24      0x6c0 /usr/lib/crti.o

.gnu.version    0x000015e4        0x0
 *(.gnu.version)
 .gnu.version   0x00000000        0x0 /usr/lib/crti.o

.gnu.version_d  0x000015e4        0x0
 *(.gnu.version_d)
 .gnu.version_d
                0x00000000        0x0 /usr/lib/crti.o

.gnu.version_r  0x000015e4        0x0
 *(.gnu.version_r)
 .gnu.version_r
                0x00000000        0x0 /usr/lib/crti.o

.rel.dyn        0x000015e4      0x1b0
 *(.rel.init)
 *(.rel.text .rel.text.* .rel.gnu.linkonce.t.*)
 *(.rel.fini)
 *(.rel.rodata .rel.rodata.* .rel.gnu.linkonce.r.*)
 *(.rel.data.rel.ro .rel.data.rel.ro.* .rel.gnu.linkonce.d.rel.ro.*)
 *(.rel.data .rel.data.* .rel.gnu.linkonce.d.*)
 .rel.data.rel  0x000015e4        0x8 /usr/lib/crti.o
 .rel.data.rel.local
                0x000015ec      0x150 /usr/lib/crti.o
 *(.rel.tdata .rel.tdata.* .rel.gnu.linkonce.td.*)
 *(.rel.tbss .rel.tbss.* .rel.gnu.linkonce.tb.*)
 *(.rel.ctors)
 *(.rel.dtors)
 *(.rel.got)
 .rel.got       0x0000173c       0x58 /usr/lib/crti.o
 *(.rel.bss .rel.bss.* .rel.gnu.linkonce.b.*)
 *(.rel.ifunc)
 .rel.ifunc     0x00000000        0x0 /usr/lib/crti.o

.rel.plt        0x00001794      0x210
 *(.rel.plt)
 .rel.plt       0x00001794      0x210 /usr/lib/crti.o
 *(.rel.iplt)

.init           0x000019b0        0xa
 *(SORT(.init))
 .init          0x000019b0        0x3 /usr/lib/crti.o
                0x000019b0                _init
 .init          0x000019b3        0x5 /usr/lib/crtbeginS.o
 .init          0x000019b8        0x2 /usr/lib/crtn.o

.plt            0x000019c0      0x430
 *(.plt)
 .plt           0x000019c0      0x430 /usr/lib/crti.o
 *(.iplt)

.text           0x00001df0     0x8d0c
                0x00001df0                PROVIDE (__eprol, .)
 *(.text)
 .text          0x00001df0        0x0 /usr/lib/crti.o
 .text          0x00001df0       0xef /usr/lib/crtbeginS.o
 *fill*         0x00001edf        0x1 
 .text          0x00001ee0      0x175 libform_pic.a(type_ipv6.pico)
 *fill*         0x00002055        0xb 
 .text          0x00002060      0x413 libform_pic.a(type_ipv4.pico)
 *fill*         0x00002473        0xd 
 .text          0x00002480      0x10a libform_pic.a(type_regex.pico)
 *fill*         0x0000258a        0x6 
 .text          0x00002590      0x490 libform_pic.a(type_enum.pico)
 .text          0x00002a20      0x318 libform_pic.a(type_numeric.pico)
 *fill*         0x00002d38        0x8 
 .text          0x00002d40      0x258 libform_pic.a(type_integer.pico)
 *fill*         0x00002f98        0x8 
 .text          0x00002fa0      0x1f4 libform_pic.a(type_alpha.pico)
 *fill*         0x00003194        0xc 
 .text          0x000031a0      0x1f7 libform_pic.a(type_alnum.pico)
 *fill*         0x00003397        0x9 
 .text          0x000033a0      0x182 libform_pic.a(post.pico)
                0x000033a0                post_form
                0x000034b0                unpost_form
 *fill*         0x00003522        0xe 
 .text          0x00003530      0x3b2 libform_pic.a(field_types.pico)
                0x00003530                set_field_type
                0x00003650                field_type
                0x00003680                field_arg
                0x000036b0                new_fieldtype
                0x00003740                free_fieldtype
                0x000037a0                set_fieldtype_arg
                0x000037e0                set_fieldtype_choice
                0x00003810                link_fieldtype
 *fill*         0x000038e2        0xe 
 .text          0x000038f0      0x5eb libform_pic.a(driver.pico)
                0x000038f0                form_driver
 *fill*         0x00003edb        0x5 
 .text          0x00003ee0      0x7d4 libform_pic.a(form.pico)
                0x00003ee0                set_form_win
                0x00003f20                form_win
                0x00003f50                set_form_sub
                0x00003f90                form_sub
                0x00003fc0                scale_form
                0x00004050                set_form_userptr
                0x00004080                form_userptr
                0x000040b0                set_form_opts
                0x000040e0                form_opts_on
                0x00004110                form_opts_off
                0x00004140                form_opts
                0x00004170                set_form_init
                0x000041a0                form_init
                0x000041d0                set_form_term
                0x00004200                form_term
                0x00004230                set_form_fields
                0x00004370                form_fields
                0x00004390                field_count
                0x000043b0                move_field
                0x000043f0                set_form_page
                0x00004420                form_max_page
                0x00004450                form_page
                0x00004470                set_current_field
                0x000044b0                current_field
                0x000044d0                new_form
                0x00004560                free_form
                0x000045d0                data_ahead
                0x00004600                data_behind
                0x00004630                pos_form_cursor
 *fill*         0x000046b4        0xc 
 .text          0x000046c0      0xf63 libform_pic.a(field.pico)
                0x000046c0                set_field_userptr
                0x000046f0                field_userptr
                0x00004720                set_field_opts
                0x00004800                field_opts_on
                0x000048e0                field_opts_off
                0x00004970                field_opts
                0x000049a0                set_field_just
                0x00004a10                field_just
                0x00004a40                field_info
                0x00004a90                dynamic_field_info
                0x00004ad0                set_field_printf
                0x00004cc0                set_field_buffer
                0x00004d90                field_buffer
                0x00004ee0                set_field_status
                0x00004f10                field_status
                0x00004f30                set_max_field
                0x00004f70                set_field_fore
                0x00004fa0                field_fore
                0x00004fd0                set_field_back
                0x00005000                field_back
                0x00005030                set_field_pad
                0x00005060                field_pad
                0x00005090                set_field_init
                0x000050c0                field_init
                0x000050f0                set_field_term
                0x00005120                field_term
                0x00005150                set_new_page
                0x00005190                new_page
                0x000051c0                field_index
                0x000051e0                new_field
                0x00005380                dup_field
                0x00005490                link_field
                0x00005560                free_field
 *fill*         0x00005623        0xd 
 .text          0x00005630     0x54cb libform_pic.a(internals.pico)
                0x00005630                _formi_init_field_xpos
                0x00005670                _formi_pos_first_field
                0x000056f0                _formi_pos_new_field
                0x00005800                _formi_wrap_field
                0x00006b60                _formi_skip_blanks
                0x00006bb0                field_skip_blanks
                0x00006c60                _formi_hscroll_fwd
                0x00006ef0                _formi_tab_expanded_length
                0x000070a0                _formi_hscroll_back
                0x00007170                _formi_find_pages
                0x000072f0                _formi_redraw_field
                0x00007920                _formi_draw_page
                0x000079a0                _formi_add_char
                0x000080e0                _formi_validate_char
                0x00008130                _formi_calculate_tabs
                0x00008670                _formi_manipulate_field
                0x0000a3d0                _formi_validate_field
                0x0000a4c0                _formi_sync_buffer
                0x0000a640                _formi_field_choice
                0x0000a6c0                _formi_update_field
                0x0000a750                _formi_sort_fields
                0x0000a8b0                _formi_stitch_fields
 *fill*         0x0000aafb        0x1 
 .text          0x0000aafc        0x0 /usr/lib/crtendS.o
 .text          0x0000aafc        0x0 /usr/lib/crtn.o
 *(.text.unlikely .text.*_unlikely)
 *(.text.exit .text.exit.*)
 *(.text.startup .text.startup.*)
 *(.text.hot .text.hot.*)
 *(.stub .text.* .gnu.linkonce.t.*)
 *(.gnu.warning)

.fini           0x0000ab00        0xa
 *(SORT(.fini))
 .fini          0x0000ab00        0x3 /usr/lib/crti.o
                0x0000ab00                _fini
 .fini          0x0000ab03        0x5 /usr/lib/crtbeginS.o
 .fini          0x0000ab08        0x2 /usr/lib/crtn.o
                0x0000ab0a                PROVIDE (__etext, .)
                0x0000ab0a                PROVIDE (_etext, .)
                0x0000ab0a                PROVIDE (etext, .)

.rodata         0x0000ab0c      0x373
 *(.rodata .rodata.* .gnu.linkonce.r.*)
 .rodata.str1.1
                0x0000ab0c        0x2 libform_pic.a(type_ipv6.pico)
 .rodata.str1.1
                0x0000ab0e       0x28 libform_pic.a(type_ipv4.pico)
 .rodata.str1.1
                0x0000ab36        0x5 libform_pic.a(type_numeric.pico)
 .rodata.str1.1
                0x0000ab3b        0x6 libform_pic.a(type_integer.pico)
 *fill*         0x0000ab41        0x3 
 .rodata        0x0000ab44       0xf4 libform_pic.a(driver.pico)
 .rodata        0x0000ac38       0x98 libform_pic.a(internals.pico)
 .rodata.str1.1
                0x0000acd0      0x1af libform_pic.a(internals.pico)

.rodata1
 *(.rodata1)

.eh_frame_hdr   0x0000ae80      0x48c
 *(.eh_frame_hdr)
 .eh_frame_hdr  0x0000ae80      0x48c libform_pic.a(type_ipv6.pico)

.eh_frame       0x0000b30c     0x112c
 *(.eh_frame)
 .eh_frame      0x0000b30c       0x3c /usr/lib/crti.o
                                 0x40 (size before relaxing)
 .eh_frame      0x0000b348        0x0 /usr/lib/crtbeginS.o
 .eh_frame      0x0000b348       0x54 libform_pic.a(type_ipv6.pico)
 .eh_frame      0x0000b39c       0x3c libform_pic.a(type_ipv4.pico)
                                 0x54 (size before relaxing)
 .eh_frame      0x0000b3d8       0x74 libform_pic.a(type_regex.pico)
                                 0x8c (size before relaxing)
 .eh_frame      0x0000b44c       0xdc libform_pic.a(type_enum.pico)
                                 0xf4 (size before relaxing)
 .eh_frame      0x0000b528       0x98 libform_pic.a(type_numeric.pico)
                                 0xb0 (size before relaxing)
 .eh_frame      0x0000b5c0       0x98 libform_pic.a(type_integer.pico)
                                 0xb0 (size before relaxing)
 .eh_frame      0x0000b658       0x94 libform_pic.a(type_alpha.pico)
                                 0xac (size before relaxing)
 .eh_frame      0x0000b6ec       0x94 libform_pic.a(type_alnum.pico)
                                 0xac (size before relaxing)
 .eh_frame      0x0000b780       0x40 libform_pic.a(post.pico)
                                 0x58 (size before relaxing)
 .eh_frame      0x0000b7c0      0x110 libform_pic.a(field_types.pico)
                                0x128 (size before relaxing)
 .eh_frame      0x0000b8d0       0x20 libform_pic.a(driver.pico)
                                 0x38 (size before relaxing)
 .eh_frame      0x0000b8f0      0x340 libform_pic.a(form.pico)
                                0x358 (size before relaxing)
 .eh_frame      0x0000bc30      0x3ec libform_pic.a(field.pico)
                                0x404 (size before relaxing)
 .eh_frame      0x0000c01c      0x418 libform_pic.a(internals.pico)
                                0x430 (size before relaxing)
 .eh_frame      0x0000c434        0x4 /usr/lib/crtendS.o

.note.netbsd.ident
                0x0000c438       0x18
 .note.netbsd.ident
                0x0000c438       0x18 /usr/lib/crti.o

.note.netbsd.pax
                0x0000c450       0x14
 .note.netbsd.pax
                0x0000c450       0x14 /usr/lib/crti.o

.gcc_except_table
 *(.gcc_except_table .gcc_except_table.*)

.exception_ranges
 *(.exception_ranges .exception_ranges*)
                0x0000c464                . = (ALIGN (0x1000) - ((0x1000 - .) & 0xfff))
                0x0000d464                . = DATA_SEGMENT_ALIGN (0x1000, 0x1000)

.eh_frame
 *(.eh_frame)

.gcc_except_table
 *(.gcc_except_table .gcc_except_table.*)

.exception_ranges
 *(.exception_ranges .exception_ranges*)

.tdata
 *(.tdata .tdata.* .gnu.linkonce.td.*)

.tbss
 *(.tbss .tbss.* .gnu.linkonce.tb.*)
 *(.tcommon)

.preinit_array
 *(.preinit_array)

.init_array
 *(SORT(.init_array.*))
 *(.init_array)

.fini_array
 *(SORT(.fini_array.*))
 *(.fini_array)

.ctors          0x0000d464        0x8
 *crtbegin.o(.ctors)
 *crtbegin?.o(.ctors)
 .ctors         0x0000d464        0x4 /usr/lib/crtbeginS.o
 *(EXCLUDE_FILE(*crtend?.o *crtend.o) .ctors)
 *(SORT(.ctors.*))
 *(.ctors)
 .ctors         0x0000d468        0x4 /usr/lib/crtendS.o
                0x0000d468                __CTOR_LIST_END__

.dtors          0x0000d46c        0x8
 *crtbegin.o(.dtors)
 *crtbegin?.o(.dtors)
 .dtors         0x0000d46c        0x4 /usr/lib/crtbeginS.o
 *(EXCLUDE_FILE(*crtend?.o *crtend.o) .dtors)
 *(SORT(.dtors.*))
 *(.dtors)
 .dtors         0x0000d470        0x4 /usr/lib/crtendS.o

.jcr            0x0000d474        0x4
 *(.jcr)
 .jcr           0x0000d474        0x0 /usr/lib/crtbeginS.o
 .jcr           0x0000d474        0x4 /usr/lib/crtendS.o

.data.rel.ro
 *(.data.rel.ro.local* .gnu.linkonce.d.rel.ro.local.*)
 *(.data.rel.ro .data.rel.ro.* .gnu.linkonce.d.rel.ro.*)

.dynamic        0x0000d478       0xb8
 *(.dynamic)
 .dynamic       0x0000d478       0xb8 /usr/lib/crti.o
                0x0000d478                _DYNAMIC

.got            0x0000d530       0x2c
 *(.got)
 .got           0x0000d530       0x2c /usr/lib/crti.o
 *(.igot)
                0x0000d55c                . = DATA_SEGMENT_RELRO_END (., (SIZEOF (.got.plt) >= 0xc)?0xc:0x0)

.got.plt        0x0000d55c      0x114
 *(.got.plt)
 .got.plt       0x0000d55c      0x114 /usr/lib/crti.o
                0x0000d55c                _GLOBAL_OFFSET_TABLE_
 *(.igot.plt)

.data           0x0000d670      0x224
 *(.data .data.* .gnu.linkonce.d.*)
 .data          0x0000d670        0x0 /usr/lib/crti.o
 .data          0x0000d670        0x0 /usr/lib/crtbeginS.o
 .data.rel      0x0000d670       0x26 /usr/lib/crtbeginS.o
                0x0000d670                __dso_handle
 *fill*         0x0000d696        0x2 
 .data          0x0000d698        0x0 libform_pic.a(type_ipv6.pico)
 .data.rel.local
                0x0000d698       0x2c libform_pic.a(type_ipv6.pico)
                0x0000d6c0                TYPE_IPV6
 .data          0x0000d6c4        0x0 libform_pic.a(type_ipv4.pico)
 .data.rel.local
                0x0000d6c4       0x2c libform_pic.a(type_ipv4.pico)
                0x0000d6ec                TYPE_IPV4
 .data          0x0000d6f0        0x0 libform_pic.a(type_regex.pico)
 .data.rel.local
                0x0000d6f0       0x2c libform_pic.a(type_regex.pico)
                0x0000d718                TYPE_REGEXP
 .data          0x0000d71c        0x0 libform_pic.a(type_enum.pico)
 .data.rel.local
                0x0000d71c       0x2c libform_pic.a(type_enum.pico)
                0x0000d744                TYPE_ENUM
 .data          0x0000d748        0x0 libform_pic.a(type_numeric.pico)
 .data.rel.local
                0x0000d748       0x2c libform_pic.a(type_numeric.pico)
                0x0000d770                TYPE_NUMERIC
 .data          0x0000d774        0x0 libform_pic.a(type_integer.pico)
 .data.rel.local
                0x0000d774       0x2c libform_pic.a(type_integer.pico)
                0x0000d79c                TYPE_INTEGER
 .data          0x0000d7a0        0x0 libform_pic.a(type_alpha.pico)
 .data.rel.local
                0x0000d7a0       0x2c libform_pic.a(type_alpha.pico)
                0x0000d7c8                TYPE_ALPHA
 .data          0x0000d7cc        0x0 libform_pic.a(type_alnum.pico)
 .data.rel.local
                0x0000d7cc       0x2c libform_pic.a(type_alnum.pico)
                0x0000d7f4                TYPE_ALNUM
 .data          0x0000d7f8        0x0 libform_pic.a(post.pico)
 .data          0x0000d7f8        0x0 libform_pic.a(field_types.pico)
 .data          0x0000d7f8        0x0 libform_pic.a(driver.pico)
 .data          0x0000d7f8        0x0 libform_pic.a(form.pico)
 .data          0x0000d7f8       0x9c libform_pic.a(field.pico)
                0x0000d7f8                _formi_default_field
 .data          0x0000d894        0x0 libform_pic.a(internals.pico)
 .data          0x0000d894        0x0 /usr/lib/crtendS.o
 .data          0x0000d894        0x0 /usr/lib/crtn.o

.data1
 *(.data1)
                0x0000d894                _edata = .
                0x0000d894                PROVIDE (edata, .)
                0x0000d894                . = .
                0x0000d894                __bss_start = .

.bss            0x0000d894       0x50
 *(.dynbss)
 .dynbss        0x00000000        0x0 /usr/lib/crti.o
 *(.bss .bss.* .gnu.linkonce.b.*)
 .bss           0x0000d894        0x0 /usr/lib/crti.o
 .bss           0x0000d894        0x0 /usr/lib/crtbeginS.o
 .bss           0x0000d894        0x0 libform_pic.a(type_ipv6.pico)
 .bss           0x0000d894        0x0 libform_pic.a(type_ipv4.pico)
 .bss           0x0000d894        0x0 libform_pic.a(type_regex.pico)
 .bss           0x0000d894        0x0 libform_pic.a(type_enum.pico)
 .bss           0x0000d894        0x0 libform_pic.a(type_numeric.pico)
 .bss           0x0000d894        0x0 libform_pic.a(type_integer.pico)
 .bss           0x0000d894        0x0 libform_pic.a(type_alpha.pico)
 .bss           0x0000d894        0x0 libform_pic.a(type_alnum.pico)
 .bss           0x0000d894        0x0 libform_pic.a(post.pico)
 .bss           0x0000d894        0x0 libform_pic.a(field_types.pico)
 .bss           0x0000d894        0x0 libform_pic.a(driver.pico)
 .bss           0x0000d894       0x50 libform_pic.a(form.pico)
                0x0000d894                _formi_default_form
 .bss           0x0000d8e4        0x0 libform_pic.a(field.pico)
 .bss           0x0000d8e4        0x0 libform_pic.a(internals.pico)
 .bss           0x0000d8e4        0x0 /usr/lib/crtendS.o
 .bss           0x0000d8e4        0x0 /usr/lib/crtn.o
 *(COMMON)
                0x0000d8e4                . = ALIGN ((. != 0x0)?0x4:0x1)
                0x0000d8e4                . = ALIGN (0x4)
                0x0000d8e4                . = ALIGN (0x4)
                0x0000d8e4                _end = .
                0x0000d8e4                PROVIDE (end, .)
                0x0000d8e4                . = DATA_SEGMENT_END (.)

.stab
 *(.stab)

.stabstr
 *(.stabstr)

.stab.excl
 *(.stab.excl)

.stab.exclstr
 *(.stab.exclstr)

.stab.index
 *(.stab.index)

.stab.indexstr
 *(.stab.indexstr)

.comment        0x00000000       0x2f
 *(.comment)
 .comment       0x00000000       0x2f libform_pic.a(type_ipv6.pico)
                                 0x30 (size before relaxing)
 .comment       0x00000000       0x30 libform_pic.a(type_ipv4.pico)
 .comment       0x00000000       0x30 libform_pic.a(type_regex.pico)
 .comment       0x00000000       0x30 libform_pic.a(type_enum.pico)
 .comment       0x00000000       0x30 libform_pic.a(type_numeric.pico)
 .comment       0x00000000       0x30 libform_pic.a(type_integer.pico)
 .comment       0x00000000       0x30 libform_pic.a(type_alpha.pico)
 .comment       0x00000000       0x30 libform_pic.a(type_alnum.pico)
 .comment       0x00000000       0x30 libform_pic.a(post.pico)
 .comment       0x00000000       0x30 libform_pic.a(field_types.pico)
 .comment       0x00000000       0x30 libform_pic.a(driver.pico)
 .comment       0x00000000       0x30 libform_pic.a(form.pico)
 .comment       0x00000000       0x30 libform_pic.a(field.pico)
 .comment       0x00000000       0x30 libform_pic.a(internals.pico)

.ident          0x00000000      0x3e7
 .ident         0x00000000       0x36 /usr/lib/crti.o
 .ident         0x00000036       0x3a /usr/lib/crtbeginS.o
 .ident         0x00000070       0x3c libform_pic.a(type_ipv6.pico)
 .ident         0x000000ac       0x3e libform_pic.a(type_ipv4.pico)
 .ident         0x000000ea       0x3c libform_pic.a(type_regex.pico)
 .ident         0x00000126       0x3e libform_pic.a(type_enum.pico)
 .ident         0x00000164       0x3c libform_pic.a(type_numeric.pico)
 .ident         0x000001a0       0x3c libform_pic.a(type_integer.pico)
 .ident         0x000001dc       0x3d libform_pic.a(type_alpha.pico)
 .ident         0x00000219       0x36 libform_pic.a(post.pico)
 .ident         0x0000024f       0x40 libform_pic.a(field_types.pico)
 .ident         0x0000028f       0x3c libform_pic.a(driver.pico)
 .ident         0x000002cb       0x37 libform_pic.a(form.pico)
 .ident         0x00000302       0x38 libform_pic.a(field.pico)
 .ident         0x0000033a       0x3f libform_pic.a(internals.pico)
 .ident         0x00000379       0x38 /usr/lib/crtendS.o
 .ident         0x000003b1       0x36 /usr/lib/crtn.o

.debug
 *(.debug)

.line
 *(.line)

.debug_srcinfo
 *(.debug_srcinfo)

.debug_sfnames
 *(.debug_sfnames)

.debug_aranges
 *(.debug_aranges)

.debug_pubnames
 *(.debug_pubnames)

.debug_info
 *(.debug_info .gnu.linkonce.wi.*)

.debug_abbrev
 *(.debug_abbrev)

.debug_line
 *(.debug_line)

.debug_frame
 *(.debug_frame)

.debug_str
 *(.debug_str)

.debug_loc
 *(.debug_loc)

.debug_macinfo
 *(.debug_macinfo)

.debug_weaknames
 *(.debug_weaknames)

.debug_funcnames
 *(.debug_funcnames)

.debug_typenames
 *(.debug_typenames)

.debug_varnames
 *(.debug_varnames)

.debug_pubtypes
 *(.debug_pubtypes)

.debug_ranges
 *(.debug_ranges)

.debug_macro
 *(.debug_macro)

.gnu.attributes
 *(.gnu.attributes)

/DISCARD/
 *(.note.GNU-stack)
 *(.gnu_debuglink)
 *(.gnu.lto_*)
OUTPUT(libform.so.6.0 elf32-i386-minix)
