Archive member included because of file (symbol)

libprop_pic.a(prop_kern.pico)
                              (--whole-archive)
libprop_pic.a(prop_ingest.pico)
                              (--whole-archive)
libprop_pic.a(prop_dictionary_util.pico)
                              (--whole-archive)
libprop_pic.a(prop_array_util.pico)
                              (--whole-archive)
libprop_pic.a(prop_string.pico)
                              (--whole-archive)
libprop_pic.a(prop_object.pico)
                              (--whole-archive)
libprop_pic.a(prop_number.pico)
                              (--whole-archive)
libprop_pic.a(prop_dictionary.pico)
                              (--whole-archive)
libprop_pic.a(prop_data.pico)
                              (--whole-archive)
libprop_pic.a(prop_bool.pico)
                              (--whole-archive)
libprop_pic.a(prop_array.pico)
                              (--whole-archive)
libprop_pic.a(prop_stack.pico)
                              (--whole-archive)

Discarded input sections

 .note.GNU-stack
                0x00000000        0x0 libprop_pic.a(prop_kern.pico)
 .note.GNU-stack
                0x00000000        0x0 libprop_pic.a(prop_ingest.pico)
 .note.GNU-stack
                0x00000000        0x0 libprop_pic.a(prop_dictionary_util.pico)
 .note.GNU-stack
                0x00000000        0x0 libprop_pic.a(prop_array_util.pico)
 .note.GNU-stack
                0x00000000        0x0 libprop_pic.a(prop_string.pico)
 .note.GNU-stack
                0x00000000        0x0 libprop_pic.a(prop_object.pico)
 .note.GNU-stack
                0x00000000        0x0 libprop_pic.a(prop_number.pico)
 .note.GNU-stack
                0x00000000        0x0 libprop_pic.a(prop_dictionary.pico)
 .note.GNU-stack
                0x00000000        0x0 libprop_pic.a(prop_data.pico)
 .note.GNU-stack
                0x00000000        0x0 libprop_pic.a(prop_bool.pico)
 .note.GNU-stack
                0x00000000        0x0 libprop_pic.a(prop_array.pico)
 .note.GNU-stack
                0x00000000        0x0 libprop_pic.a(prop_stack.pico)

Memory Configuration

Name             Origin             Length             Attributes
*default*        0x00000000         0xffffffff

Linker script and memory map

LOAD /usr/lib/crti.o
LOAD /usr/lib/crtbeginS.o
LOAD libprop_pic.a
LOAD /usr/lib/libc.so
LOAD /usr/lib/crtendS.o
LOAD /usr/lib/crtn.o
                0x000000f4                . = (0x0 + SIZEOF_HEADERS)

.note.gnu.build-id
 *(.note.gnu.build-id)

.hash           0x000000f4      0x690
 *(.hash)
 .hash          0x000000f4      0x690 /usr/lib/crti.o

.gnu.hash
 *(.gnu.hash)

.dynsym         0x00000784      0xdd0
 *(.dynsym)
 .dynsym        0x00000784      0xdd0 /usr/lib/crti.o

.dynstr         0x00001554     0x12c6
 *(.dynstr)
 .dynstr        0x00001554     0x12c6 /usr/lib/crti.o

.gnu.version    0x0000281a        0x0
 *(.gnu.version)
 .gnu.version   0x00000000        0x0 /usr/lib/crti.o

.gnu.version_d  0x0000281c        0x0
 *(.gnu.version_d)
 .gnu.version_d
                0x00000000        0x0 /usr/lib/crti.o

.gnu.version_r  0x0000281c        0x0
 *(.gnu.version_r)
 .gnu.version_r
                0x00000000        0x0 /usr/lib/crti.o

.rel.dyn        0x0000281c      0x1a8
 *(.rel.init)
 *(.rel.text .rel.text.* .rel.gnu.linkonce.t.*)
 *(.rel.fini)
 *(.rel.rodata .rel.rodata.* .rel.gnu.linkonce.r.*)
 *(.rel.data.rel.ro .rel.data.rel.ro.* .rel.gnu.linkonce.d.rel.ro.*)
 .rel.data.rel.ro.local
                0x0000281c      0x108 /usr/lib/crti.o
 .rel.data.rel.ro
                0x00002924       0x70 /usr/lib/crti.o
 *(.rel.data .rel.data.* .rel.gnu.linkonce.d.*)
 .rel.data.rel  0x00002994        0x8 /usr/lib/crti.o
 *(.rel.tdata .rel.tdata.* .rel.gnu.linkonce.td.*)
 *(.rel.tbss .rel.tbss.* .rel.gnu.linkonce.tb.*)
 *(.rel.ctors)
 *(.rel.dtors)
 *(.rel.got)
 .rel.got       0x0000299c       0x28 /usr/lib/crti.o
 *(.rel.bss .rel.bss.* .rel.gnu.linkonce.b.*)
 *(.rel.ifunc)
 .rel.ifunc     0x00000000        0x0 /usr/lib/crti.o

.rel.plt        0x000029c4      0x2d0
 *(.rel.plt)
 .rel.plt       0x000029c4      0x2d0 /usr/lib/crti.o
 *(.rel.iplt)

.init           0x00002ca0        0xa
 *(SORT(.init))
 .init          0x00002ca0        0x3 /usr/lib/crti.o
                0x00002ca0                _init
 .init          0x00002ca3        0x5 /usr/lib/crtbeginS.o
 .init          0x00002ca8        0x2 /usr/lib/crtn.o

.plt            0x00002cb0      0x5b0
 *(.plt)
 .plt           0x00002cb0      0x5b0 /usr/lib/crti.o
 *(.iplt)

.text           0x00003260     0x87cc
                0x00003260                PROVIDE (__eprol, .)
 *(.text)
 .text          0x00003260        0x0 /usr/lib/crti.o
 .text          0x00003260       0xef /usr/lib/crtbeginS.o
 *fill*         0x0000334f        0x1 
 .text          0x00003350        0x0 libprop_pic.a(prop_kern.pico)
 .text          0x00003350      0x18b libprop_pic.a(prop_ingest.pico)
                0x00003350                prop_ingest_context_alloc
                0x000033a0                prop_ingest_context_free
                0x000033c0                prop_ingest_context_error
                0x000033d0                prop_ingest_context_type
                0x000033e0                prop_ingest_context_key
                0x000033f0                prop_ingest_context_private
                0x00003400                prop_dictionary_ingest
 *fill*         0x000034db        0x5 
 .text          0x000034e0      0xabd libprop_pic.a(prop_dictionary_util.pico)
                0x000034e0                prop_dictionary_get_dict
                0x00003540                prop_dictionary_get_bool
                0x000035a0                prop_dictionary_set_bool
                0x00003600                prop_dictionary_get_int8
                0x000036a0                prop_dictionary_get_uint8
                0x00003730                prop_dictionary_set_int8
                0x000037a0                prop_dictionary_set_uint8
                0x00003800                prop_dictionary_get_int16
                0x000038a0                prop_dictionary_get_uint16
                0x00003930                prop_dictionary_set_int16
                0x000039a0                prop_dictionary_set_uint16
                0x00003a00                prop_dictionary_get_int32
                0x00003aa0                prop_dictionary_get_uint32
                0x00003b30                prop_dictionary_set_int32
                0x00003b90                prop_dictionary_set_uint32
                0x00003bf0                prop_dictionary_get_int64
                0x00003c80                prop_dictionary_get_uint64
                0x00003d10                prop_dictionary_set_int64
                0x00003d70                prop_dictionary_set_uint64
                0x00003dd0                prop_dictionary_get_cstring
                0x00003e30                prop_dictionary_set_cstring
                0x00003e90                prop_dictionary_get_cstring_nocopy
                0x00003ef0                prop_dictionary_set_cstring_nocopy
                0x00003f50                prop_dictionary_set_and_rel
 *fill*         0x00003f9d        0x3 
 .text          0x00003fa0      0xd56 libprop_pic.a(prop_array_util.pico)
                0x00003fa0                prop_array_get_bool
                0x00004000                prop_array_set_bool
                0x00004060                prop_array_get_int8
                0x00004100                prop_array_get_uint8
                0x00004190                prop_array_set_int8
                0x00004200                prop_array_set_uint8
                0x00004260                prop_array_add_int8
                0x000042c0                prop_array_add_uint8
                0x00004320                prop_array_get_int16
                0x000043c0                prop_array_get_uint16
                0x00004450                prop_array_set_int16
                0x000044c0                prop_array_set_uint16
                0x00004520                prop_array_add_int16
                0x00004580                prop_array_add_uint16
                0x000045e0                prop_array_get_int32
                0x00004680                prop_array_get_uint32
                0x00004710                prop_array_set_int32
                0x00004770                prop_array_set_uint32
                0x000047d0                prop_array_add_int32
                0x00004830                prop_array_add_uint32
                0x00004890                prop_array_get_int64
                0x00004920                prop_array_get_uint64
                0x000049b0                prop_array_set_int64
                0x00004a10                prop_array_set_uint64
                0x00004a70                prop_array_add_int64
                0x00004ad0                prop_array_add_uint64
                0x00004b30                prop_array_get_cstring
                0x00004b90                prop_array_set_cstring
                0x00004bf0                prop_array_get_cstring_nocopy
                0x00004c50                prop_array_set_cstring_nocopy
                0x00004cb0                prop_array_add_and_rel
 *fill*         0x00004cf6        0xa 
 .text          0x00004d00      0x902 libprop_pic.a(prop_string.pico)
                0x00004d00                prop_string_create
                0x00004d60                prop_string_create_cstring
                0x00004e00                prop_string_create_cstring_nocopy
                0x00004e70                prop_string_copy
                0x00004f20                prop_string_copy_mutable
                0x00004fd0                prop_string_size
                0x00005000                prop_string_mutable
                0x00005040                prop_string_cstring
                0x000050a0                prop_string_cstring_nocopy
                0x000050e0                prop_string_append
                0x000051c0                prop_string_append_cstring
                0x000052c0                prop_string_equals
                0x00005310                prop_string_equals_cstring
                0x00005370                _prop_string_internalize
 *fill*         0x00005602        0xe 
 .text          0x00005610     0x1afc libprop_pic.a(prop_object.pico)
                0x00005610                _prop_object_init
                0x00005630                _prop_object_fini
                0x00005640                _prop_object_externalize_start_tag
                0x000056e0                _prop_object_externalize_append_char
                0x000057d0                _prop_object_externalize_append_cstring
                0x00005830                _prop_object_externalize_end_tag
                0x000058d0                _prop_object_externalize_empty_tag
                0x000059a0                _prop_object_externalize_append_encoded_cstring
                0x00005ba0                _prop_object_externalize_header
                0x00005c10                _prop_object_externalize_footer
                0x00005c60                _prop_object_externalize_context_alloc
                0x00005cc0                _prop_object_externalize_context_free
                0x00005ce0                _prop_object_internalize_find_tag
                0x000060f0                _prop_object_internalize_decode_string
                0x000062b0                _prop_object_internalize_match
                0x00006300                _prop_object_internalize_by_tag
                0x00006530                _prop_generic_internalize
                0x00006620                _prop_object_internalize_context_alloc
                0x00006790                prop_object_release
                0x00006a20                _prop_object_internalize_context_free
                0x00006a40                _prop_object_externalize_write_file
                0x00006c50                _prop_object_internalize_map_file
                0x00006d70                _prop_object_internalize_unmap_file
                0x00006d90                prop_object_retain
                0x00006de0                prop_object_type
                0x00006e00                prop_object_equals
                0x00006e40                prop_object_equals_with_error
                0x000070c0                prop_object_iterator_next
                0x000070d0                prop_object_iterator_reset
                0x000070e0                prop_object_iterator_release
 *fill*         0x0000710c        0x4 
 .text          0x00007110      0x8cd libprop_pic.a(prop_number.pico)
                0x00007110                prop_number_create_integer
                0x00007270                prop_number_create_unsigned_integer
                0x000072b0                prop_number_copy
                0x000072f0                prop_number_unsigned
                0x00007300                prop_number_size
                0x00007400                prop_number_integer_value
                0x00007440                prop_number_unsigned_integer_value
                0x00007480                prop_number_equals
                0x000074d0                prop_number_equals_integer
                0x00007530                prop_number_equals_unsigned_integer
                0x00007580                _prop_number_internalize
 *fill*         0x000079dd        0x3 
 .text          0x000079e0     0x1cd5 libprop_pic.a(prop_dictionary.pico)
                0x000079e0                prop_dictionary_create
                0x00007a50                prop_dictionary_create_with_capacity
                0x00007af0                prop_dictionary_copy
                0x00007c30                prop_dictionary_copy_mutable
                0x00007c70                prop_dictionary_make_immutable
                0x00007c90                prop_dictionary_count
                0x00007cc0                prop_dictionary_ensure_capacity
                0x00007d70                prop_dictionary_iterator
                0x00007e30                prop_dictionary_all_keys
                0x00007ec0                prop_dictionary_get
                0x00007fb0                prop_dictionary_get_keysym
                0x000080c0                prop_dictionary_set
                0x00008520                prop_dictionary_set_keysym
                0x00008580                prop_dictionary_remove
                0x000086d0                prop_dictionary_remove_keysym
                0x00008720                prop_dictionary_equals
                0x00008770                prop_dictionary_keysym_cstring_nocopy
                0x000087a0                prop_dictionary_keysym_equals
                0x000087f0                prop_dictionary_externalize
                0x00008860                _prop_dictionary_internalize
                0x00008ae0                prop_dictionary_internalize
                0x00008b10                prop_dictionary_externalize_to_file
                0x00008b90                prop_dictionary_internalize_from_file
 *fill*         0x000096b5        0xb 
 .text          0x000096c0      0xc5b libprop_pic.a(prop_data.pico)
                0x000096c0                prop_data_create_data
                0x00009760                prop_data_create_data_nocopy
                0x000097c0                prop_data_copy
                0x00009890                prop_data_size
                0x000098c0                prop_data_data
                0x00009980                prop_data_data_nocopy
                0x000099f0                prop_data_equals
                0x00009a40                prop_data_equals_data
                0x00009aa0                _prop_data_internalize
 *fill*         0x0000a31b        0x5 
 .text          0x0000a320      0x319 libprop_pic.a(prop_bool.pico)
                0x0000a320                prop_bool_create
                0x0000a3b0                prop_bool_copy
                0x0000a3f0                prop_bool_true
                0x0000a430                prop_bool_equals
                0x0000a480                _prop_bool_internalize
 *fill*         0x0000a639        0x7 
 .text          0x0000a640     0x11d5 libprop_pic.a(prop_array.pico)
                0x0000a640                prop_array_create
                0x0000a6b0                prop_array_create_with_capacity
                0x0000a750                prop_array_copy
                0x0000a870                prop_array_copy_mutable
                0x0000a8a0                prop_array_capacity
                0x0000a8d0                prop_array_count
                0x0000a900                prop_array_ensure_capacity
                0x0000a9b0                prop_array_iterator
                0x0000aa70                prop_array_make_immutable
                0x0000aa90                prop_array_mutable
                0x0000aab0                prop_array_get
                0x0000ab20                prop_array_set
                0x0000ad10                prop_array_add
                0x0000ad50                prop_array_remove
                0x0000ae20                prop_array_equals
                0x0000ae70                prop_array_externalize
                0x0000aee0                _prop_array_internalize
                0x0000b070                prop_array_internalize
                0x0000b0a0                prop_array_externalize_to_file
                0x0000b120                prop_array_internalize_from_file
 *fill*         0x0000b815        0xb 
 .text          0x0000b820      0x20a libprop_pic.a(prop_stack.pico)
                0x0000b820                _prop_stack_init
                0x0000b840                _prop_stack_push
                0x0000b930                _prop_stack_pop
 *fill*         0x0000ba2a        0x2 
 .text          0x0000ba2c        0x0 /usr/lib/crtendS.o
 .text          0x0000ba2c        0x0 /usr/lib/crtn.o
 *(.text.unlikely .text.*_unlikely)
 *(.text.exit .text.exit.*)
 *(.text.startup .text.startup.*)
 *(.text.hot .text.hot.*)
 *(.stub .text.* .gnu.linkonce.t.*)
 *(.gnu.warning)

.fini           0x0000ba30        0xa
 *(SORT(.fini))
 .fini          0x0000ba30        0x3 /usr/lib/crti.o
                0x0000ba30                _fini
 .fini          0x0000ba33        0x5 /usr/lib/crtbeginS.o
 .fini          0x0000ba38        0x2 /usr/lib/crtn.o
                0x0000ba3a                PROVIDE (__etext, .)
                0x0000ba3a                PROVIDE (_etext, .)
                0x0000ba3a                PROVIDE (etext, .)

.rodata         0x0000ba3c      0xdef
 *(.rodata .rodata.* .gnu.linkonce.r.*)
 .rodata.str1.1
                0x0000ba3c       0x5d libprop_pic.a(prop_string.pico)
                                 0x65 (size before relaxing)
 .rodata.str1.1
                0x0000ba99      0x1ee libprop_pic.a(prop_object.pico)
                                0x200 (size before relaxing)
 .rodata        0x0000bc87       0x98 libprop_pic.a(prop_object.pico)
 .rodata.str1.1
                0x0000bd1f       0x53 libprop_pic.a(prop_number.pico)
                                 0x5b (size before relaxing)
 .rodata.str1.1
                0x0000bd72      0x446 libprop_pic.a(prop_dictionary.pico)
                                0x464 (size before relaxing)
 .rodata        0x0000c1b8       0x51 libprop_pic.a(prop_data.pico)
 .rodata.str1.1
                0x0000c209      0x1cc libprop_pic.a(prop_data.pico)
                                0x1d3 (size before relaxing)
 .rodata.str1.1
                0x0000c3d5       0xa8 libprop_pic.a(prop_bool.pico)
                                 0xb3 (size before relaxing)
 .rodata.str1.1
                0x0000c47d      0x2f4 libprop_pic.a(prop_array.pico)
                                0x346 (size before relaxing)
 .rodata.str1.1
                0x0000c771       0xba libprop_pic.a(prop_stack.pico)

.rodata1
 *(.rodata1)

.eh_frame_hdr   0x0000c82c      0x6fc
 *(.eh_frame_hdr)
 .eh_frame_hdr  0x0000c82c      0x6fc libprop_pic.a(prop_ingest.pico)

.eh_frame       0x0000cf28     0x1b04
 *(.eh_frame)
 .eh_frame      0x0000cf28       0x3c /usr/lib/crti.o
                                 0x40 (size before relaxing)
 .eh_frame      0x0000cf64        0x0 /usr/lib/crtbeginS.o
 .eh_frame      0x0000cf64       0xe0 libprop_pic.a(prop_ingest.pico)
 .eh_frame      0x0000d044      0x300 libprop_pic.a(prop_dictionary_util.pico)
                                0x318 (size before relaxing)
 .eh_frame      0x0000d344      0x3e0 libprop_pic.a(prop_array_util.pico)
                                0x3f8 (size before relaxing)
 .eh_frame      0x0000d724      0x210 libprop_pic.a(prop_string.pico)
                                0x228 (size before relaxing)
 .eh_frame      0x0000d934      0x390 libprop_pic.a(prop_object.pico)
                                0x3a8 (size before relaxing)
 .eh_frame      0x0000dcc4      0x244 libprop_pic.a(prop_number.pico)
                                0x25c (size before relaxing)
 .eh_frame      0x0000df08      0x4ac libprop_pic.a(prop_dictionary.pico)
                                0x4c4 (size before relaxing)
 .eh_frame      0x0000e3b4      0x194 libprop_pic.a(prop_data.pico)
                                0x1ac (size before relaxing)
 .eh_frame      0x0000e548       0xf0 libprop_pic.a(prop_bool.pico)
                                0x108 (size before relaxing)
 .eh_frame      0x0000e638      0x394 libprop_pic.a(prop_array.pico)
                                0x3ac (size before relaxing)
 .eh_frame      0x0000e9cc       0x5c libprop_pic.a(prop_stack.pico)
                                 0x74 (size before relaxing)
 .eh_frame      0x0000ea28        0x4 /usr/lib/crtendS.o

.note.netbsd.ident
                0x0000ea2c       0x18
 .note.netbsd.ident
                0x0000ea2c       0x18 /usr/lib/crti.o

.note.netbsd.pax
                0x0000ea44       0x14
 .note.netbsd.pax
                0x0000ea44       0x14 /usr/lib/crti.o

.gcc_except_table
 *(.gcc_except_table .gcc_except_table.*)

.exception_ranges
 *(.exception_ranges .exception_ranges*)
                0x0000ea58                . = (ALIGN (0x1000) - ((0x1000 - .) & 0xfff))
                0x0000fa58                . = DATA_SEGMENT_ALIGN (0x1000, 0x1000)

.eh_frame
 *(.eh_frame)

.gcc_except_table
 *(.gcc_except_table .gcc_except_table.*)

.exception_ranges
 *(.exception_ranges .exception_ranges*)

.tdata
 *(.tdata .tdata.* .gnu.linkonce.td.*)

.tbss
 *(.tbss .tbss.* .gnu.linkonce.tb.*)
 *(.tcommon)

.preinit_array
 *(.preinit_array)

.init_array
 *(SORT(.init_array.*))
 *(.init_array)

.fini_array
 *(SORT(.fini_array.*))
 *(.fini_array)

.ctors          0x0000fa58        0x8
 *crtbegin.o(.ctors)
 *crtbegin?.o(.ctors)
 .ctors         0x0000fa58        0x4 /usr/lib/crtbeginS.o
 *(EXCLUDE_FILE(*crtend?.o *crtend.o) .ctors)
 *(SORT(.ctors.*))
 *(.ctors)
 .ctors         0x0000fa5c        0x4 /usr/lib/crtendS.o
                0x0000fa5c                __CTOR_LIST_END__

.dtors          0x0000fa60        0x8
 *crtbegin.o(.dtors)
 *crtbegin?.o(.dtors)
 .dtors         0x0000fa60        0x4 /usr/lib/crtbeginS.o
 *(EXCLUDE_FILE(*crtend?.o *crtend.o) .dtors)
 *(SORT(.dtors.*))
 *(.dtors)
 .dtors         0x0000fa64        0x4 /usr/lib/crtendS.o

.jcr            0x0000fa68        0x4
 *(.jcr)
 .jcr           0x0000fa68        0x0 /usr/lib/crtbeginS.o
 .jcr           0x0000fa68        0x4 /usr/lib/crtendS.o

.data.rel.ro    0x0000fa6c      0x160
 *(.data.rel.ro.local* .gnu.linkonce.d.rel.ro.local.*)
 .data.rel.ro.local
                0x0000fa6c       0x20 libprop_pic.a(prop_string.pico)
 .data.rel.ro.local
                0x0000fa8c       0x30 libprop_pic.a(prop_number.pico)
 .data.rel.ro.local
                0x0000fabc       0x50 libprop_pic.a(prop_dictionary.pico)
 .data.rel.ro.local
                0x0000fb0c       0x20 libprop_pic.a(prop_data.pico)
 .data.rel.ro.local
                0x0000fb2c       0x20 libprop_pic.a(prop_bool.pico)
 .data.rel.ro.local
                0x0000fb4c       0x20 libprop_pic.a(prop_array.pico)
 *(.data.rel.ro .data.rel.ro.* .gnu.linkonce.d.rel.ro.*)
 .data.rel.ro   0x0000fb6c       0x60 libprop_pic.a(prop_object.pico)

.dynamic        0x0000fbcc       0xb0
 *(.dynamic)
 .dynamic       0x0000fbcc       0xb0 /usr/lib/crti.o
                0x0000fbcc                _DYNAMIC

.got            0x0000fc7c       0x14
 *(.got)
 .got           0x0000fc7c       0x14 /usr/lib/crti.o
 *(.igot)
                0x0000fc90                . = DATA_SEGMENT_RELRO_END (., (SIZEOF (.got.plt) >= 0xc)?0xc:0x0)

.got.plt        0x0000fc90      0x174
 *(.got.plt)
 .got.plt       0x0000fc90      0x174 /usr/lib/crti.o
                0x0000fc90                _GLOBAL_OFFSET_TABLE_
 *(.igot.plt)

.data           0x0000fe04       0x28
 *(.data .data.* .gnu.linkonce.d.*)
 .data          0x0000fe04        0x0 /usr/lib/crti.o
 .data          0x0000fe04        0x0 /usr/lib/crtbeginS.o
 .data.rel      0x0000fe04       0x26 /usr/lib/crtbeginS.o
                0x0000fe04                __dso_handle
 *fill*         0x0000fe2a        0x2 
 .data          0x0000fe2c        0x0 libprop_pic.a(prop_kern.pico)
 .data          0x0000fe2c        0x0 libprop_pic.a(prop_ingest.pico)
 .data          0x0000fe2c        0x0 libprop_pic.a(prop_dictionary_util.pico)
 .data          0x0000fe2c        0x0 libprop_pic.a(prop_array_util.pico)
 .data          0x0000fe2c        0x0 libprop_pic.a(prop_string.pico)
 .data          0x0000fe2c        0x0 libprop_pic.a(prop_object.pico)
 .data          0x0000fe2c        0x0 libprop_pic.a(prop_number.pico)
 .data          0x0000fe2c        0x0 libprop_pic.a(prop_dictionary.pico)
 .data          0x0000fe2c        0x0 libprop_pic.a(prop_data.pico)
 .data          0x0000fe2c        0x0 libprop_pic.a(prop_bool.pico)
 .data          0x0000fe2c        0x0 libprop_pic.a(prop_array.pico)
 .data          0x0000fe2c        0x0 libprop_pic.a(prop_stack.pico)
 .data          0x0000fe2c        0x0 /usr/lib/crtendS.o
 .data          0x0000fe2c        0x0 /usr/lib/crtn.o

.data1
 *(.data1)
                0x0000fe2c                _edata = .
                0x0000fe2c                PROVIDE (edata, .)
                0x0000fe2c                . = .
                0x0000fe2c                __bss_start = .

.bss            0x0000fe2c       0x44
 *(.dynbss)
 .dynbss        0x00000000        0x0 /usr/lib/crti.o
 *(.bss .bss.* .gnu.linkonce.b.*)
 .bss           0x0000fe2c        0x0 /usr/lib/crti.o
 .bss           0x0000fe2c        0x0 /usr/lib/crtbeginS.o
 .bss           0x0000fe2c        0x0 libprop_pic.a(prop_kern.pico)
 .bss           0x0000fe2c        0x0 libprop_pic.a(prop_ingest.pico)
 .bss           0x0000fe2c        0x0 libprop_pic.a(prop_dictionary_util.pico)
 .bss           0x0000fe2c        0x0 libprop_pic.a(prop_array_util.pico)
 .bss           0x0000fe2c        0x0 libprop_pic.a(prop_string.pico)
 .bss           0x0000fe2c        0x0 libprop_pic.a(prop_object.pico)
 .bss           0x0000fe2c       0x14 libprop_pic.a(prop_number.pico)
 .bss           0x0000fe40       0x11 libprop_pic.a(prop_dictionary.pico)
 *fill*         0x0000fe51        0x3 
 .bss           0x0000fe54        0x0 libprop_pic.a(prop_data.pico)
 .bss           0x0000fe54       0x1c libprop_pic.a(prop_bool.pico)
 .bss           0x0000fe70        0x0 libprop_pic.a(prop_array.pico)
 .bss           0x0000fe70        0x0 libprop_pic.a(prop_stack.pico)
 .bss           0x0000fe70        0x0 /usr/lib/crtendS.o
 .bss           0x0000fe70        0x0 /usr/lib/crtn.o
 *(COMMON)
                0x0000fe70                . = ALIGN ((. != 0x0)?0x4:0x1)
                0x0000fe70                . = ALIGN (0x4)
                0x0000fe70                . = ALIGN (0x4)
                0x0000fe70                _end = .
                0x0000fe70                PROVIDE (end, .)
                0x0000fe70                . = DATA_SEGMENT_END (.)

.stab
 *(.stab)

.stabstr
 *(.stabstr)

.stab.excl
 *(.stab.excl)

.stab.exclstr
 *(.stab.exclstr)

.stab.index
 *(.stab.index)

.stab.indexstr
 *(.stab.indexstr)

.comment        0x00000000       0x2f
 *(.comment)
 .comment       0x00000000       0x2f libprop_pic.a(prop_kern.pico)
                                 0x30 (size before relaxing)
 .comment       0x00000000       0x30 libprop_pic.a(prop_ingest.pico)
 .comment       0x00000000       0x30 libprop_pic.a(prop_dictionary_util.pico)
 .comment       0x00000000       0x30 libprop_pic.a(prop_array_util.pico)
 .comment       0x00000000       0x30 libprop_pic.a(prop_string.pico)
 .comment       0x00000000       0x30 libprop_pic.a(prop_object.pico)
 .comment       0x00000000       0x30 libprop_pic.a(prop_number.pico)
 .comment       0x00000000       0x30 libprop_pic.a(prop_dictionary.pico)
 .comment       0x00000000       0x30 libprop_pic.a(prop_data.pico)
 .comment       0x00000000       0x30 libprop_pic.a(prop_bool.pico)
 .comment       0x00000000       0x30 libprop_pic.a(prop_array.pico)
 .comment       0x00000000       0x30 libprop_pic.a(prop_stack.pico)

.ident          0x00000000       0xde
 .ident         0x00000000       0x36 /usr/lib/crti.o
 .ident         0x00000036       0x3a /usr/lib/crtbeginS.o
 .ident         0x00000070       0x38 /usr/lib/crtendS.o
 .ident         0x000000a8       0x36 /usr/lib/crtn.o

.debug
 *(.debug)

.line
 *(.line)

.debug_srcinfo
 *(.debug_srcinfo)

.debug_sfnames
 *(.debug_sfnames)

.debug_aranges
 *(.debug_aranges)

.debug_pubnames
 *(.debug_pubnames)

.debug_info
 *(.debug_info .gnu.linkonce.wi.*)

.debug_abbrev
 *(.debug_abbrev)

.debug_line
 *(.debug_line)

.debug_frame
 *(.debug_frame)

.debug_str
 *(.debug_str)

.debug_loc
 *(.debug_loc)

.debug_macinfo
 *(.debug_macinfo)

.debug_weaknames
 *(.debug_weaknames)

.debug_funcnames
 *(.debug_funcnames)

.debug_typenames
 *(.debug_typenames)

.debug_varnames
 *(.debug_varnames)

.debug_pubtypes
 *(.debug_pubtypes)

.debug_ranges
 *(.debug_ranges)

.debug_macro
 *(.debug_macro)

.gnu.attributes
 *(.gnu.attributes)

/DISCARD/
 *(.note.GNU-stack)
 *(.gnu_debuglink)
 *(.gnu.lto_*)
OUTPUT(libprop.so.1.1 elf32-i386-minix)
