Archive member included because of file (symbol)

libbz2_pic.a(bzlib.pico)      (--whole-archive)
libbz2_pic.a(decompress.pico)
                              (--whole-archive)
libbz2_pic.a(compress.pico)   (--whole-archive)
libbz2_pic.a(randtable.pico)  (--whole-archive)
libbz2_pic.a(crctable.pico)   (--whole-archive)
libbz2_pic.a(huffman.pico)    (--whole-archive)
libbz2_pic.a(blocksort.pico)  (--whole-archive)

Discarded input sections

 .note.GNU-stack
                0x00000000        0x0 libbz2_pic.a(bzlib.pico)
 .note.GNU-stack
                0x00000000        0x0 libbz2_pic.a(decompress.pico)
 .note.GNU-stack
                0x00000000        0x0 libbz2_pic.a(compress.pico)
 .note.GNU-stack
                0x00000000        0x0 libbz2_pic.a(randtable.pico)
 .note.GNU-stack
                0x00000000        0x0 libbz2_pic.a(crctable.pico)
 .note.GNU-stack
                0x00000000        0x0 libbz2_pic.a(huffman.pico)
 .note.GNU-stack
                0x00000000        0x0 libbz2_pic.a(blocksort.pico)

Memory Configuration

Name             Origin             Length             Attributes
*default*        0x00000000         0xffffffff

Linker script and memory map

LOAD /usr/lib/crti.o
LOAD /usr/lib/crtbeginS.o
LOAD libbz2_pic.a
LOAD /usr/lib/libc.so
LOAD /usr/lib/crtendS.o
LOAD /usr/lib/crtn.o
                0x000000f4                . = (0x0 + SIZEOF_HEADERS)

.note.gnu.build-id
 *(.note.gnu.build-id)

.hash           0x000000f4      0x198
 *(.hash)
 .hash          0x000000f4      0x198 /usr/lib/crti.o

.gnu.hash
 *(.gnu.hash)

.dynsym         0x0000028c      0x3f0
 *(.dynsym)
 .dynsym        0x0000028c      0x3f0 /usr/lib/crti.o

.dynstr         0x0000067c      0x348
 *(.dynstr)
 .dynstr        0x0000067c      0x348 /usr/lib/crti.o

.gnu.version    0x000009c4        0x0
 *(.gnu.version)
 .gnu.version   0x00000000        0x0 /usr/lib/crti.o

.gnu.version_d  0x000009c4        0x0
 *(.gnu.version_d)
 .gnu.version_d
                0x00000000        0x0 /usr/lib/crti.o

.gnu.version_r  0x000009c4        0x0
 *(.gnu.version_r)
 .gnu.version_r
                0x00000000        0x0 /usr/lib/crti.o

.rel.dyn        0x000009c4       0xc8
 *(.rel.init)
 *(.rel.text .rel.text.* .rel.gnu.linkonce.t.*)
 *(.rel.fini)
 *(.rel.rodata .rel.rodata.* .rel.gnu.linkonce.r.*)
 *(.rel.data.rel.ro .rel.data.rel.ro.* .rel.gnu.linkonce.d.rel.ro.*)
 .rel.data.rel.ro.local
                0x000009c4       0x80 /usr/lib/crti.o
 *(.rel.data .rel.data.* .rel.gnu.linkonce.d.*)
 .rel.data.rel  0x00000a44        0x8 /usr/lib/crti.o
 *(.rel.tdata .rel.tdata.* .rel.gnu.linkonce.td.*)
 *(.rel.tbss .rel.tbss.* .rel.gnu.linkonce.tb.*)
 *(.rel.ctors)
 *(.rel.dtors)
 *(.rel.got)
 .rel.got       0x00000a4c       0x40 /usr/lib/crti.o
 *(.rel.bss .rel.bss.* .rel.gnu.linkonce.b.*)
 *(.rel.ifunc)
 .rel.ifunc     0x00000000        0x0 /usr/lib/crti.o

.rel.plt        0x00000a8c      0x120
 *(.rel.plt)
 .rel.plt       0x00000a8c      0x120 /usr/lib/crti.o
 *(.rel.iplt)

.init           0x00000bb0        0xa
 *(SORT(.init))
 .init          0x00000bb0        0x3 /usr/lib/crti.o
                0x00000bb0                _init
 .init          0x00000bb3        0x5 /usr/lib/crtbeginS.o
 .init          0x00000bb8        0x2 /usr/lib/crtn.o

.plt            0x00000bc0      0x250
 *(.plt)
 .plt           0x00000bc0      0x250 /usr/lib/crti.o
 *(.iplt)

.text           0x00000e10     0xb998
                0x00000e10                PROVIDE (__eprol, .)
 *(.text)
 .text          0x00000e10        0x0 /usr/lib/crti.o
 .text          0x00000e10       0xef /usr/lib/crtbeginS.o
 *fill*         0x00000eff        0x1 
 .text          0x00000f00     0x32b9 libbz2_pic.a(bzlib.pico)
                0x00000f00                BZ2_bz__AssertH__fail
                0x00000f80                BZ2_bzlibVersion
                0x00000fa0                BZ2_bzCompressInit
                0x00001240                BZ2_bzCompress
                0x00001780                BZ2_bzCompressEnd
                0x00001810                BZ2_bzDecompressInit
                0x00001910                BZ2_indexIntoF
                0x00001960                BZ2_bzDecompress
                0x00002a30                BZ2_bzDecompressEnd
                0x00002ad0                BZ2_bzWriteOpen
                0x00002c20                BZ2_bzWrite
                0x00002df0                BZ2_bzWriteClose
                0x00002e50                BZ2_bzWriteClose64
                0x000031a0                BZ2_bzReadOpen
                0x000033e0                BZ2_bzReadClose
                0x000034f0                BZ2_bzRead
                0x00003720                BZ2_bzReadGetUnused
                0x000037b0                BZ2_bzBuffToBuffCompress
                0x000039b0                BZ2_bzBuffToBuffDecompress
                0x00003c10                BZ2_bzopen
                0x00003e80                BZ2_bzdopen
                0x00003ec0                BZ2_bzread
                0x00003f20                BZ2_bzwrite
                0x00003f70                BZ2_bzflush
                0x00003f80                BZ2_bzclose
                0x00004060                BZ2_bzerror
 *fill*         0x000041b9        0x7 
 .text          0x000041c0     0x29a6 libbz2_pic.a(decompress.pico)
                0x000041c0                BZ2_decompress
 *fill*         0x00006b66        0xa 
 .text          0x00006b70     0x33de libbz2_pic.a(compress.pico)
                0x00006b70                BZ2_bsInitWrite
                0x00006b90                BZ2_compressBlock
 *fill*         0x00009f4e        0x2 
 .text          0x00009f50        0x0 libbz2_pic.a(randtable.pico)
 .text          0x00009f50        0x0 libbz2_pic.a(crctable.pico)
 .text          0x00009f50      0x668 libbz2_pic.a(huffman.pico)
                0x00009f50                BZ2_hbMakeCodeLengths
                0x0000a3e0                BZ2_hbAssignCodes
                0x0000a440                BZ2_hbCreateDecodeTables
 *fill*         0x0000a5b8        0x8 
 .text          0x0000a5c0     0x21e5 libbz2_pic.a(blocksort.pico)
                0x0000a5c0                BZ2_blockSort
 *fill*         0x0000c7a5        0x3 
 .text          0x0000c7a8        0x0 /usr/lib/crtendS.o
 .text          0x0000c7a8        0x0 /usr/lib/crtn.o
 *(.text.unlikely .text.*_unlikely)
 *(.text.exit .text.exit.*)
 *(.text.startup .text.startup.*)
 *(.text.hot .text.hot.*)
 *(.stub .text.* .gnu.linkonce.t.*)
 *(.gnu.warning)

.fini           0x0000c7b0        0xa
 *(SORT(.fini))
 .fini          0x0000c7b0        0x3 /usr/lib/crti.o
                0x0000c7b0                _fini
 .fini          0x0000c7b3        0x5 /usr/lib/crtbeginS.o
 .fini          0x0000c7b8        0x2 /usr/lib/crtn.o
                0x0000c7ba                PROVIDE (__etext, .)
                0x0000c7ba                PROVIDE (_etext, .)
                0x0000c7ba                PROVIDE (etext, .)

.rodata         0x0000c7bc      0xa78
 *(.rodata .rodata.* .gnu.linkonce.r.*)
 .rodata        0x0000c7bc       0x30 libbz2_pic.a(bzlib.pico)
 .rodata.str1.1
                0x0000c7ec      0x6b2 libbz2_pic.a(bzlib.pico)
 *fill*         0x0000ce9e        0x2 
 .rodata        0x0000cea0       0xa4 libbz2_pic.a(decompress.pico)
 .rodata.str1.1
                0x0000cf44       0x1b libbz2_pic.a(decompress.pico)
 *fill*         0x0000cf5f        0x1 
 .rodata.cst4   0x0000cf60        0x4 libbz2_pic.a(compress.pico)
 .rodata.str1.1
                0x0000cf64      0x14f libbz2_pic.a(compress.pico)
 .rodata.str1.1
                0x0000d0b3      0x147 libbz2_pic.a(blocksort.pico)
 *fill*         0x0000d1fa        0x2 
 .rodata        0x0000d1fc       0x38 libbz2_pic.a(blocksort.pico)

.rodata1
 *(.rodata1)

.eh_frame_hdr   0x0000d234      0x16c
 *(.eh_frame_hdr)
 .eh_frame_hdr  0x0000d234      0x16c libbz2_pic.a(bzlib.pico)

.eh_frame       0x0000d3a0      0x590
 *(.eh_frame)
 .eh_frame      0x0000d3a0       0x3c /usr/lib/crti.o
                                 0x40 (size before relaxing)
 .eh_frame      0x0000d3dc        0x0 /usr/lib/crtbeginS.o
 .eh_frame      0x0000d3dc      0x3d4 libbz2_pic.a(bzlib.pico)
 .eh_frame      0x0000d7b0       0x20 libbz2_pic.a(decompress.pico)
                                 0x38 (size before relaxing)
 .eh_frame      0x0000d7d0       0x9c libbz2_pic.a(compress.pico)
                                 0xb4 (size before relaxing)
 .eh_frame      0x0000d86c       0x60 libbz2_pic.a(huffman.pico)
                                 0x78 (size before relaxing)
 .eh_frame      0x0000d8cc       0x60 libbz2_pic.a(blocksort.pico)
                                 0x78 (size before relaxing)
 .eh_frame      0x0000d92c        0x4 /usr/lib/crtendS.o

.note.netbsd.ident
                0x0000d930       0x18
 .note.netbsd.ident
                0x0000d930       0x18 /usr/lib/crti.o

.note.netbsd.pax
                0x0000d948       0x14
 .note.netbsd.pax
                0x0000d948       0x14 /usr/lib/crti.o

.gcc_except_table
 *(.gcc_except_table .gcc_except_table.*)

.exception_ranges
 *(.exception_ranges .exception_ranges*)
                0x0000d95c                . = (ALIGN (0x1000) - ((0x1000 - .) & 0xfff))
                0x0000e000                . = DATA_SEGMENT_ALIGN (0x1000, 0x1000)

.eh_frame
 *(.eh_frame)

.gcc_except_table
 *(.gcc_except_table .gcc_except_table.*)

.exception_ranges
 *(.exception_ranges .exception_ranges*)

.tdata
 *(.tdata .tdata.* .gnu.linkonce.td.*)

.tbss
 *(.tbss .tbss.* .gnu.linkonce.tb.*)
 *(.tcommon)

.preinit_array
 *(.preinit_array)

.init_array
 *(SORT(.init_array.*))
 *(.init_array)

.fini_array
 *(SORT(.fini_array.*))
 *(.fini_array)

.ctors          0x0000e000        0x8
 *crtbegin.o(.ctors)
 *crtbegin?.o(.ctors)
 .ctors         0x0000e000        0x4 /usr/lib/crtbeginS.o
 *(EXCLUDE_FILE(*crtend?.o *crtend.o) .ctors)
 *(SORT(.ctors.*))
 *(.ctors)
 .ctors         0x0000e004        0x4 /usr/lib/crtendS.o
                0x0000e004                __CTOR_LIST_END__

.dtors          0x0000e008        0x8
 *crtbegin.o(.dtors)
 *crtbegin?.o(.dtors)
 .dtors         0x0000e008        0x4 /usr/lib/crtbeginS.o
 *(EXCLUDE_FILE(*crtend?.o *crtend.o) .dtors)
 *(SORT(.dtors.*))
 *(.dtors)
 .dtors         0x0000e00c        0x4 /usr/lib/crtendS.o

.jcr            0x0000e010        0x4
 *(.jcr)
 .jcr           0x0000e010        0x0 /usr/lib/crtbeginS.o
 .jcr           0x0000e010        0x4 /usr/lib/crtendS.o

.data.rel.ro    0x0000e014       0x40
 *(.data.rel.ro.local* .gnu.linkonce.d.rel.ro.local.*)
 .data.rel.ro.local
                0x0000e014       0x40 libbz2_pic.a(bzlib.pico)
 *(.data.rel.ro .data.rel.ro.* .gnu.linkonce.d.rel.ro.*)

.dynamic        0x0000e054       0xb0
 *(.dynamic)
 .dynamic       0x0000e054       0xb0 /usr/lib/crti.o
                0x0000e054                _DYNAMIC

.got            0x0000e104       0x20
 *(.got)
 .got           0x0000e104       0x20 /usr/lib/crti.o
 *(.igot)
                0x0000e124                . = DATA_SEGMENT_RELRO_END (., (SIZEOF (.got.plt) >= 0xc)?0xc:0x0)

.got.plt        0x0000e124       0x9c
 *(.got.plt)
 .got.plt       0x0000e124       0x9c /usr/lib/crti.o
                0x0000e124                _GLOBAL_OFFSET_TABLE_
 *(.igot.plt)

.data           0x0000e1c0      0xc28
 *(.data .data.* .gnu.linkonce.d.*)
 .data          0x0000e1c0        0x0 /usr/lib/crti.o
 .data          0x0000e1c0        0x0 /usr/lib/crtbeginS.o
 .data.rel      0x0000e1c0       0x26 /usr/lib/crtbeginS.o
                0x0000e1c0                __dso_handle
 *fill*         0x0000e1e6        0x2 
 .data          0x0000e1e8        0x0 libbz2_pic.a(bzlib.pico)
 .data          0x0000e1e8        0x0 libbz2_pic.a(decompress.pico)
 .data          0x0000e1e8        0x0 libbz2_pic.a(compress.pico)
 .data          0x0000e1e8      0x800 libbz2_pic.a(randtable.pico)
                0x0000e1e8                BZ2_rNums
 .data          0x0000e9e8      0x400 libbz2_pic.a(crctable.pico)
                0x0000e9e8                BZ2_crc32Table
 .data          0x0000ede8        0x0 libbz2_pic.a(huffman.pico)
 .data          0x0000ede8        0x0 libbz2_pic.a(blocksort.pico)
 .data          0x0000ede8        0x0 /usr/lib/crtendS.o
 .data          0x0000ede8        0x0 /usr/lib/crtn.o

.data1
 *(.data1)
                0x0000ede8                _edata = .
                0x0000ede8                PROVIDE (edata, .)
                0x0000ede8                . = .
                0x0000ede8                __bss_start = .

.bss            0x0000ede8        0x0
 *(.dynbss)
 .dynbss        0x00000000        0x0 /usr/lib/crti.o
 *(.bss .bss.* .gnu.linkonce.b.*)
 .bss           0x0000ede8        0x0 /usr/lib/crti.o
 .bss           0x0000ede8        0x0 /usr/lib/crtbeginS.o
 .bss           0x0000ede8        0x0 libbz2_pic.a(bzlib.pico)
 .bss           0x0000ede8        0x0 libbz2_pic.a(decompress.pico)
 .bss           0x0000ede8        0x0 libbz2_pic.a(compress.pico)
 .bss           0x0000ede8        0x0 libbz2_pic.a(randtable.pico)
 .bss           0x0000ede8        0x0 libbz2_pic.a(crctable.pico)
 .bss           0x0000ede8        0x0 libbz2_pic.a(huffman.pico)
 .bss           0x0000ede8        0x0 libbz2_pic.a(blocksort.pico)
 .bss           0x0000ede8        0x0 /usr/lib/crtendS.o
 .bss           0x0000ede8        0x0 /usr/lib/crtn.o
 *(COMMON)
                0x0000ede8                . = ALIGN ((. != 0x0)?0x4:0x1)
                0x0000ede8                . = ALIGN (0x4)
                0x0000ede8                . = ALIGN (0x4)
                0x0000ede8                _end = .
                0x0000ede8                PROVIDE (end, .)
                0x0000ede8                . = DATA_SEGMENT_END (.)

.stab
 *(.stab)

.stabstr
 *(.stabstr)

.stab.excl
 *(.stab.excl)

.stab.exclstr
 *(.stab.exclstr)

.stab.index
 *(.stab.index)

.stab.indexstr
 *(.stab.indexstr)

.comment        0x00000000       0x2f
 *(.comment)
 .comment       0x00000000       0x2f libbz2_pic.a(bzlib.pico)
                                 0x30 (size before relaxing)
 .comment       0x00000000       0x30 libbz2_pic.a(decompress.pico)
 .comment       0x00000000       0x30 libbz2_pic.a(compress.pico)
 .comment       0x00000000       0x30 libbz2_pic.a(randtable.pico)
 .comment       0x00000000       0x30 libbz2_pic.a(crctable.pico)
 .comment       0x00000000       0x30 libbz2_pic.a(huffman.pico)
 .comment       0x00000000       0x30 libbz2_pic.a(blocksort.pico)

.ident          0x00000000       0xde
 .ident         0x00000000       0x36 /usr/lib/crti.o
 .ident         0x00000036       0x3a /usr/lib/crtbeginS.o
 .ident         0x00000070       0x38 /usr/lib/crtendS.o
 .ident         0x000000a8       0x36 /usr/lib/crtn.o

.debug
 *(.debug)

.line
 *(.line)

.debug_srcinfo
 *(.debug_srcinfo)

.debug_sfnames
 *(.debug_sfnames)

.debug_aranges
 *(.debug_aranges)

.debug_pubnames
 *(.debug_pubnames)

.debug_info
 *(.debug_info .gnu.linkonce.wi.*)

.debug_abbrev
 *(.debug_abbrev)

.debug_line
 *(.debug_line)

.debug_frame
 *(.debug_frame)

.debug_str
 *(.debug_str)

.debug_loc
 *(.debug_loc)

.debug_macinfo
 *(.debug_macinfo)

.debug_weaknames
 *(.debug_weaknames)

.debug_funcnames
 *(.debug_funcnames)

.debug_typenames
 *(.debug_typenames)

.debug_varnames
 *(.debug_varnames)

.debug_pubtypes
 *(.debug_pubtypes)

.debug_ranges
 *(.debug_ranges)

.debug_macro
 *(.debug_macro)

.gnu.attributes
 *(.gnu.attributes)

/DISCARD/
 *(.note.GNU-stack)
 *(.gnu_debuglink)
 *(.gnu.lto_*)
OUTPUT(libbz2.so.1.1 elf32-i386-minix)
