Archive member included because of file (symbol)

libmapper_none_pic.a(citrus_mapper_none.pico)
                              (--whole-archive)

Discarded input sections

 .note.GNU-stack
                0x00000000        0x0 libmapper_none_pic.a(citrus_mapper_none.pico)

Memory Configuration

Name             Origin             Length             Attributes
*default*        0x00000000         0xffffffff

Linker script and memory map

LOAD /usr/lib/crti.o
LOAD /usr/lib/crtbeginS.o
LOAD libmapper_none_pic.a
LOAD /usr/lib/libc.so
LOAD /usr/lib/crtendS.o
LOAD /usr/lib/crtn.o
                0x000000f4                . = (0x0 + SIZEOF_HEADERS)

.note.gnu.build-id
 *(.note.gnu.build-id)

.hash           0x000000f4       0x44
 *(.hash)
 .hash          0x000000f4       0x44 /usr/lib/crti.o

.gnu.hash
 *(.gnu.hash)

.dynsym         0x00000138       0xc0
 *(.dynsym)
 .dynsym        0x00000138       0xc0 /usr/lib/crti.o

.dynstr         0x000001f8       0xe4
 *(.dynstr)
 .dynstr        0x000001f8       0xe4 /usr/lib/crti.o

.gnu.version    0x000002dc        0x0
 *(.gnu.version)
 .gnu.version   0x00000000        0x0 /usr/lib/crti.o

.gnu.version_d  0x000002dc        0x0
 *(.gnu.version_d)
 .gnu.version_d
                0x00000000        0x0 /usr/lib/crti.o

.gnu.version_r  0x000002dc        0x0
 *(.gnu.version_r)
 .gnu.version_r
                0x00000000        0x0 /usr/lib/crti.o

.rel.dyn        0x000002dc       0x50
 *(.rel.init)
 *(.rel.text .rel.text.* .rel.gnu.linkonce.t.*)
 *(.rel.fini)
 *(.rel.rodata .rel.rodata.* .rel.gnu.linkonce.r.*)
 *(.rel.data.rel.ro .rel.data.rel.ro.* .rel.gnu.linkonce.d.rel.ro.*)
 *(.rel.data .rel.data.* .rel.gnu.linkonce.d.*)
 .rel.data.rel  0x000002dc        0x8 /usr/lib/crti.o
 .rel.data.rel.local
                0x000002e4       0x20 /usr/lib/crti.o
 *(.rel.tdata .rel.tdata.* .rel.gnu.linkonce.td.*)
 *(.rel.tbss .rel.tbss.* .rel.gnu.linkonce.tb.*)
 *(.rel.ctors)
 *(.rel.dtors)
 *(.rel.got)
 .rel.got       0x00000304       0x28 /usr/lib/crti.o
 *(.rel.bss .rel.bss.* .rel.gnu.linkonce.b.*)
 *(.rel.ifunc)
 .rel.ifunc     0x00000000        0x0 /usr/lib/crti.o

.rel.plt        0x0000032c       0x20
 *(.rel.plt)
 .rel.plt       0x0000032c       0x20 /usr/lib/crti.o
 *(.rel.iplt)

.init           0x00000350        0xa
 *(SORT(.init))
 .init          0x00000350        0x3 /usr/lib/crti.o
                0x00000350                _init
 .init          0x00000353        0x5 /usr/lib/crtbeginS.o
 .init          0x00000358        0x2 /usr/lib/crtn.o

.plt            0x00000360       0x50
 *(.plt)
 .plt           0x00000360       0x50 /usr/lib/crti.o
 *(.iplt)

.text           0x000003b0      0x1ac
                0x000003b0                PROVIDE (__eprol, .)
 *(.text)
 .text          0x000003b0        0x0 /usr/lib/crti.o
 .text          0x000003b0       0xef /usr/lib/crtbeginS.o
 *fill*         0x0000049f        0x1 
 .text          0x000004a0       0xba libmapper_none_pic.a(citrus_mapper_none.pico)
                0x00000510                _citrus_mapper_none_mapper_getops
 *fill*         0x0000055a        0x2 
 .text          0x0000055c        0x0 /usr/lib/crtendS.o
 .text          0x0000055c        0x0 /usr/lib/crtn.o
 *(.text.unlikely .text.*_unlikely)
 *(.text.exit .text.exit.*)
 *(.text.startup .text.startup.*)
 *(.text.hot .text.hot.*)
 *(.stub .text.* .gnu.linkonce.t.*)
 *(.gnu.warning)

.fini           0x00000560        0xa
 *(SORT(.fini))
 .fini          0x00000560        0x3 /usr/lib/crti.o
                0x00000560                _fini
 .fini          0x00000563        0x5 /usr/lib/crtbeginS.o
 .fini          0x00000568        0x2 /usr/lib/crtn.o
                0x0000056a                PROVIDE (__etext, .)
                0x0000056a                PROVIDE (_etext, .)
                0x0000056a                PROVIDE (etext, .)

.rodata
 *(.rodata .rodata.* .gnu.linkonce.r.*)

.note.netbsd.ident
                0x0000056c       0x18
 .note.netbsd.ident
                0x0000056c       0x18 /usr/lib/crti.o

.note.netbsd.pax
                0x00000584       0x14
 .note.netbsd.pax
                0x00000584       0x14 /usr/lib/crti.o

.rodata1
 *(.rodata1)

.eh_frame_hdr   0x00000598       0x3c
 *(.eh_frame_hdr)
 .eh_frame_hdr  0x00000598       0x3c libmapper_none_pic.a(citrus_mapper_none.pico)

.eh_frame       0x000005d4       0xe4
 *(.eh_frame)
 .eh_frame      0x000005d4       0x3c /usr/lib/crti.o
                                 0x40 (size before relaxing)
 .eh_frame      0x00000610        0x0 /usr/lib/crtbeginS.o
 .eh_frame      0x00000610       0xa4 libmapper_none_pic.a(citrus_mapper_none.pico)
 .eh_frame      0x000006b4        0x4 /usr/lib/crtendS.o

.gcc_except_table
 *(.gcc_except_table .gcc_except_table.*)

.exception_ranges
 *(.exception_ranges .exception_ranges*)
                0x000006b8                . = (ALIGN (0x1000) - ((0x1000 - .) & 0xfff))
                0x000016b8                . = DATA_SEGMENT_ALIGN (0x1000, 0x1000)

.eh_frame
 *(.eh_frame)

.gcc_except_table
 *(.gcc_except_table .gcc_except_table.*)

.exception_ranges
 *(.exception_ranges .exception_ranges*)

.tdata
 *(.tdata .tdata.* .gnu.linkonce.td.*)

.tbss
 *(.tbss .tbss.* .gnu.linkonce.tb.*)
 *(.tcommon)

.preinit_array
 *(.preinit_array)

.init_array
 *(SORT(.init_array.*))
 *(.init_array)

.fini_array
 *(SORT(.fini_array.*))
 *(.fini_array)

.ctors          0x000016b8        0x8
 *crtbegin.o(.ctors)
 *crtbegin?.o(.ctors)
 .ctors         0x000016b8        0x4 /usr/lib/crtbeginS.o
 *(EXCLUDE_FILE(*crtend?.o *crtend.o) .ctors)
 *(SORT(.ctors.*))
 *(.ctors)
 .ctors         0x000016bc        0x4 /usr/lib/crtendS.o
                0x000016bc                __CTOR_LIST_END__

.dtors          0x000016c0        0x8
 *crtbegin.o(.dtors)
 *crtbegin?.o(.dtors)
 .dtors         0x000016c0        0x4 /usr/lib/crtbeginS.o
 *(EXCLUDE_FILE(*crtend?.o *crtend.o) .dtors)
 *(SORT(.dtors.*))
 *(.dtors)
 .dtors         0x000016c4        0x4 /usr/lib/crtendS.o

.jcr            0x000016c8        0x4
 *(.jcr)
 .jcr           0x000016c8        0x0 /usr/lib/crtbeginS.o
 .jcr           0x000016c8        0x4 /usr/lib/crtendS.o

.data.rel.ro
 *(.data.rel.ro.local* .gnu.linkonce.d.rel.ro.local.*)
 *(.data.rel.ro .data.rel.ro.* .gnu.linkonce.d.rel.ro.*)

.dynamic        0x000016cc       0xb8
 *(.dynamic)
 .dynamic       0x000016cc       0xb8 /usr/lib/crti.o
                0x000016cc                _DYNAMIC

.got            0x00001784       0x14
 *(.got)
 .got           0x00001784       0x14 /usr/lib/crti.o
 *(.igot)
                0x00001798                . = DATA_SEGMENT_RELRO_END (., (SIZEOF (.got.plt) >= 0xc)?0xc:0x0)

.got.plt        0x00001798       0x1c
 *(.got.plt)
 .got.plt       0x00001798       0x1c /usr/lib/crti.o
                0x00001798                _GLOBAL_OFFSET_TABLE_
 *(.igot.plt)

.data           0x000017b4       0x3c
 *(.data .data.* .gnu.linkonce.d.*)
 .data          0x000017b4        0x0 /usr/lib/crti.o
 .data          0x000017b4        0x0 /usr/lib/crtbeginS.o
 .data.rel      0x000017b4       0x26 /usr/lib/crtbeginS.o
                0x000017b4                __dso_handle
 *fill*         0x000017da        0x2 
 .data          0x000017dc        0x0 libmapper_none_pic.a(citrus_mapper_none.pico)
 .data.rel.local
                0x000017dc       0x14 libmapper_none_pic.a(citrus_mapper_none.pico)
                0x000017dc                _citrus_mapper_none_mapper_ops
 .data          0x000017f0        0x0 /usr/lib/crtendS.o
 .data          0x000017f0        0x0 /usr/lib/crtn.o

.data1
 *(.data1)
                0x000017f0                _edata = .
                0x000017f0                PROVIDE (edata, .)
                0x000017f0                . = .
                0x000017f0                __bss_start = .

.bss            0x000017f0        0x0
 *(.dynbss)
 .dynbss        0x00000000        0x0 /usr/lib/crti.o
 *(.bss .bss.* .gnu.linkonce.b.*)
 .bss           0x000017f0        0x0 /usr/lib/crti.o
 .bss           0x000017f0        0x0 /usr/lib/crtbeginS.o
 .bss           0x000017f0        0x0 libmapper_none_pic.a(citrus_mapper_none.pico)
 .bss           0x000017f0        0x0 /usr/lib/crtendS.o
 .bss           0x000017f0        0x0 /usr/lib/crtn.o
 *(COMMON)
                0x000017f0                . = ALIGN ((. != 0x0)?0x4:0x1)
                0x000017f0                . = ALIGN (0x4)
                0x000017f0                . = ALIGN (0x4)
                0x000017f0                _end = .
                0x000017f0                PROVIDE (end, .)
                0x000017f0                . = DATA_SEGMENT_END (.)

.stab
 *(.stab)

.stabstr
 *(.stabstr)

.stab.excl
 *(.stab.excl)

.stab.exclstr
 *(.stab.exclstr)

.stab.index
 *(.stab.index)

.stab.indexstr
 *(.stab.indexstr)

.comment        0x00000000       0x2f
 *(.comment)
 .comment       0x00000000       0x2f libmapper_none_pic.a(citrus_mapper_none.pico)
                                 0x30 (size before relaxing)

.ident          0x00000000      0x125
 .ident         0x00000000       0x36 /usr/lib/crti.o
 .ident         0x00000036       0x3a /usr/lib/crtbeginS.o
 .ident         0x00000070       0x47 libmapper_none_pic.a(citrus_mapper_none.pico)
 .ident         0x000000b7       0x38 /usr/lib/crtendS.o
 .ident         0x000000ef       0x36 /usr/lib/crtn.o

.debug
 *(.debug)

.line
 *(.line)

.debug_srcinfo
 *(.debug_srcinfo)

.debug_sfnames
 *(.debug_sfnames)

.debug_aranges
 *(.debug_aranges)

.debug_pubnames
 *(.debug_pubnames)

.debug_info
 *(.debug_info .gnu.linkonce.wi.*)

.debug_abbrev
 *(.debug_abbrev)

.debug_line
 *(.debug_line)

.debug_frame
 *(.debug_frame)

.debug_str
 *(.debug_str)

.debug_loc
 *(.debug_loc)

.debug_macinfo
 *(.debug_macinfo)

.debug_weaknames
 *(.debug_weaknames)

.debug_funcnames
 *(.debug_funcnames)

.debug_typenames
 *(.debug_typenames)

.debug_varnames
 *(.debug_varnames)

.debug_pubtypes
 *(.debug_pubtypes)

.debug_ranges
 *(.debug_ranges)

.debug_macro
 *(.debug_macro)

.gnu.attributes
 *(.gnu.attributes)

/DISCARD/
 *(.note.GNU-stack)
 *(.gnu_debuglink)
 *(.gnu.lto_*)
OUTPUT(libmapper_none.so.5.0 elf32-i386-minix)
